Archive member included to satisfy reference by file (symbol)

/home/zhonx/.opt/AC6/plugins/fr.ac6.mcu.externaltools.arm-none.linux64_1.17.0.201812190825/tools/compiler/bin/../lib/gcc/arm-none-eabi/7.3.1/thumb/v7e-m/fpv5/hard/libgcc.a(_aeabi_uldivmod.o)
                              Drivers/STM32H7xx_HAL_Driver/Src/stm32h7xx_hal_uart.o (__aeabi_uldivmod)
/home/zhonx/.opt/AC6/plugins/fr.ac6.mcu.externaltools.arm-none.linux64_1.17.0.201812190825/tools/compiler/bin/../lib/gcc/arm-none-eabi/7.3.1/thumb/v7e-m/fpv5/hard/libgcc.a(_udivmoddi4.o)
                              /home/zhonx/.opt/AC6/plugins/fr.ac6.mcu.externaltools.arm-none.linux64_1.17.0.201812190825/tools/compiler/bin/../lib/gcc/arm-none-eabi/7.3.1/thumb/v7e-m/fpv5/hard/libgcc.a(_aeabi_uldivmod.o) (__udivmoddi4)
/home/zhonx/.opt/AC6/plugins/fr.ac6.mcu.externaltools.arm-none.linux64_1.17.0.201812190825/tools/compiler/bin/../lib/gcc/arm-none-eabi/7.3.1/thumb/v7e-m/fpv5/hard/libgcc.a(_dvmd_tls.o)
                              /home/zhonx/.opt/AC6/plugins/fr.ac6.mcu.externaltools.arm-none.linux64_1.17.0.201812190825/tools/compiler/bin/../lib/gcc/arm-none-eabi/7.3.1/thumb/v7e-m/fpv5/hard/libgcc.a(_aeabi_uldivmod.o) (__aeabi_ldiv0)
/home/zhonx/.opt/AC6/plugins/fr.ac6.mcu.externaltools.arm-none.linux64_1.17.0.201812190825/tools/compiler/bin/../lib/gcc/arm-none-eabi/7.3.1/../../../../arm-none-eabi/lib/thumb/v7e-m/fpv5/hard/libc_nano.a(lib_a-errno.o)
                              Core/Src/syscalls.o (__errno)
/home/zhonx/.opt/AC6/plugins/fr.ac6.mcu.externaltools.arm-none.linux64_1.17.0.201812190825/tools/compiler/bin/../lib/gcc/arm-none-eabi/7.3.1/../../../../arm-none-eabi/lib/thumb/v7e-m/fpv5/hard/libc_nano.a(lib_a-exit.o)
                              /home/zhonx/.opt/AC6/plugins/fr.ac6.mcu.externaltools.arm-none.linux64_1.17.0.201812190825/tools/compiler/bin/../lib/gcc/arm-none-eabi/7.3.1/../../../../arm-none-eabi/lib/thumb/v7e-m/fpv5/hard/crt0.o (exit)
/home/zhonx/.opt/AC6/plugins/fr.ac6.mcu.externaltools.arm-none.linux64_1.17.0.201812190825/tools/compiler/bin/../lib/gcc/arm-none-eabi/7.3.1/../../../../arm-none-eabi/lib/thumb/v7e-m/fpv5/hard/libc_nano.a(lib_a-impure.o)
                              /home/zhonx/.opt/AC6/plugins/fr.ac6.mcu.externaltools.arm-none.linux64_1.17.0.201812190825/tools/compiler/bin/../lib/gcc/arm-none-eabi/7.3.1/../../../../arm-none-eabi/lib/thumb/v7e-m/fpv5/hard/libc_nano.a(lib_a-exit.o) (_global_impure_ptr)
/home/zhonx/.opt/AC6/plugins/fr.ac6.mcu.externaltools.arm-none.linux64_1.17.0.201812190825/tools/compiler/bin/../lib/gcc/arm-none-eabi/7.3.1/../../../../arm-none-eabi/lib/thumb/v7e-m/fpv5/hard/libc_nano.a(lib_a-init.o)
                              /home/zhonx/.opt/AC6/plugins/fr.ac6.mcu.externaltools.arm-none.linux64_1.17.0.201812190825/tools/compiler/bin/../lib/gcc/arm-none-eabi/7.3.1/../../../../arm-none-eabi/lib/thumb/v7e-m/fpv5/hard/crt0.o (__libc_init_array)
/home/zhonx/.opt/AC6/plugins/fr.ac6.mcu.externaltools.arm-none.linux64_1.17.0.201812190825/tools/compiler/bin/../lib/gcc/arm-none-eabi/7.3.1/../../../../arm-none-eabi/lib/thumb/v7e-m/fpv5/hard/libc_nano.a(lib_a-memset.o)
                              /home/zhonx/.opt/AC6/plugins/fr.ac6.mcu.externaltools.arm-none.linux64_1.17.0.201812190825/tools/compiler/bin/../lib/gcc/arm-none-eabi/7.3.1/../../../../arm-none-eabi/lib/thumb/v7e-m/fpv5/hard/crt0.o (memset)
/home/zhonx/.opt/AC6/plugins/fr.ac6.mcu.externaltools.arm-none.linux64_1.17.0.201812190825/tools/compiler/bin/../lib/gcc/arm-none-eabi/7.3.1/../../../../arm-none-eabi/lib/thumb/v7e-m/fpv5/hard/libc_nano.a(lib_a-printf.o)
                              Core/Src/main.o (printf)
/home/zhonx/.opt/AC6/plugins/fr.ac6.mcu.externaltools.arm-none.linux64_1.17.0.201812190825/tools/compiler/bin/../lib/gcc/arm-none-eabi/7.3.1/../../../../arm-none-eabi/lib/thumb/v7e-m/fpv5/hard/libc_nano.a(lib_a-findfp.o)
                              /home/zhonx/.opt/AC6/plugins/fr.ac6.mcu.externaltools.arm-none.linux64_1.17.0.201812190825/tools/compiler/bin/../lib/gcc/arm-none-eabi/7.3.1/../../../../arm-none-eabi/lib/thumb/v7e-m/fpv5/hard/libc_nano.a(lib_a-printf.o) (__sinit)
/home/zhonx/.opt/AC6/plugins/fr.ac6.mcu.externaltools.arm-none.linux64_1.17.0.201812190825/tools/compiler/bin/../lib/gcc/arm-none-eabi/7.3.1/../../../../arm-none-eabi/lib/thumb/v7e-m/fpv5/hard/libc_nano.a(lib_a-fwalk.o)
                              /home/zhonx/.opt/AC6/plugins/fr.ac6.mcu.externaltools.arm-none.linux64_1.17.0.201812190825/tools/compiler/bin/../lib/gcc/arm-none-eabi/7.3.1/../../../../arm-none-eabi/lib/thumb/v7e-m/fpv5/hard/libc_nano.a(lib_a-findfp.o) (_fwalk)
/home/zhonx/.opt/AC6/plugins/fr.ac6.mcu.externaltools.arm-none.linux64_1.17.0.201812190825/tools/compiler/bin/../lib/gcc/arm-none-eabi/7.3.1/../../../../arm-none-eabi/lib/thumb/v7e-m/fpv5/hard/libc_nano.a(lib_a-nano-mallocr.o)
[...]
Memory Configuration

Name             Origin             Length             Attributes
DTCMRAM          0x0000000020000000 0x0000000000020000 xrw
RAM_D1           0x0000000024000000 0x0000000000080000 xrw
RAM_D2           0x0000000030000000 0x0000000000048000 xrw
RAM_D3           0x0000000038000000 0x0000000000010000 xrw
ITCMRAM          0x0000000000000000 0x0000000000010000 xrw
FLASH            0x0000000008000000 0x0000000000200000 xr
*default*        0x0000000000000000 0xffffffffffffffff

Linker script and memory map

LOAD /home/zhonx/.opt/AC6/plugins/fr.ac6.mcu.externaltools.arm-none.linux64_1.17.0.201812190825/tools/compiler/bin/../lib/gcc/arm-none-eabi/7.3.1/thumb/v7e-m/fpv5/hard/crti.o
LOAD /home/zhonx/.opt/AC6/plugins/fr.ac6.mcu.externaltools.arm-none.linux64_1.17.0.201812190825/tools/compiler/bin/../lib/gcc/arm-none-eabi/7.3.1/thumb/v7e-m/fpv5/hard/crtbegin.o
LOAD /home/zhonx/.opt/AC6/plugins/fr.ac6.mcu.externaltools.arm-none.linux64_1.17.0.201812190825/tools/compiler/bin/../lib/gcc/arm-none-eabi/7.3.1/../../../../arm-none-eabi/lib/thumb/v7e-m/fpv5/hard/crt0.o
LOAD Core/Src/adc.o
LOAD Core/Src/debug.o
LOAD Core/Src/dma.o
LOAD Core/Src/gpio.o
LOAD Core/Src/main.o
LOAD Core/Src/spi.o
LOAD Core/Src/stm32h7xx_hal_msp.o
LOAD Core/Src/stm32h7xx_it.o
LOAD Core/Src/syscalls.o
LOAD Core/Src/system_stm32h7xx.o
LOAD Core/Src/tim.o
LOAD Core/Src/usart.o
LOAD Drivers/STM32H7xx_HAL_Driver/Src/stm32h7xx_hal.o
LOAD Drivers/STM32H7xx_HAL_Driver/Src/stm32h7xx_hal_adc.o
LOAD Drivers/STM32H7xx_HAL_Driver/Src/stm32h7xx_hal_adc_ex.o
LOAD Drivers/STM32H7xx_HAL_Driver/Src/stm32h7xx_hal_cortex.o
LOAD Drivers/STM32H7xx_HAL_Driver/Src/stm32h7xx_hal_dma.o
LOAD Drivers/STM32H7xx_HAL_Driver/Src/stm32h7xx_hal_dma_ex.o
LOAD Drivers/STM32H7xx_HAL_Driver/Src/stm32h7xx_hal_flash.o
LOAD Drivers/STM32H7xx_HAL_Driver/Src/stm32h7xx_hal_flash_ex.o
LOAD Drivers/STM32H7xx_HAL_Driver/Src/stm32h7xx_hal_gpio.o
LOAD Drivers/STM32H7xx_HAL_Driver/Src/stm32h7xx_hal_hsem.o
LOAD Drivers/STM32H7xx_HAL_Driver/Src/stm32h7xx_hal_i2c.o
LOAD Drivers/STM32H7xx_HAL_Driver/Src/stm32h7xx_hal_i2c_ex.o
LOAD Drivers/STM32H7xx_HAL_Driver/Src/stm32h7xx_hal_mdma.o
LOAD Drivers/STM32H7xx_HAL_Driver/Src/stm32h7xx_hal_pwr.o
LOAD Drivers/STM32H7xx_HAL_Driver/Src/stm32h7xx_hal_pwr_ex.o
LOAD Drivers/STM32H7xx_HAL_Driver/Src/stm32h7xx_hal_rcc.o
LOAD Drivers/STM32H7xx_HAL_Driver/Src/stm32h7xx_hal_rcc_ex.o
LOAD Drivers/STM32H7xx_HAL_Driver/Src/stm32h7xx_hal_spi.o
LOAD Drivers/STM32H7xx_HAL_Driver/Src/stm32h7xx_hal_spi_ex.o
LOAD Drivers/STM32H7xx_HAL_Driver/Src/stm32h7xx_hal_tim.o
LOAD Drivers/STM32H7xx_HAL_Driver/Src/stm32h7xx_hal_tim_ex.o
LOAD Drivers/STM32H7xx_HAL_Driver/Src/stm32h7xx_hal_uart.o
LOAD Drivers/STM32H7xx_HAL_Driver/Src/stm32h7xx_hal_uart_ex.o
LOAD Drivers/STM32H7xx_LL_Driver/Src/stm32h7xx_ll_gpio.o
LOAD Peripheral/Src/aesm-4096.o
LOAD Peripheral/Src/bldc.o
LOAD Peripheral/Src/times_base.o
LOAD startup/startup_stm32h743xx.o
LOAD /home/zhonx/.opt/AC6/plugins/fr.ac6.mcu.externaltools.arm-none.linux64_1.17.0.201812190825/tools/compiler/bin/../lib/gcc/arm-none-eabi/7.3.1/../../../../arm-none-eabi/lib/thumb/v7e-m/fpv5/hard/libm.a
START GROUP
LOAD /home/zhonx/.opt/AC6/plugins/fr.ac6.mcu.externaltools.arm-none.linux64_1.17.0.201812190825/tools/compiler/bin/../lib/gcc/arm-none-eabi/7.3.1/thumb/v7e-m/fpv5/hard/libgcc.a
LOAD /home/zhonx/.opt/AC6/plugins/fr.ac6.mcu.externaltools.arm-none.linux64_1.17.0.201812190825/tools/compiler/bin/../lib/gcc/arm-none-eabi/7.3.1/../../../../arm-none-eabi/lib/thumb/v7e-m/fpv5/hard/libc_nano.a
END GROUP
START GROUP
LOAD /home/zhonx/.opt/AC6/plugins/fr.ac6.mcu.externaltools.arm-none.linux64_1.17.0.201812190825/tools/compiler/bin/../lib/gcc/arm-none-eabi/7.3.1/thumb/v7e-m/fpv5/hard/libgcc.a
LOAD /home/zhonx/.opt/AC6/plugins/fr.ac6.mcu.externaltools.arm-none.linux64_1.17.0.201812190825/tools/compiler/bin/../lib/gcc/arm-none-eabi/7.3.1/../../../../arm-none-eabi/lib/thumb/v7e-m/fpv5/hard/libc_nano.a
LOAD /home/zhonx/.opt/AC6/plugins/fr.ac6.mcu.externaltools.arm-none.linux64_1.17.0.201812190825/tools/compiler/bin/../lib/gcc/arm-none-eabi/7.3.1/../../../../arm-none-eabi/lib/thumb/v7e-m/fpv5/hard/libnosys.a
END GROUP
START GROUP
LOAD /home/zhonx/.opt/AC6/plugins/fr.ac6.mcu.externaltools.arm-none.linux64_1.17.0.201812190825/tools/compiler/bin/../lib/gcc/arm-none-eabi/7.3.1/thumb/v7e-m/fpv5/hard/libgcc.a
LOAD /home/zhonx/.opt/AC6/plugins/fr.ac6.mcu.externaltools.arm-none.linux64_1.17.0.201812190825/tools/compiler/bin/../lib/gcc/arm-none-eabi/7.3.1/../../../../arm-none-eabi/lib/thumb/v7e-m/fpv5/hard/libc_nano.a
LOAD /home/zhonx/.opt/AC6/plugins/fr.ac6.mcu.externaltools.arm-none.linux64_1.17.0.201812190825/tools/compiler/bin/../lib/gcc/arm-none-eabi/7.3.1/../../../../arm-none-eabi/lib/thumb/v7e-m/fpv5/hard/libnosys.a
END GROUP
LOAD /home/zhonx/.opt/AC6/plugins/fr.ac6.mcu.externaltools.arm-none.linux64_1.17.0.201812190825/tools/compiler/bin/../lib/gcc/arm-none-eabi/7.3.1/thumb/v7e-m/fpv5/hard/crtend.o
LOAD /home/zhonx/.opt/AC6/plugins/fr.ac6.mcu.externaltools.arm-none.linux64_1.17.0.201812190825/tools/compiler/bin/../lib/gcc/arm-none-eabi/7.3.1/thumb/v7e-m/fpv5/hard/crtn.o
                0x0000000020020000                _estack = 0x20020000
                0x0000000000000200                _Min_Heap_Size = 0x200
                0x0000000000000400                _Min_Stack_Size = 0x400

.isr_vector     0x0000000008000000      0x298
                0x0000000008000000                . = ALIGN (0x4)
 *(.isr_vector)
 .isr_vector    0x0000000008000000      0x298 startup/startup_stm32h743xx.o
                0x0000000008000000                g_pfnVectors
                0x0000000008000298                . = ALIGN (0x4)

.text           0x00000000080002a0     0xc1dc
                0x00000000080002a0                . = ALIGN (0x4)
 *(.text)
 .text          0x00000000080002a0       0x40 /home/zhonx/.opt/AC6/plugins/fr.ac6.mcu.externaltools.arm-none.linux64_1.17.0.201812190825/tools/compiler/bin/../lib/gcc/arm-none-eabi/7.3.1/thumb/v7e-m/fpv5/hard/crtbegin.o
 .text          0x00000000080002e0       0x30 /home/zhonx/.opt/AC6/plugins/fr.ac6.mcu.externaltools.arm-none.linux64_1.17.0.201812190825/tools/compiler/bin/../lib/gcc/arm-none-eabi/7.3.1/thumb/v7e-m/fpv5/hard/libgcc.a(_aeabi_uldivmod.o)
                0x00000000080002e0                __aeabi_uldivmod
 .text          0x0000000008000310      0x2cc /home/zhonx/.opt/AC6/plugins/fr.ac6.mcu.externaltools.arm-none.linux64_1.17.0.201812190825/tools/compiler/bin/../lib/gcc/arm-none-eabi/7.3.1/thumb/v7e-m/fpv5/hard/libgcc.a(_udivmoddi4.o)
                0x0000000008000310                __udivmoddi4
 .text          0x00000000080005dc        0x4 /home/zhonx/.opt/AC6/plugins/fr.ac6.mcu.externaltools.arm-none.linux64_1.17.0.201812190825/tools/compiler/bin/../lib/gcc/arm-none-eabi/7.3.1/thumb/v7e-m/fpv5/hard/libgcc.a(_dvmd_tls.o)
                0x00000000080005dc                __aeabi_ldiv0
                0x00000000080005dc                __aeabi_idiv0
 .text          0x00000000080005e0       0xa0 /home/zhonx/.opt/AC6/plugins/fr.ac6.mcu.externaltools.arm-none.linux64_1.17.0.201812190825/tools/compiler/bin/../lib/gcc/arm-none-eabi/7.3.1/../../../../arm-none-eabi/lib/thumb/v7e-m/fpv5/hard/libc_nano.a(lib_a-memchr.o)
                0x00000000080005e0                memchr
 *(.text*)
 .text.MX_ADC1_Init
                0x0000000008000680       0xa0 Core/Src/adc.o
                0x0000000008000680                MX_ADC1_Init
 .text.HAL_ADC_MspInit
                0x0000000008000720       0x9c Core/Src/adc.o
                0x0000000008000720                HAL_ADC_MspInit
 .text.MX_DMA_Init
                0x00000000080007bc       0x38 Core/Src/dma.o
                0x00000000080007bc                MX_DMA_Init
 .text.MX_GPIO_Init
                0x00000000080007f4      0x260 Core/Src/gpio.o
                0x00000000080007f4                MX_GPIO_Init
 .text.SystemClock_Config
                0x0000000008000a54       0xfc Core/Src/main.o
                0x0000000008000a54                SystemClock_Config
 .text.main     0x0000000008000b50       0xe4 Core/Src/main.o
                0x0000000008000b50                main
 .text.Error_Handler
                0x0000000008000c34        0x2 Core/Src/main.o
                0x0000000008000c34                Error_Handler
 .text.assert_failed
                0x0000000008000c36        0x2 Core/Src/main.o
                0x0000000008000c36                assert_failed
 .text.MX_SPI1_Init
                0x0000000008000c38       0x60 Core/Src/spi.o
                0x0000000008000c38                MX_SPI1_Init
 .text.HAL_SPI_MspInit
                0x0000000008000c98       0xd0 Core/Src/spi.o
                0x0000000008000c98                HAL_SPI_MspInit
 .text.HAL_MspInit
                0x0000000008000d68       0x24 Core/Src/stm32h7xx_hal_msp.o
                0x0000000008000d68                HAL_MspInit
 .text.NMI_Handler
                0x0000000008000d8c        0x2 Core/Src/stm32h7xx_it.o
                0x0000000008000d8c                NMI_Handler
 .text.HardFault_Handler
                0x0000000008000d8e        0x2 Core/Src/stm32h7xx_it.o
                0x0000000008000d8e                HardFault_Handler
 .text.MemManage_Handler
                0x0000000008000d90        0x2 Core/Src/stm32h7xx_it.o
                0x0000000008000d90                MemManage_Handler
 .text.BusFault_Handler
                0x0000000008000d92        0x2 Core/Src/stm32h7xx_it.o
                0x0000000008000d92                BusFault_Handler
 .text.UsageFault_Handler
                0x0000000008000d94        0x2 Core/Src/stm32h7xx_it.o
                0x0000000008000d94                UsageFault_Handler
 .text.SVC_Handler
                0x0000000008000d96        0x2 Core/Src/stm32h7xx_it.o
                0x0000000008000d96                SVC_Handler
 .text.DebugMon_Handler
                0x0000000008000d98        0x2 Core/Src/stm32h7xx_it.o
                0x0000000008000d98                DebugMon_Handler
 .text.PendSV_Handler
                0x0000000008000d9a        0x2 Core/Src/stm32h7xx_it.o
                0x0000000008000d9a                PendSV_Handler
 .text.SysTick_Handler
                0x0000000008000d9c        0x8 Core/Src/stm32h7xx_it.o
                0x0000000008000d9c                SysTick_Handler
 .text.DMA1_Stream0_IRQHandler
                0x0000000008000da4       0x10 Core/Src/stm32h7xx_it.o
                0x0000000008000da4                DMA1_Stream0_IRQHandler
 .text.TIM1_BRK_IRQHandler
                0x0000000008000db4       0x10 Core/Src/stm32h7xx_it.o
                0x0000000008000db4                TIM1_BRK_IRQHandler
 .text.TIM1_TRG_COM_IRQHandler
                0x0000000008000dc4       0x10 Core/Src/stm32h7xx_it.o
                0x0000000008000dc4                TIM1_TRG_COM_IRQHandler
 .text.TIM2_IRQHandler
                0x0000000008000dd4       0x10 Core/Src/stm32h7xx_it.o
                0x0000000008000dd4                TIM2_IRQHandler
 .text.SPI1_IRQHandler
                0x0000000008000de4       0x10 Core/Src/stm32h7xx_it.o
                0x0000000008000de4                SPI1_IRQHandler
 .text.EXTI15_10_IRQHandler
                0x0000000008000df4        0xc Core/Src/stm32h7xx_it.o
                0x0000000008000df4                EXTI15_10_IRQHandler
 .text.TIM6_DAC_IRQHandler
                0x0000000008000e00       0x10 Core/Src/stm32h7xx_it.o
                0x0000000008000e00                TIM6_DAC_IRQHandler
 .text._read    0x0000000008000e10       0x1c Core/Src/syscalls.o
                0x0000000008000e10                _read
 .text._write   0x0000000008000e2c       0x1c Core/Src/syscalls.o
                0x0000000008000e2c                _write
 .text._sbrk    0x0000000008000e48       0x3c Core/Src/syscalls.o
                0x0000000008000e48                _sbrk
 .text._close   0x0000000008000e84        0x6 Core/Src/syscalls.o
                0x0000000008000e84                _close
 .text._fstat   0x0000000008000e8a        0xa Core/Src/syscalls.o
                0x0000000008000e8a                _fstat
 .text._isatty  0x0000000008000e94        0x4 Core/Src/syscalls.o
                0x0000000008000e94                _isatty
 .text._lseek   0x0000000008000e98        0x4 Core/Src/syscalls.o
                0x0000000008000e98                _lseek
 .text.SystemInit
                0x0000000008000e9c       0x7c Core/Src/system_stm32h7xx.o
                0x0000000008000e9c                SystemInit
 .text.MX_TIM2_Init
                0x0000000008000f18       0x98 Core/Src/tim.o
                0x0000000008000f18                MX_TIM2_Init
 .text.MX_TIM6_Init
                0x0000000008000fb0       0x50 Core/Src/tim.o
                0x0000000008000fb0                MX_TIM6_Init
 .text.HAL_TIM_OC_MspInit
                0x0000000008001000       0x58 Core/Src/tim.o
                0x0000000008001000                HAL_TIM_OC_MspInit
 .text.HAL_TIM_Base_MspInit
                0x0000000008001058       0xec Core/Src/tim.o
                0x0000000008001058                HAL_TIM_Base_MspInit
 .text.HAL_TIM_MspPostInit
                0x0000000008001144       0x94 Core/Src/tim.o
                0x0000000008001144                HAL_TIM_MspPostInit
 .text.MX_TIM1_Init
                0x00000000080011d8      0x108 Core/Src/tim.o
                0x00000000080011d8                MX_TIM1_Init
 .text.MX_USART3_UART_Init
                0x00000000080012e0       0x6c Core/Src/usart.o
                0x00000000080012e0                MX_USART3_UART_Init
 .text.HAL_UART_MspInit
                0x000000000800134c       0x74 Core/Src/usart.o
                0x000000000800134c                HAL_UART_MspInit
 .text.__io_putchar
                0x00000000080013c0       0x24 Core/Src/usart.o
                0x00000000080013c0                __io_putchar
 .text.HAL_InitTick
                0x00000000080013e4       0x4c Drivers/STM32H7xx_HAL_Driver/Src/stm32h7xx_hal.o
                0x00000000080013e4                HAL_InitTick
 .text.HAL_Init
                0x0000000008001430       0x5c Drivers/STM32H7xx_HAL_Driver/Src/stm32h7xx_hal.o
                0x0000000008001430                HAL_Init
 .text.HAL_IncTick
                0x000000000800148c       0x18 Drivers/STM32H7xx_HAL_Driver/Src/stm32h7xx_hal.o
                0x000000000800148c                HAL_IncTick
 .text.HAL_GetTick
                0x00000000080014a4        0xc Drivers/STM32H7xx_HAL_Driver/Src/stm32h7xx_hal.o
                0x00000000080014a4                HAL_GetTick
 .text.HAL_Delay
                0x00000000080014b0       0x28 Drivers/STM32H7xx_HAL_Driver/Src/stm32h7xx_hal.o
                0x00000000080014b0                HAL_Delay
 .text.HAL_GetREVID
                0x00000000080014d8        0xc Drivers/STM32H7xx_HAL_Driver/Src/stm32h7xx_hal.o
                0x00000000080014d8                HAL_GetREVID
 .text.HAL_SYSCFG_AnalogSwitchConfig
                0x00000000080014e4       0x30 Drivers/STM32H7xx_HAL_Driver/Src/stm32h7xx_hal.o
                0x00000000080014e4                HAL_SYSCFG_AnalogSwitchConfig
 .text.HAL_ADC_ConfigChannel
                0x0000000008001514      0x8f8 Drivers/STM32H7xx_HAL_Driver/Src/stm32h7xx_hal_adc.o
                0x0000000008001514                HAL_ADC_ConfigChannel
 .text.ADC_ConfigureBoostMode
                0x0000000008001e0c      0x170 Drivers/STM32H7xx_HAL_Driver/Src/stm32h7xx_hal_adc.o
                0x0000000008001e0c                ADC_ConfigureBoostMode
 .text.HAL_ADC_Init
                0x0000000008001f7c      0x5a0 Drivers/STM32H7xx_HAL_Driver/Src/stm32h7xx_hal_adc.o
                0x0000000008001f7c                HAL_ADC_Init
 .text.HAL_ADCEx_MultiModeConfigChannel
                0x000000000800251c      0x21c Drivers/STM32H7xx_HAL_Driver/Src/stm32h7xx_hal_adc_ex.o
                0x000000000800251c                HAL_ADCEx_MultiModeConfigChannel
 .text.HAL_NVIC_SetPriorityGrouping
                0x0000000008002738       0x3c Drivers/STM32H7xx_HAL_Driver/Src/stm32h7xx_hal_cortex.o
                0x0000000008002738                HAL_NVIC_SetPriorityGrouping
 .text.HAL_NVIC_SetPriority
                0x0000000008002774       0x88 Drivers/STM32H7xx_HAL_Driver/Src/stm32h7xx_hal_cortex.o
                0x0000000008002774                HAL_NVIC_SetPriority
 .text.HAL_NVIC_EnableIRQ
                0x00000000080027fc       0x30 Drivers/STM32H7xx_HAL_Driver/Src/stm32h7xx_hal_cortex.o
                0x00000000080027fc                HAL_NVIC_EnableIRQ
 .text.HAL_SYSTICK_Config
                0x000000000800282c       0x2c Drivers/STM32H7xx_HAL_Driver/Src/stm32h7xx_hal_cortex.o
                0x000000000800282c                HAL_SYSTICK_Config
 .text.DMA_CalcBaseAndBitshift
                0x0000000008002858       0xb8 Drivers/STM32H7xx_HAL_Driver/Src/stm32h7xx_hal_dma.o
 .text.DMA_CheckFifoParam
                0x0000000008002910       0x92 Drivers/STM32H7xx_HAL_Driver/Src/stm32h7xx_hal_dma.o
 *fill*         0x00000000080029a2        0x2 
 .text.DMA_CalcDMAMUXChannelBaseAndMask
                0x00000000080029a4       0xb0 Drivers/STM32H7xx_HAL_Driver/Src/stm32h7xx_hal_dma.o
 .text.DMA_CalcDMAMUXRequestGenBaseAndMask
                0x0000000008002a54       0x7c Drivers/STM32H7xx_HAL_Driver/Src/stm32h7xx_hal_dma.o
 .text.HAL_DMA_Init
                0x0000000008002ad0      0x508 Drivers/STM32H7xx_HAL_Driver/Src/stm32h7xx_hal_dma.o
                0x0000000008002ad0                HAL_DMA_Init
 .text.HAL_DMA_Abort_IT
                0x0000000008002fd8      0x1e4 Drivers/STM32H7xx_HAL_Driver/Src/stm32h7xx_hal_dma.o
                0x0000000008002fd8                HAL_DMA_Abort_IT
 .text.HAL_DMA_IRQHandler
                0x00000000080031bc      0x738 Drivers/STM32H7xx_HAL_Driver/Src/stm32h7xx_hal_dma.o
                0x00000000080031bc                HAL_DMA_IRQHandler
 .text.HAL_GPIO_Init
                0x00000000080038f4      0x398 Drivers/STM32H7xx_HAL_Driver/Src/stm32h7xx_hal_gpio.o
                0x00000000080038f4                HAL_GPIO_Init
 .text.HAL_GPIO_WritePin
                0x0000000008003c8c       0x38 Drivers/STM32H7xx_HAL_Driver/Src/stm32h7xx_hal_gpio.o
                0x0000000008003c8c                HAL_GPIO_WritePin
 .text.HAL_GPIO_EXTI_Callback
                0x0000000008003cc4        0x2 Drivers/STM32H7xx_HAL_Driver/Src/stm32h7xx_hal_gpio.o
                0x0000000008003cc4                HAL_GPIO_EXTI_Callback
 *fill*         0x0000000008003cc6        0x2 
 .text.HAL_GPIO_EXTI_IRQHandler
                0x0000000008003cc8       0x1c Drivers/STM32H7xx_HAL_Driver/Src/stm32h7xx_hal_gpio.o
                0x0000000008003cc8                HAL_GPIO_EXTI_IRQHandler
 .text.HAL_PWREx_ConfigSupply
                0x0000000008003ce4       0x68 Drivers/STM32H7xx_HAL_Driver/Src/stm32h7xx_hal_pwr_ex.o
                0x0000000008003ce4                HAL_PWREx_ConfigSupply
 .text.HAL_RCC_OscConfig
                0x0000000008003d4c      0x740 Drivers/STM32H7xx_HAL_Driver/Src/stm32h7xx_hal_rcc.o
                0x0000000008003d4c                HAL_RCC_OscConfig
 .text.HAL_RCC_GetSysClockFreq
                0x000000000800448c      0x1ec Drivers/STM32H7xx_HAL_Driver/Src/stm32h7xx_hal_rcc.o
                0x000000000800448c                HAL_RCC_GetSysClockFreq
 .text.HAL_RCC_ClockConfig
                0x0000000008004678      0x4dc Drivers/STM32H7xx_HAL_Driver/Src/stm32h7xx_hal_rcc.o
                0x0000000008004678                HAL_RCC_ClockConfig
 .text.HAL_RCC_GetHCLKFreq
                0x0000000008004b54       0x2c Drivers/STM32H7xx_HAL_Driver/Src/stm32h7xx_hal_rcc.o
                0x0000000008004b54                HAL_RCC_GetHCLKFreq
 .text.HAL_RCC_GetPCLK1Freq
                0x0000000008004b80       0x24 Drivers/STM32H7xx_HAL_Driver/Src/stm32h7xx_hal_rcc.o
                0x0000000008004b80                HAL_RCC_GetPCLK1Freq
 .text.HAL_RCC_GetPCLK2Freq
                0x0000000008004ba4       0x24 Drivers/STM32H7xx_HAL_Driver/Src/stm32h7xx_hal_rcc.o
                0x0000000008004ba4                HAL_RCC_GetPCLK2Freq
 .text.RCCEx_PLL2_Config
                0x0000000008004bc8      0x1d4 Drivers/STM32H7xx_HAL_Driver/Src/stm32h7xx_hal_rcc_ex.o
 .text.RCCEx_PLL3_Config
                0x0000000008004d9c      0x1d8 Drivers/STM32H7xx_HAL_Driver/Src/stm32h7xx_hal_rcc_ex.o
 .text.HAL_RCCEx_PeriphCLKConfig
                0x0000000008004f74      0xc78 Drivers/STM32H7xx_HAL_Driver/Src/stm32h7xx_hal_rcc_ex.o
                0x0000000008004f74                HAL_RCCEx_PeriphCLKConfig
 .text.HAL_RCCEx_GetD3PCLK1Freq
                0x0000000008005bec       0x24 Drivers/STM32H7xx_HAL_Driver/Src/stm32h7xx_hal_rcc_ex.o
                0x0000000008005bec                HAL_RCCEx_GetD3PCLK1Freq
 .text.HAL_RCCEx_GetPLL2ClockFreq
                0x0000000008005c10      0x1fc Drivers/STM32H7xx_HAL_Driver/Src/stm32h7xx_hal_rcc_ex.o
                0x0000000008005c10                HAL_RCCEx_GetPLL2ClockFreq
 .text.HAL_RCCEx_GetPLL3ClockFreq
                0x0000000008005e0c      0x1fc Drivers/STM32H7xx_HAL_Driver/Src/stm32h7xx_hal_rcc_ex.o
                0x0000000008005e0c                HAL_RCCEx_GetPLL3ClockFreq
 .text.HAL_RCCEx_GetPLL1ClockFreq
                0x0000000008006008      0x1fc Drivers/STM32H7xx_HAL_Driver/Src/stm32h7xx_hal_rcc_ex.o
                0x0000000008006008                HAL_RCCEx_GetPLL1ClockFreq
 .text.HAL_RCCEx_GetPeriphCLKFreq
                0x0000000008006204      0x2dc Drivers/STM32H7xx_HAL_Driver/Src/stm32h7xx_hal_rcc_ex.o
                0x0000000008006204                HAL_RCCEx_GetPeriphCLKFreq
 .text.HAL_RCCEx_GetD1SysClockFreq
                0x00000000080064e0       0x2c Drivers/STM32H7xx_HAL_Driver/Src/stm32h7xx_hal_rcc_ex.o
                0x00000000080064e0                HAL_RCCEx_GetD1SysClockFreq
 .text.SPI_RxISR_8BIT
                0x000000000800650c       0x30 Drivers/STM32H7xx_HAL_Driver/Src/stm32h7xx_hal_spi.o
 .text.SPI_RxISR_16BIT
                0x000000000800653c       0x2e Drivers/STM32H7xx_HAL_Driver/Src/stm32h7xx_hal_spi.o
 .text.SPI_RxISR_32BIT
                0x000000000800656a       0x2e Drivers/STM32H7xx_HAL_Driver/Src/stm32h7xx_hal_spi.o
 .text.SPI_TxISR_8BIT
                0x0000000008006598       0x30 Drivers/STM32H7xx_HAL_Driver/Src/stm32h7xx_hal_spi.o
 .text.SPI_TxISR_16BIT
                0x00000000080065c8       0x2e Drivers/STM32H7xx_HAL_Driver/Src/stm32h7xx_hal_spi.o
 .text.SPI_TxISR_32BIT
                0x00000000080065f6       0x2e Drivers/STM32H7xx_HAL_Driver/Src/stm32h7xx_hal_spi.o
 .text.SPI_CloseTransfer
                0x0000000008006624       0xd0 Drivers/STM32H7xx_HAL_Driver/Src/stm32h7xx_hal_spi.o
 .text.SPI_GetPacketSize
                0x00000000080066f4       0x10 Drivers/STM32H7xx_HAL_Driver/Src/stm32h7xx_hal_spi.o
 .text.HAL_SPI_Init
                0x0000000008006704      0x364 Drivers/STM32H7xx_HAL_Driver/Src/stm32h7xx_hal_spi.o
                0x0000000008006704                HAL_SPI_Init
 .text.HAL_SPI_TransmitReceive_IT
                0x0000000008006a68      0x120 Drivers/STM32H7xx_HAL_Driver/Src/stm32h7xx_hal_spi.o
                0x0000000008006a68                HAL_SPI_TransmitReceive_IT
 .text.HAL_SPI_Receive_IT
                0x0000000008006b88      0x12c Drivers/STM32H7xx_HAL_Driver/Src/stm32h7xx_hal_spi.o
                0x0000000008006b88                HAL_SPI_Receive_IT
 .text.HAL_SPI_TxCpltCallback
                0x0000000008006cb4        0x2 Drivers/STM32H7xx_HAL_Driver/Src/stm32h7xx_hal_spi.o
                0x0000000008006cb4                HAL_SPI_TxCpltCallback
 .text.HAL_SPI_TxRxCpltCallback
                0x0000000008006cb6        0x2 Drivers/STM32H7xx_HAL_Driver/Src/stm32h7xx_hal_spi.o
                0x0000000008006cb6                HAL_SPI_TxRxCpltCallback
 .text.HAL_SPI_ErrorCallback
                0x0000000008006cb8        0x2 Drivers/STM32H7xx_HAL_Driver/Src/stm32h7xx_hal_spi.o
                0x0000000008006cb8                HAL_SPI_ErrorCallback
 *fill*         0x0000000008006cba        0x2 
 .text.HAL_SPI_IRQHandler
                0x0000000008006cbc      0x258 Drivers/STM32H7xx_HAL_Driver/Src/stm32h7xx_hal_spi.o
                0x0000000008006cbc                HAL_SPI_IRQHandler
 .text.SPI_DMAAbortOnError
                0x0000000008006f14       0x1a Drivers/STM32H7xx_HAL_Driver/Src/stm32h7xx_hal_spi.o
 *fill*         0x0000000008006f2e        0x2 
 .text.TIM_OC5_SetConfig
                0x0000000008006f30       0x70 Drivers/STM32H7xx_HAL_Driver/Src/stm32h7xx_hal_tim.o
 .text.TIM_OC6_SetConfig
                0x0000000008006fa0       0x70 Drivers/STM32H7xx_HAL_Driver/Src/stm32h7xx_hal_tim.o
 .text.TIM_TI1_ConfigInputStage
                0x0000000008007010       0x26 Drivers/STM32H7xx_HAL_Driver/Src/stm32h7xx_hal_tim.o
 .text.TIM_TI2_ConfigInputStage
                0x0000000008007036       0x28 Drivers/STM32H7xx_HAL_Driver/Src/stm32h7xx_hal_tim.o
 *fill*         0x000000000800705e        0x2 
 .text.TIM_ITRx_SetConfig
                0x0000000008007060       0x14 Drivers/STM32H7xx_HAL_Driver/Src/stm32h7xx_hal_tim.o
 .text.TIM_OC1_SetConfig
                0x0000000008007074      0x10c Drivers/STM32H7xx_HAL_Driver/Src/stm32h7xx_hal_tim.o
 .text.TIM_OC3_SetConfig
                0x0000000008007180       0xf4 Drivers/STM32H7xx_HAL_Driver/Src/stm32h7xx_hal_tim.o
 .text.TIM_OC4_SetConfig
                0x0000000008007274       0x98 Drivers/STM32H7xx_HAL_Driver/Src/stm32h7xx_hal_tim.o
 .text.HAL_TIM_Base_Start_IT
                0x000000000800730c       0xb0 Drivers/STM32H7xx_HAL_Driver/Src/stm32h7xx_hal_tim.o
                0x000000000800730c                HAL_TIM_Base_Start_IT
 .text.HAL_TIM_OC_DelayElapsedCallback
                0x00000000080073bc        0x2 Drivers/STM32H7xx_HAL_Driver/Src/stm32h7xx_hal_tim.o
                0x00000000080073bc                HAL_TIM_OC_DelayElapsedCallback
 .text.HAL_TIM_IC_CaptureCallback
                0x00000000080073be        0x2 Drivers/STM32H7xx_HAL_Driver/Src/stm32h7xx_hal_tim.o
                0x00000000080073be                HAL_TIM_IC_CaptureCallback
 .text.HAL_TIM_PWM_PulseFinishedCallback
                0x00000000080073c0        0x2 Drivers/STM32H7xx_HAL_Driver/Src/stm32h7xx_hal_tim.o
                0x00000000080073c0                HAL_TIM_PWM_PulseFinishedCallback
 .text.HAL_TIM_TriggerCallback
                0x00000000080073c2        0x2 Drivers/STM32H7xx_HAL_Driver/Src/stm32h7xx_hal_tim.o
                0x00000000080073c2                HAL_TIM_TriggerCallback
 .text.HAL_TIM_IRQHandler
                0x00000000080073c4      0x19a Drivers/STM32H7xx_HAL_Driver/Src/stm32h7xx_hal_tim.o
                0x00000000080073c4                HAL_TIM_IRQHandler
 *fill*         0x000000000800755e        0x2 
 .text.TIM_Base_SetConfig
                0x0000000008007560      0x100 Drivers/STM32H7xx_HAL_Driver/Src/stm32h7xx_hal_tim.o
                0x0000000008007560                TIM_Base_SetConfig
 .text.HAL_TIM_Base_Init
                0x0000000008007660      0x124 Drivers/STM32H7xx_HAL_Driver/Src/stm32h7xx_hal_tim.o
                0x0000000008007660                HAL_TIM_Base_Init
 .text.HAL_TIM_OC_Init
                0x0000000008007784      0x124 Drivers/STM32H7xx_HAL_Driver/Src/stm32h7xx_hal_tim.o
                0x0000000008007784                HAL_TIM_OC_Init
 .text.TIM_OC2_SetConfig
                0x00000000080078a8       0xf8 Drivers/STM32H7xx_HAL_Driver/Src/stm32h7xx_hal_tim.o
                0x00000000080078a8                TIM_OC2_SetConfig
 .text.HAL_TIM_OC_ConfigChannel
                0x00000000080079a0      0x280 Drivers/STM32H7xx_HAL_Driver/Src/stm32h7xx_hal_tim.o
                0x00000000080079a0                HAL_TIM_OC_ConfigChannel
 .text.HAL_TIM_PWM_ConfigChannel
                0x0000000008007c20      0x36c Drivers/STM32H7xx_HAL_Driver/Src/stm32h7xx_hal_tim.o
                0x0000000008007c20                HAL_TIM_PWM_ConfigChannel
 .text.TIM_TI1_SetConfig
                0x0000000008007f8c       0x90 Drivers/STM32H7xx_HAL_Driver/Src/stm32h7xx_hal_tim.o
                0x0000000008007f8c                TIM_TI1_SetConfig
 .text.TIM_ETR_SetConfig
                0x000000000800801c       0x18 Drivers/STM32H7xx_HAL_Driver/Src/stm32h7xx_hal_tim.o
                0x000000000800801c                TIM_ETR_SetConfig
 .text.HAL_TIM_ConfigClockSource
                0x0000000008008034      0x4a8 Drivers/STM32H7xx_HAL_Driver/Src/stm32h7xx_hal_tim.o
                0x0000000008008034                HAL_TIM_ConfigClockSource
 .text.TIM_CCxChannelCmd
                0x00000000080084dc       0xec Drivers/STM32H7xx_HAL_Driver/Src/stm32h7xx_hal_tim.o
                0x00000000080084dc                TIM_CCxChannelCmd
 .text.HAL_TIM_OC_Start
                0x00000000080085c8      0x240 Drivers/STM32H7xx_HAL_Driver/Src/stm32h7xx_hal_tim.o
                0x00000000080085c8                HAL_TIM_OC_Start
 .text.HAL_TIM_PWM_Start
                0x0000000008008808      0x240 Drivers/STM32H7xx_HAL_Driver/Src/stm32h7xx_hal_tim.o
                0x0000000008008808                HAL_TIM_PWM_Start
 .text.TIM_CCxNChannelCmd
                0x0000000008008a48       0x22 Drivers/STM32H7xx_HAL_Driver/Src/stm32h7xx_hal_tim_ex.o
 .text.HAL_TIMEx_HallSensor_MspInit
                0x0000000008008a6a        0x2 Drivers/STM32H7xx_HAL_Driver/Src/stm32h7xx_hal_tim_ex.o
                0x0000000008008a6a                HAL_TIMEx_HallSensor_MspInit
 .text.HAL_TIMEx_HallSensor_Init
                0x0000000008008a6c      0x1cc Drivers/STM32H7xx_HAL_Driver/Src/stm32h7xx_hal_tim_ex.o
                0x0000000008008a6c                HAL_TIMEx_HallSensor_Init
 .text.HAL_TIMEx_OCN_Start
                0x0000000008008c38       0xa4 Drivers/STM32H7xx_HAL_Driver/Src/stm32h7xx_hal_tim_ex.o
                0x0000000008008c38                HAL_TIMEx_OCN_Start
 .text.HAL_TIMEx_OCN_Stop
                0x0000000008008cdc       0xb8 Drivers/STM32H7xx_HAL_Driver/Src/stm32h7xx_hal_tim_ex.o
                0x0000000008008cdc                HAL_TIMEx_OCN_Stop
 .text.HAL_TIMEx_MasterConfigSynchronization
                0x0000000008008d94      0x170 Drivers/STM32H7xx_HAL_Driver/Src/stm32h7xx_hal_tim_ex.o
                0x0000000008008d94                HAL_TIMEx_MasterConfigSynchronization
 .text.HAL_TIMEx_ConfigBreakDeadTime
                0x0000000008008f04      0x1e4 Drivers/STM32H7xx_HAL_Driver/Src/stm32h7xx_hal_tim_ex.o
                0x0000000008008f04                HAL_TIMEx_ConfigBreakDeadTime
 .text.HAL_TIMEx_CommutCallback
                0x00000000080090e8        0x2 Drivers/STM32H7xx_HAL_Driver/Src/stm32h7xx_hal_tim_ex.o
                0x00000000080090e8                HAL_TIMEx_CommutCallback
 .text.HAL_TIMEx_BreakCallback
                0x00000000080090ea        0x2 Drivers/STM32H7xx_HAL_Driver/Src/stm32h7xx_hal_tim_ex.o
                0x00000000080090ea                HAL_TIMEx_BreakCallback
 .text.HAL_TIMEx_Break2Callback
                0x00000000080090ec        0x2 Drivers/STM32H7xx_HAL_Driver/Src/stm32h7xx_hal_tim_ex.o
                0x00000000080090ec                HAL_TIMEx_Break2Callback
 *fill*         0x00000000080090ee        0x2 
 .text.UART_SetConfig
                0x00000000080090f0     0x1834 Drivers/STM32H7xx_HAL_Driver/Src/stm32h7xx_hal_uart.o
                0x00000000080090f0                UART_SetConfig
 .text.UART_AdvFeatureConfig
                0x000000000800a924      0x26c Drivers/STM32H7xx_HAL_Driver/Src/stm32h7xx_hal_uart.o
                0x000000000800a924                UART_AdvFeatureConfig
 .text.UART_WaitOnFlagUntilTimeout
                0x000000000800ab90       0x64 Drivers/STM32H7xx_HAL_Driver/Src/stm32h7xx_hal_uart.o
                0x000000000800ab90                UART_WaitOnFlagUntilTimeout
 .text.HAL_UART_Transmit
                0x000000000800abf4       0xe4 Drivers/STM32H7xx_HAL_Driver/Src/stm32h7xx_hal_uart.o
                0x000000000800abf4                HAL_UART_Transmit
 .text.UART_CheckIdleState
                0x000000000800acd8       0x72 Drivers/STM32H7xx_HAL_Driver/Src/stm32h7xx_hal_uart.o
                0x000000000800acd8                UART_CheckIdleState
 *fill*         0x000000000800ad4a        0x2 
 .text.HAL_UART_Init
                0x000000000800ad4c      0x124 Drivers/STM32H7xx_HAL_Driver/Src/stm32h7xx_hal_uart.o
                0x000000000800ad4c                HAL_UART_Init
 .text.UARTEx_SetNbDataToProcess
                0x000000000800ae70       0x74 Drivers/STM32H7xx_HAL_Driver/Src/stm32h7xx_hal_uart_ex.o
 .text.HAL_UARTEx_DisableFifoMode
                0x000000000800aee4       0x94 Drivers/STM32H7xx_HAL_Driver/Src/stm32h7xx_hal_uart_ex.o
                0x000000000800aee4                HAL_UARTEx_DisableFifoMode
 .text.HAL_UARTEx_SetTxFifoThreshold
                0x000000000800af78       0xe0 Drivers/STM32H7xx_HAL_Driver/Src/stm32h7xx_hal_uart_ex.o
                0x000000000800af78                HAL_UARTEx_SetTxFifoThreshold
 .text.HAL_UARTEx_SetRxFifoThreshold
                0x000000000800b058       0xe0 Drivers/STM32H7xx_HAL_Driver/Src/stm32h7xx_hal_uart_ex.o
                0x000000000800b058                HAL_UARTEx_SetRxFifoThreshold
 .text.aesm4096_InitEncoderTIM
                0x000000000800b138       0x70 Peripheral/Src/aesm-4096.o
 .text.aesm4096_Init
                0x000000000800b1a8        0xc Peripheral/Src/aesm-4096.o
                0x000000000800b1a8                aesm4096_Init
 .text.HAL_TIM_PeriodElapsedCallback
                0x000000000800b1b4       0x24 Peripheral/Src/aesm-4096.o
                0x000000000800b1b4                HAL_TIM_PeriodElapsedCallback
 .text.HAL_SPI_RxCpltCallback
                0x000000000800b1d8       0x34 Peripheral/Src/aesm-4096.o
                0x000000000800b1d8                HAL_SPI_RxCpltCallback
 .text.BLDC_init
                0x000000000800b20c      0x174 Peripheral/Src/bldc.o
                0x000000000800b20c                BLDC_init
 .text.BLDC_setDir
                0x000000000800b380       0x1c Peripheral/Src/bldc.o
                0x000000000800b380                BLDC_setDir
 .text.BLDC_setSync
                0x000000000800b39c       0x1c Peripheral/Src/bldc.o
                0x000000000800b39c                BLDC_setSync
 .text.BLDC_setDutyCycle
                0x000000000800b3b8       0x1c Peripheral/Src/bldc.o
                0x000000000800b3b8                BLDC_setDutyCycle
 .text.BLDCMotorPrepareCommutation
                0x000000000800b3d4      0x210 Peripheral/Src/bldc.o
                0x000000000800b3d4                BLDCMotorPrepareCommutation
 .text.Reset_Handler
                0x000000000800b5e4       0x50 startup/startup_stm32h743xx.o
                0x000000000800b5e4                Reset_Handler
 .text.Default_Handler
                0x000000000800b634        0x2 startup/startup_stm32h743xx.o
                0x000000000800b634                RTC_Alarm_IRQHandler
                0x000000000800b634                EXTI2_IRQHandler
                0x000000000800b634                TIM8_CC_IRQHandler
                0x000000000800b634                HRTIM1_Master_IRQHandler
                0x000000000800b634                UART8_IRQHandler
                0x000000000800b634                SPI4_IRQHandler
                0x000000000800b634                TIM1_CC_IRQHandler
                0x000000000800b634                BDMA_Channel6_IRQHandler
                0x000000000800b634                DMA2_Stream5_IRQHandler
                0x000000000800b634                HRTIM1_FLT_IRQHandler
                0x000000000800b634                JPEG_IRQHandler
                0x000000000800b634                DMA1_Stream5_IRQHandler
                0x000000000800b634                BDMA_Channel1_IRQHandler
                0x000000000800b634                HRTIM1_TIMD_IRQHandler
                0x000000000800b634                TAMP_STAMP_IRQHandler
                0x000000000800b634                EXTI3_IRQHandler
                0x000000000800b634                LPTIM4_IRQHandler
                0x000000000800b634                TIM8_TRG_COM_TIM14_IRQHandler
                0x000000000800b634                LPTIM2_IRQHandler
                0x000000000800b634                DFSDM1_FLT1_IRQHandler
                0x000000000800b634                DMAMUX2_OVR_IRQHandler
                0x000000000800b634                TIM8_UP_TIM13_IRQHandler
                0x000000000800b634                I2C3_ER_IRQHandler
                0x000000000800b634                DFSDM1_FLT2_IRQHandler
                0x000000000800b634                MDMA_IRQHandler
                0x000000000800b634                LPTIM3_IRQHandler
                0x000000000800b634                HSEM1_IRQHandler
                0x000000000800b634                EXTI0_IRQHandler
                0x000000000800b634                I2C2_EV_IRQHandler
                0x000000000800b634                DMA1_Stream2_IRQHandler
                0x000000000800b634                FPU_IRQHandler
                0x000000000800b634                OTG_HS_WKUP_IRQHandler
                0x000000000800b634                FDCAN1_IT1_IRQHandler
                0x000000000800b634                LTDC_ER_IRQHandler
                0x000000000800b634                DMA2_Stream2_IRQHandler
                0x000000000800b634                HRTIM1_TIME_IRQHandler
                0x000000000800b634                DCMI_IRQHandler
                0x000000000800b634                HRTIM1_TIMC_IRQHandler
                0x000000000800b634                DMA2_Stream3_IRQHandler
                0x000000000800b634                SAI2_IRQHandler
                0x000000000800b634                DFSDM1_FLT3_IRQHandler
                0x000000000800b634                USART6_IRQHandler
                0x000000000800b634                TIM17_IRQHandler
                0x000000000800b634                USART3_IRQHandler
                0x000000000800b634                BDMA_Channel7_IRQHandler
                0x000000000800b634                LPTIM5_IRQHandler
                0x000000000800b634                UART5_IRQHandler
                0x000000000800b634                ADC3_IRQHandler
                0x000000000800b634                DMA2_Stream0_IRQHandler
                0x000000000800b634                TIM4_IRQHandler
                0x000000000800b634                BDMA_Channel2_IRQHandler
                0x000000000800b634                QUADSPI_IRQHandler
                0x000000000800b634                I2C1_EV_IRQHandler
                0x000000000800b634                DMA1_Stream6_IRQHandler
                0x000000000800b634                DMAMUX1_OVR_IRQHandler
                0x000000000800b634                DMA1_Stream1_IRQHandler
                0x000000000800b634                TIM16_IRQHandler
                0x000000000800b634                UART4_IRQHandler
                0x000000000800b634                BDMA_Channel5_IRQHandler
                0x000000000800b634                TIM3_IRQHandler
                0x000000000800b634                RCC_IRQHandler
                0x000000000800b634                TIM8_BRK_TIM12_IRQHandler
                0x000000000800b634                Default_Handler
                0x000000000800b634                ECC_IRQHandler
                0x000000000800b634                CEC_IRQHandler
                0x000000000800b634                BDMA_Channel0_IRQHandler
                0x000000000800b634                ADC_IRQHandler
                0x000000000800b634                DMA1_Stream7_IRQHandler
                0x000000000800b634                HRTIM1_TIMA_IRQHandler
                0x000000000800b634                SPI5_IRQHandler
                0x000000000800b634                TIM7_IRQHandler
                0x000000000800b634                SDMMC1_IRQHandler
                0x000000000800b634                TIM5_IRQHandler
                0x000000000800b634                DMA2_Stream7_IRQHandler
                0x000000000800b634                TIM15_IRQHandler
                0x000000000800b634                PVD_AVD_IRQHandler
                0x000000000800b634                I2C3_EV_IRQHandler
                0x000000000800b634                EXTI9_5_IRQHandler
                0x000000000800b634                RTC_WKUP_IRQHandler
                0x000000000800b634                LTDC_IRQHandler
                0x000000000800b634                SAI3_IRQHandler
                0x000000000800b634                ETH_WKUP_IRQHandler
                0x000000000800b634                SPDIF_RX_IRQHandler
                0x000000000800b634                SPI2_IRQHandler
                0x000000000800b634                OTG_HS_EP1_IN_IRQHandler
                0x000000000800b634                CRS_IRQHandler
                0x000000000800b634                EXTI4_IRQHandler
                0x000000000800b634                RNG_IRQHandler
                0x000000000800b634                HRTIM1_TIMB_IRQHandler
                0x000000000800b634                FDCAN2_IT1_IRQHandler
                0x000000000800b634                ETH_IRQHandler
                0x000000000800b634                TIM1_UP_IRQHandler
                0x000000000800b634                BDMA_Channel4_IRQHandler
                0x000000000800b634                OTG_HS_EP1_OUT_IRQHandler
                0x000000000800b634                WWDG_IRQHandler
                0x000000000800b634                SPI6_IRQHandler
                0x000000000800b634                MDIOS_IRQHandler
                0x000000000800b634                I2C4_EV_IRQHandler
                0x000000000800b634                FDCAN2_IT0_IRQHandler
                0x000000000800b634                LPUART1_IRQHandler
                0x000000000800b634                FDCAN1_IT0_IRQHandler
                0x000000000800b634                OTG_FS_WKUP_IRQHandler
                0x000000000800b634                OTG_HS_IRQHandler
                0x000000000800b634                DMA2D_IRQHandler
                0x000000000800b634                EXTI1_IRQHandler
                0x000000000800b634                SDMMC2_IRQHandler
                0x000000000800b634                OTG_FS_EP1_OUT_IRQHandler
                0x000000000800b634                BDMA_Channel3_IRQHandler
                0x000000000800b634                UART7_IRQHandler
                0x000000000800b634                MDIOS_WKUP_IRQHandler
                0x000000000800b634                USART2_IRQHandler
                0x000000000800b634                DFSDM1_FLT0_IRQHandler
                0x000000000800b634                SAI4_IRQHandler
                0x000000000800b634                I2C2_ER_IRQHandler
                0x000000000800b634                DMA2_Stream1_IRQHandler
                0x000000000800b634                FLASH_IRQHandler
                0x000000000800b634                DMA2_Stream4_IRQHandler
                0x000000000800b634                USART1_IRQHandler
                0x000000000800b634                OTG_FS_IRQHandler
                0x000000000800b634                SPI3_IRQHandler
                0x000000000800b634                WAKEUP_PIN_IRQHandler
                0x000000000800b634                DMA1_Stream4_IRQHandler
                0x000000000800b634                OTG_FS_EP1_IN_IRQHandler
                0x000000000800b634                I2C1_ER_IRQHandler
                0x000000000800b634                FMC_IRQHandler
                0x000000000800b634                FDCAN_CAL_IRQHandler
                0x000000000800b634                SWPMI1_IRQHandler
                0x000000000800b634                COMP1_IRQHandler
                0x000000000800b634                LPTIM1_IRQHandler
                0x000000000800b634                I2C4_ER_IRQHandler
                0x000000000800b634                DMA2_Stream6_IRQHandler
                0x000000000800b634                SAI1_IRQHandler
                0x000000000800b634                DMA1_Stream3_IRQHandler
 *fill*         0x000000000800b636        0x2 
 .text.__errno  0x000000000800b638        0xc /home/zhonx/.opt/AC6/plugins/fr.ac6.mcu.externaltools.arm-none.linux64_1.17.0.201812190825/tools/compiler/bin/../lib/gcc/arm-none-eabi/7.3.1/../../../../arm-none-eabi/lib/thumb/v7e-m/fpv5/hard/libc_nano.a(lib_a-errno.o)
                0x000000000800b638                __errno
 .text.__libc_init_array
                0x000000000800b644       0x48 /home/zhonx/.opt/AC6/plugins/fr.ac6.mcu.externaltools.arm-none.linux64_1.17.0.201812190825/tools/compiler/bin/../lib/gcc/arm-none-eabi/7.3.1/../../../../arm-none-eabi/lib/thumb/v7e-m/fpv5/hard/libc_nano.a(lib_a-init.o)
                0x000000000800b644                __libc_init_array
 .text.memset   0x000000000800b68c       0x10 /home/zhonx/.opt/AC6/plugins/fr.ac6.mcu.externaltools.arm-none.linux64_1.17.0.201812190825/tools/compiler/bin/../lib/gcc/arm-none-eabi/7.3.1/../../../../arm-none-eabi/lib/thumb/v7e-m/fpv5/hard/libc_nano.a(lib_a-memset.o)
                0x000000000800b68c                memset
 .text.printf   0x000000000800b69c       0x30 /home/zhonx/.opt/AC6/plugins/fr.ac6.mcu.externaltools.arm-none.linux64_1.17.0.201812190825/tools/compiler/bin/../lib/gcc/arm-none-eabi/7.3.1/../../../../arm-none-eabi/lib/thumb/v7e-m/fpv5/hard/libc_nano.a(lib_a-printf.o)
                0x000000000800b69c                printf
                0x000000000800b69c                iprintf
 .text.std      0x000000000800b6cc       0x48 /home/zhonx/.opt/AC6/plugins/fr.ac6.mcu.externaltools.arm-none.linux64_1.17.0.201812190825/tools/compiler/bin/../lib/gcc/arm-none-eabi/7.3.1/../../../../arm-none-eabi/lib/thumb/v7e-m/fpv5/hard/libc_nano.a(lib_a-findfp.o)
 .text._cleanup_r
                0x000000000800b714        0xc /home/zhonx/.opt/AC6/plugins/fr.ac6.mcu.externaltools.arm-none.linux64_1.17.0.201812190825/tools/compiler/bin/../lib/gcc/arm-none-eabi/7.3.1/../../../../arm-none-eabi/lib/thumb/v7e-m/fpv5/hard/libc_nano.a(lib_a-findfp.o)
                0x000000000800b714                _cleanup_r
 .text.__sfmoreglue
                0x000000000800b720       0x2c /home/zhonx/.opt/AC6/plugins/fr.ac6.mcu.externaltools.arm-none.linux64_1.17.0.201812190825/tools/compiler/bin/../lib/gcc/arm-none-eabi/7.3.1/../../../../arm-none-eabi/lib/thumb/v7e-m/fpv5/hard/libc_nano.a(lib_a-findfp.o)
                0x000000000800b720                __sfmoreglue
 .text.__sinit  0x000000000800b74c       0x60 /home/zhonx/.opt/AC6/plugins/fr.ac6.mcu.externaltools.arm-none.linux64_1.17.0.201812190825/tools/compiler/bin/../lib/gcc/arm-none-eabi/7.3.1/../../../../arm-none-eabi/lib/thumb/v7e-m/fpv5/hard/libc_nano.a(lib_a-findfp.o)
                0x000000000800b74c                __sinit
 .text.__sfp    0x000000000800b7ac       0x78 /home/zhonx/.opt/AC6/plugins/fr.ac6.mcu.externaltools.arm-none.linux64_1.17.0.201812190825/tools/compiler/bin/../lib/gcc/arm-none-eabi/7.3.1/../../../../arm-none-eabi/lib/thumb/v7e-m/fpv5/hard/libc_nano.a(lib_a-findfp.o)
                0x000000000800b7ac                __sfp
 .text._fwalk_reent
                0x000000000800b824       0x3c /home/zhonx/.opt/AC6/plugins/fr.ac6.mcu.externaltools.arm-none.linux64_1.17.0.201812190825/tools/compiler/bin/../lib/gcc/arm-none-eabi/7.3.1/../../../../arm-none-eabi/lib/thumb/v7e-m/fpv5/hard/libc_nano.a(lib_a-fwalk.o)
                0x000000000800b824                _fwalk_reent
 .text._malloc_r
                0x000000000800b860       0xb4 /home/zhonx/.opt/AC6/plugins/fr.ac6.mcu.externaltools.arm-none.linux64_1.17.0.201812190825/tools/compiler/bin/../lib/gcc/arm-none-eabi/7.3.1/../../../../arm-none-eabi/lib/thumb/v7e-m/fpv5/hard/libc_nano.a(lib_a-nano-mallocr.o)
                0x000000000800b860                _malloc_r
 .text.__sfputc_r
                0x000000000800b914       0x2e /home/zhonx/.opt/AC6/plugins/fr.ac6.mcu.externaltools.arm-none.linux64_1.17.0.201812190825/tools/compiler/bin/../lib/gcc/arm-none-eabi/7.3.1/../../../../arm-none-eabi/lib/thumb/v7e-m/fpv5/hard/libc_nano.a(lib_a-nano-vfprintf.o)
 .text.__sfputs_r
                0x000000000800b942       0x24 /home/zhonx/.opt/AC6/plugins/fr.ac6.mcu.externaltools.arm-none.linux64_1.17.0.201812190825/tools/compiler/bin/../lib/gcc/arm-none-eabi/7.3.1/../../../../arm-none-eabi/lib/thumb/v7e-m/fpv5/hard/libc_nano.a(lib_a-nano-vfprintf.o)
                0x000000000800b942                __sfputs_r
 *fill*         0x000000000800b966        0x2 
 .text._vfprintf_r
                0x000000000800b968      0x22c /home/zhonx/.opt/AC6/plugins/fr.ac6.mcu.externaltools.arm-none.linux64_1.17.0.201812190825/tools/compiler/bin/../lib/gcc/arm-none-eabi/7.3.1/../../../../arm-none-eabi/lib/thumb/v7e-m/fpv5/hard/libc_nano.a(lib_a-nano-vfprintf.o)
                0x000000000800b968                _vfiprintf_r
                0x000000000800b968                _vfprintf_r
 .text._printf_common
                0x000000000800bb94       0xea /home/zhonx/.opt/AC6/plugins/fr.ac6.mcu.externaltools.arm-none.linux64_1.17.0.201812190825/tools/compiler/bin/../lib/gcc/arm-none-eabi/7.3.1/../../../../arm-none-eabi/lib/thumb/v7e-m/fpv5/hard/libc_nano.a(lib_a-nano-vfprintf_i.o)
                0x000000000800bb94                _printf_common
 *fill*         0x000000000800bc7e        0x2 
 .text._printf_i
                0x000000000800bc80      0x224 /home/zhonx/.opt/AC6/plugins/fr.ac6.mcu.externaltools.arm-none.linux64_1.17.0.201812190825/tools/compiler/bin/../lib/gcc/arm-none-eabi/7.3.1/../../../../arm-none-eabi/lib/thumb/v7e-m/fpv5/hard/libc_nano.a(lib_a-nano-vfprintf_i.o)
                0x000000000800bc80                _printf_i
 .text._sbrk_r  0x000000000800bea4       0x20 /home/zhonx/.opt/AC6/plugins/fr.ac6.mcu.externaltools.arm-none.linux64_1.17.0.201812190825/tools/compiler/bin/../lib/gcc/arm-none-eabi/7.3.1/../../../../arm-none-eabi/lib/thumb/v7e-m/fpv5/hard/libc_nano.a(lib_a-sbrkr.o)
                0x000000000800bea4                _sbrk_r
 .text.__sread  0x000000000800bec4       0x22 /home/zhonx/.opt/AC6/plugins/fr.ac6.mcu.externaltools.arm-none.linux64_1.17.0.201812190825/tools/compiler/bin/../lib/gcc/arm-none-eabi/7.3.1/../../../../arm-none-eabi/lib/thumb/v7e-m/fpv5/hard/libc_nano.a(lib_a-stdio.o)
                0x000000000800bec4                __sread
 .text.__swrite
                0x000000000800bee6       0x38 /home/zhonx/.opt/AC6/plugins/fr.ac6.mcu.externaltools.arm-none.linux64_1.17.0.201812190825/tools/compiler/bin/../lib/gcc/arm-none-eabi/7.3.1/../../../../arm-none-eabi/lib/thumb/v7e-m/fpv5/hard/libc_nano.a(lib_a-stdio.o)
                0x000000000800bee6                __swrite
 .text.__sseek  0x000000000800bf1e       0x24 /home/zhonx/.opt/AC6/plugins/fr.ac6.mcu.externaltools.arm-none.linux64_1.17.0.201812190825/tools/compiler/bin/../lib/gcc/arm-none-eabi/7.3.1/../../../../arm-none-eabi/lib/thumb/v7e-m/fpv5/hard/libc_nano.a(lib_a-stdio.o)
                0x000000000800bf1e                __sseek
 .text.__sclose
                0x000000000800bf42        0x8 /home/zhonx/.opt/AC6/plugins/fr.ac6.mcu.externaltools.arm-none.linux64_1.17.0.201812190825/tools/compiler/bin/../lib/gcc/arm-none-eabi/7.3.1/../../../../arm-none-eabi/lib/thumb/v7e-m/fpv5/hard/libc_nano.a(lib_a-stdio.o)
                0x000000000800bf42                __sclose
 *fill*         0x000000000800bf4a        0x2 
 .text.__swbuf_r
                0x000000000800bf4c       0xa4 /home/zhonx/.opt/AC6/plugins/fr.ac6.mcu.externaltools.arm-none.linux64_1.17.0.201812190825/tools/compiler/bin/../lib/gcc/arm-none-eabi/7.3.1/../../../../arm-none-eabi/lib/thumb/v7e-m/fpv5/hard/libc_nano.a(lib_a-wbuf.o)
                0x000000000800bf4c                __swbuf_r
 .text._write_r
                0x000000000800bff0       0x24 /home/zhonx/.opt/AC6/plugins/fr.ac6.mcu.externaltools.arm-none.linux64_1.17.0.201812190825/tools/compiler/bin/../lib/gcc/arm-none-eabi/7.3.1/../../../../arm-none-eabi/lib/thumb/v7e-m/fpv5/hard/libc_nano.a(lib_a-writer.o)
                0x000000000800bff0                _write_r
 .text.__swsetup_r
                0x000000000800c014       0xdc /home/zhonx/.opt/AC6/plugins/fr.ac6.mcu.externaltools.arm-none.linux64_1.17.0.201812190825/tools/compiler/bin/../lib/gcc/arm-none-eabi/7.3.1/../../../../arm-none-eabi/lib/thumb/v7e-m/fpv5/hard/libc_nano.a(lib_a-wsetup.o)
                0x000000000800c014                __swsetup_r
 .text._close_r
                0x000000000800c0f0       0x20 /home/zhonx/.opt/AC6/plugins/fr.ac6.mcu.externaltools.arm-none.linux64_1.17.0.201812190825/tools/compiler/bin/../lib/gcc/arm-none-eabi/7.3.1/../../../../arm-none-eabi/lib/thumb/v7e-m/fpv5/hard/libc_nano.a(lib_a-closer.o)
                0x000000000800c0f0                _close_r
 .text.__sflush_r
                0x000000000800c110      0x10c /home/zhonx/.opt/AC6/plugins/fr.ac6.mcu.externaltools.arm-none.linux64_1.17.0.201812190825/tools/compiler/bin/../lib/gcc/arm-none-eabi/7.3.1/../../../../arm-none-eabi/lib/thumb/v7e-m/fpv5/hard/libc_nano.a(lib_a-fflush.o)
                0x000000000800c110                __sflush_r
 .text._fflush_r
                0x000000000800c21c       0x54 /home/zhonx/.opt/AC6/plugins/fr.ac6.mcu.externaltools.arm-none.linux64_1.17.0.201812190825/tools/compiler/bin/../lib/gcc/arm-none-eabi/7.3.1/../../../../arm-none-eabi/lib/thumb/v7e-m/fpv5/hard/libc_nano.a(lib_a-fflush.o)
                0x000000000800c21c                _fflush_r
 .text._lseek_r
                0x000000000800c270       0x24 /home/zhonx/.opt/AC6/plugins/fr.ac6.mcu.externaltools.arm-none.linux64_1.17.0.201812190825/tools/compiler/bin/../lib/gcc/arm-none-eabi/7.3.1/../../../../arm-none-eabi/lib/thumb/v7e-m/fpv5/hard/libc_nano.a(lib_a-lseekr.o)
                0x000000000800c270                _lseek_r
 .text.__swhatbuf_r
                0x000000000800c294       0x48 /home/zhonx/.opt/AC6/plugins/fr.ac6.mcu.externaltools.arm-none.linux64_1.17.0.201812190825/tools/compiler/bin/../lib/gcc/arm-none-eabi/7.3.1/../../../../arm-none-eabi/lib/thumb/v7e-m/fpv5/hard/libc_nano.a(lib_a-makebuf.o)
                0x000000000800c294                __swhatbuf_r
 .text.__smakebuf_r
                0x000000000800c2dc       0x80 /home/zhonx/.opt/AC6/plugins/fr.ac6.mcu.externaltools.arm-none.linux64_1.17.0.201812190825/tools/compiler/bin/../lib/gcc/arm-none-eabi/7.3.1/../../../../arm-none-eabi/lib/thumb/v7e-m/fpv5/hard/libc_nano.a(lib_a-makebuf.o)
                0x000000000800c2dc                __smakebuf_r
 .text.__malloc_lock
                0x000000000800c35c        0x2 /home/zhonx/.opt/AC6/plugins/fr.ac6.mcu.externaltools.arm-none.linux64_1.17.0.201812190825/tools/compiler/bin/../lib/gcc/arm-none-eabi/7.3.1/../../../../arm-none-eabi/lib/thumb/v7e-m/fpv5/hard/libc_nano.a(lib_a-mlock.o)
                0x000000000800c35c                __malloc_lock
 .text.__malloc_unlock
                0x000000000800c35e        0x2 /home/zhonx/.opt/AC6/plugins/fr.ac6.mcu.externaltools.arm-none.linux64_1.17.0.201812190825/tools/compiler/bin/../lib/gcc/arm-none-eabi/7.3.1/../../../../arm-none-eabi/lib/thumb/v7e-m/fpv5/hard/libc_nano.a(lib_a-mlock.o)
                0x000000000800c35e                __malloc_unlock
 .text._free_r  0x000000000800c360       0x9c /home/zhonx/.opt/AC6/plugins/fr.ac6.mcu.externaltools.arm-none.linux64_1.17.0.201812190825/tools/compiler/bin/../lib/gcc/arm-none-eabi/7.3.1/../../../../arm-none-eabi/lib/thumb/v7e-m/fpv5/hard/libc_nano.a(lib_a-nano-freer.o)
                0x000000000800c360                _free_r
 .text._read_r  0x000000000800c3fc       0x24 /home/zhonx/.opt/AC6/plugins/fr.ac6.mcu.externaltools.arm-none.linux64_1.17.0.201812190825/tools/compiler/bin/../lib/gcc/arm-none-eabi/7.3.1/../../../../arm-none-eabi/lib/thumb/v7e-m/fpv5/hard/libc_nano.a(lib_a-readr.o)
                0x000000000800c3fc                _read_r
 .text._fstat_r
                0x000000000800c420       0x24 /home/zhonx/.opt/AC6/plugins/fr.ac6.mcu.externaltools.arm-none.linux64_1.17.0.201812190825/tools/compiler/bin/../lib/gcc/arm-none-eabi/7.3.1/../../../../arm-none-eabi/lib/thumb/v7e-m/fpv5/hard/libc_nano.a(lib_a-fstatr.o)
                0x000000000800c420                _fstat_r
 .text._isatty_r
                0x000000000800c444       0x20 /home/zhonx/.opt/AC6/plugins/fr.ac6.mcu.externaltools.arm-none.linux64_1.17.0.201812190825/tools/compiler/bin/../lib/gcc/arm-none-eabi/7.3.1/../../../../arm-none-eabi/lib/thumb/v7e-m/fpv5/hard/libc_nano.a(lib_a-isattyr.o)
                0x000000000800c444                _isatty_r
 *(.glue_7)
 .glue_7        0x000000000800c464        0x0 linker stubs
 *(.glue_7t)
 .glue_7t       0x000000000800c464        0x0 linker stubs
 *(.eh_frame)
 .eh_frame      0x000000000800c464        0x0 /home/zhonx/.opt/AC6/plugins/fr.ac6.mcu.externaltools.arm-none.linux64_1.17.0.201812190825/tools/compiler/bin/../lib/gcc/arm-none-eabi/7.3.1/thumb/v7e-m/fpv5/hard/crtbegin.o
 *(.init)
 .init          0x000000000800c464        0x4 /home/zhonx/.opt/AC6/plugins/fr.ac6.mcu.externaltools.arm-none.linux64_1.17.0.201812190825/tools/compiler/bin/../lib/gcc/arm-none-eabi/7.3.1/thumb/v7e-m/fpv5/hard/crti.o
                0x000000000800c464                _init
 .init          0x000000000800c468        0x8 /home/zhonx/.opt/AC6/plugins/fr.ac6.mcu.externaltools.arm-none.linux64_1.17.0.201812190825/tools/compiler/bin/../lib/gcc/arm-none-eabi/7.3.1/thumb/v7e-m/fpv5/hard/crtn.o
 *(.fini)
 .fini          0x000000000800c470        0x4 /home/zhonx/.opt/AC6/plugins/fr.ac6.mcu.externaltools.arm-none.linux64_1.17.0.201812190825/tools/compiler/bin/../lib/gcc/arm-none-eabi/7.3.1/thumb/v7e-m/fpv5/hard/crti.o
                0x000000000800c470                _fini
 .fini          0x000000000800c474        0x8 /home/zhonx/.opt/AC6/plugins/fr.ac6.mcu.externaltools.arm-none.linux64_1.17.0.201812190825/tools/compiler/bin/../lib/gcc/arm-none-eabi/7.3.1/thumb/v7e-m/fpv5/hard/crtn.o
                0x000000000800c47c                . = ALIGN (0x4)
                0x000000000800c47c                _etext = .

.vfp11_veneer   0x000000000800c47c        0x0
 .vfp11_veneer  0x000000000800c47c        0x0 linker stubs

.v4_bx          0x000000000800c47c        0x0
 .v4_bx         0x000000000800c47c        0x0 linker stubs

.iplt           0x000000000800c47c        0x0
 .iplt          0x000000000800c47c        0x0 /home/zhonx/.opt/AC6/plugins/fr.ac6.mcu.externaltools.arm-none.linux64_1.17.0.201812190825/tools/compiler/bin/../lib/gcc/arm-none-eabi/7.3.1/thumb/v7e-m/fpv5/hard/crtbegin.o

.rodata         0x000000000800c47c      0x400
                0x000000000800c47c                . = ALIGN (0x4)
 *(.rodata)
 .rodata        0x000000000800c47c       0x10 Core/Src/system_stm32h7xx.o
                0x000000000800c47c                D1CorePrescTable
 .rodata        0x000000000800c48c        0x8 Drivers/STM32H7xx_HAL_Driver/Src/stm32h7xx_hal_dma.o
 .rodata        0x000000000800c494       0x10 Drivers/STM32H7xx_HAL_Driver/Src/stm32h7xx_hal_uart_ex.o
 *(.rodata*)
 .rodata.str1.4
                0x000000000800c4a4       0x14 Core/Src/main.o
 .rodata.str1.4
                0x000000000800c4b8       0x34 Drivers/STM32H7xx_HAL_Driver/Src/stm32h7xx_hal.o
 .rodata.str1.4
                0x000000000800c4ec       0x38 Drivers/STM32H7xx_HAL_Driver/Src/stm32h7xx_hal_adc.o
 .rodata.str1.4
                0x000000000800c524       0x3b Drivers/STM32H7xx_HAL_Driver/Src/stm32h7xx_hal_adc_ex.o
 *fill*         0x000000000800c55f        0x1 
 .rodata.str1.4
                0x000000000800c560       0x3b Drivers/STM32H7xx_HAL_Driver/Src/stm32h7xx_hal_cortex.o
 *fill*         0x000000000800c59b        0x1 
 .rodata.str1.4
                0x000000000800c59c       0x38 Drivers/STM32H7xx_HAL_Driver/Src/stm32h7xx_hal_dma.o
 .rodata.str1.4
                0x000000000800c5d4       0x39 Drivers/STM32H7xx_HAL_Driver/Src/stm32h7xx_hal_gpio.o
 *fill*         0x000000000800c60d        0x3 
 .rodata.str1.4
                0x000000000800c610       0x3b Drivers/STM32H7xx_HAL_Driver/Src/stm32h7xx_hal_pwr_ex.o
 *fill*         0x000000000800c64b        0x1 
 .rodata.str1.4
                0x000000000800c64c       0x38 Drivers/STM32H7xx_HAL_Driver/Src/stm32h7xx_hal_rcc.o
 .rodata.str1.4
                0x000000000800c684       0x3b Drivers/STM32H7xx_HAL_Driver/Src/stm32h7xx_hal_rcc_ex.o
 *fill*         0x000000000800c6bf        0x1 
 .rodata.str1.4
                0x000000000800c6c0       0x38 Drivers/STM32H7xx_HAL_Driver/Src/stm32h7xx_hal_spi.o
 .rodata.str1.4
                0x000000000800c6f8       0x38 Drivers/STM32H7xx_HAL_Driver/Src/stm32h7xx_hal_tim.o
 .rodata.str1.4
                0x000000000800c730       0x3b Drivers/STM32H7xx_HAL_Driver/Src/stm32h7xx_hal_tim_ex.o
 *fill*         0x000000000800c76b        0x1 
 .rodata.str1.4
                0x000000000800c76c       0x39 Drivers/STM32H7xx_HAL_Driver/Src/stm32h7xx_hal_uart.o
 *fill*         0x000000000800c7a5        0x3 
 .rodata.str1.4
                0x000000000800c7a8       0x3c Drivers/STM32H7xx_HAL_Driver/Src/stm32h7xx_hal_uart_ex.o
 .rodata._global_impure_ptr
                0x000000000800c7e4        0x4 /home/zhonx/.opt/AC6/plugins/fr.ac6.mcu.externaltools.arm-none.linux64_1.17.0.201812190825/tools/compiler/bin/../lib/gcc/arm-none-eabi/7.3.1/../../../../arm-none-eabi/lib/thumb/v7e-m/fpv5/hard/libc_nano.a(lib_a-impure.o)
                0x000000000800c7e4                _global_impure_ptr
 .rodata.__sf_fake_stderr
                0x000000000800c7e8       0x20 /home/zhonx/.opt/AC6/plugins/fr.ac6.mcu.externaltools.arm-none.linux64_1.17.0.201812190825/tools/compiler/bin/../lib/gcc/arm-none-eabi/7.3.1/../../../../arm-none-eabi/lib/thumb/v7e-m/fpv5/hard/libc_nano.a(lib_a-findfp.o)
                0x000000000800c7e8                __sf_fake_stderr
 .rodata.__sf_fake_stdin
                0x000000000800c808       0x20 /home/zhonx/.opt/AC6/plugins/fr.ac6.mcu.externaltools.arm-none.linux64_1.17.0.201812190825/tools/compiler/bin/../lib/gcc/arm-none-eabi/7.3.1/../../../../arm-none-eabi/lib/thumb/v7e-m/fpv5/hard/libc_nano.a(lib_a-findfp.o)
                0x000000000800c808                __sf_fake_stdin
 .rodata.__sf_fake_stdout
                0x000000000800c828       0x20 /home/zhonx/.opt/AC6/plugins/fr.ac6.mcu.externaltools.arm-none.linux64_1.17.0.201812190825/tools/compiler/bin/../lib/gcc/arm-none-eabi/7.3.1/../../../../arm-none-eabi/lib/thumb/v7e-m/fpv5/hard/libc_nano.a(lib_a-findfp.o)
                0x000000000800c828                __sf_fake_stdout
 .rodata._vfprintf_r.str1.1
                0x000000000800c848       0x11 /home/zhonx/.opt/AC6/plugins/fr.ac6.mcu.externaltools.arm-none.linux64_1.17.0.201812190825/tools/compiler/bin/../lib/gcc/arm-none-eabi/7.3.1/../../../../arm-none-eabi/lib/thumb/v7e-m/fpv5/hard/libc_nano.a(lib_a-nano-vfprintf.o)
 .rodata._printf_i.str1.1
                0x000000000800c859       0x22 /home/zhonx/.opt/AC6/plugins/fr.ac6.mcu.externaltools.arm-none.linux64_1.17.0.201812190825/tools/compiler/bin/../lib/gcc/arm-none-eabi/7.3.1/../../../../arm-none-eabi/lib/thumb/v7e-m/fpv5/hard/libc_nano.a(lib_a-nano-vfprintf_i.o)
                0x000000000800c87c                . = ALIGN (0x4)
 *fill*         0x000000000800c87b        0x1 

.ARM.extab
 *(.ARM.extab* .gnu.linkonce.armextab.*)

.ARM            0x000000000800c87c        0x8
                0x000000000800c87c                __exidx_start = .
 *(.ARM.exidx*)
 .ARM.exidx     0x000000000800c87c        0x8 /home/zhonx/.opt/AC6/plugins/fr.ac6.mcu.externaltools.arm-none.linux64_1.17.0.201812190825/tools/compiler/bin/../lib/gcc/arm-none-eabi/7.3.1/thumb/v7e-m/fpv5/hard/libgcc.a(_udivmoddi4.o)
                0x000000000800c884                __exidx_end = .

.rel.dyn        0x000000000800c884        0x0
 .rel.iplt      0x000000000800c884        0x0 /home/zhonx/.opt/AC6/plugins/fr.ac6.mcu.externaltools.arm-none.linux64_1.17.0.201812190825/tools/compiler/bin/../lib/gcc/arm-none-eabi/7.3.1/thumb/v7e-m/fpv5/hard/crtbegin.o

.preinit_array  0x000000000800c884        0x0
                0x000000000800c884                PROVIDE (__preinit_array_start = .)
 *(.preinit_array*)
                0x000000000800c884                PROVIDE (__preinit_array_end = .)

.init_array     0x000000000800c884        0x4
                0x000000000800c884                PROVIDE (__init_array_start = .)
 *(SORT_BY_NAME(.init_array.*))
 *(.init_array*)
 .init_array    0x000000000800c884        0x4 /home/zhonx/.opt/AC6/plugins/fr.ac6.mcu.externaltools.arm-none.linux64_1.17.0.201812190825/tools/compiler/bin/../lib/gcc/arm-none-eabi/7.3.1/thumb/v7e-m/fpv5/hard/crtbegin.o
                0x000000000800c888                PROVIDE (__init_array_end = .)

.fini_array     0x000000000800c888        0x4
                [!provide]                        PROVIDE (__fini_array_start = .)
 *(SORT_BY_NAME(.fini_array.*))
 *(.fini_array*)
 .fini_array    0x000000000800c888        0x4 /home/zhonx/.opt/AC6/plugins/fr.ac6.mcu.externaltools.arm-none.linux64_1.17.0.201812190825/tools/compiler/bin/../lib/gcc/arm-none-eabi/7.3.1/thumb/v7e-m/fpv5/hard/crtbegin.o
                [!provide]                        PROVIDE (__fini_array_end = .)
                0x000000000800c88c                _sidata = LOADADDR (.data)

.data           0x0000000020000000       0xd4 load address 0x000000000800c88c
                0x0000000020000000                . = ALIGN (0x4)
                0x0000000020000000                _sdata = .
 *(.data)
 .data          0x0000000020000000        0x8 Core/Src/system_stm32h7xx.o
                0x0000000020000000                SystemCoreClock
                0x0000000020000004                SystemD2Clock
 .data          0x0000000020000008        0x8 Drivers/STM32H7xx_HAL_Driver/Src/stm32h7xx_hal.o
 .data          0x0000000020000010       0x60 Peripheral/Src/bldc.o
 *(.data*)
 .data._impure_ptr
                0x0000000020000070        0x4 /home/zhonx/.opt/AC6/plugins/fr.ac6.mcu.externaltools.arm-none.linux64_1.17.0.201812190825/tools/compiler/bin/../lib/gcc/arm-none-eabi/7.3.1/../../../../arm-none-eabi/lib/thumb/v7e-m/fpv5/hard/libc_nano.a(lib_a-impure.o)
                0x0000000020000070                _impure_ptr
 .data.impure_data
                0x0000000020000074       0x60 /home/zhonx/.opt/AC6/plugins/fr.ac6.mcu.externaltools.arm-none.linux64_1.17.0.201812190825/tools/compiler/bin/../lib/gcc/arm-none-eabi/7.3.1/../../../../arm-none-eabi/lib/thumb/v7e-m/fpv5/hard/libc_nano.a(lib_a-impure.o)
                0x00000000200000d4                . = ALIGN (0x4)
                0x00000000200000d4                _edata = .

.igot.plt       0x00000000200000d4        0x0 load address 0x000000000800c960
 .igot.plt      0x00000000200000d4        0x0 /home/zhonx/.opt/AC6/plugins/fr.ac6.mcu.externaltools.arm-none.linux64_1.17.0.201812190825/tools/compiler/bin/../lib/gcc/arm-none-eabi/7.3.1/thumb/v7e-m/fpv5/hard/crtbegin.o
                0x00000000200000d4                . = ALIGN (0x4)

.bss            0x00000000200000e0      0x3a4 load address 0x000000000800c960
                0x00000000200000e0                _sbss = .
                0x00000000200000e0                __bss_start__ = _sbss
 *(.bss)
 .bss           0x00000000200000e0       0x1c /home/zhonx/.opt/AC6/plugins/fr.ac6.mcu.externaltools.arm-none.linux64_1.17.0.201812190825/tools/compiler/bin/../lib/gcc/arm-none-eabi/7.3.1/thumb/v7e-m/fpv5/hard/crtbegin.o
 .bss           0x00000000200000fc        0x8 Core/Src/syscalls.o
                0x0000000020000100                __env
 .bss           0x0000000020000104        0x4 Drivers/STM32H7xx_HAL_Driver/Src/stm32h7xx_hal.o
 *fill*         0x0000000020000108       0x18 
 .bss           0x0000000020000120       0x24 Peripheral/Src/aesm-4096.o
 .bss           0x0000000020000144        0x2 Peripheral/Src/bldc.o
                0x0000000020000144                bldc_dir
                0x0000000020000145                bldc_sync
 *(.bss*)
 *fill*         0x0000000020000146        0x2 
 .bss.__malloc_free_list
                0x0000000020000148        0x4 /home/zhonx/.opt/AC6/plugins/fr.ac6.mcu.externaltools.arm-none.linux64_1.17.0.201812190825/tools/compiler/bin/../lib/gcc/arm-none-eabi/7.3.1/../../../../arm-none-eabi/lib/thumb/v7e-m/fpv5/hard/libc_nano.a(lib_a-nano-mallocr.o)
                0x0000000020000148                __malloc_free_list
 .bss.__malloc_sbrk_start
                0x000000002000014c        0x4 /home/zhonx/.opt/AC6/plugins/fr.ac6.mcu.externaltools.arm-none.linux64_1.17.0.201812190825/tools/compiler/bin/../lib/gcc/arm-none-eabi/7.3.1/../../../../arm-none-eabi/lib/thumb/v7e-m/fpv5/hard/libc_nano.a(lib_a-nano-mallocr.o)
                0x000000002000014c                __malloc_sbrk_start
 *(COMMON)
 COMMON         0x0000000020000150       0x64 Core/Src/adc.o
                0x0000000020000150                hadc1
 COMMON         0x00000000200001b4      0x100 Core/Src/spi.o
                0x00000000200001b4                hspi1
                0x000000002000023c                hdma_spi1_rx
 COMMON         0x00000000200002b4       0xc0 Core/Src/tim.o
                0x00000000200002b4                htim6
                0x00000000200002f4                htim1
                0x0000000020000334                htim2
 COMMON         0x0000000020000374       0x8c Core/Src/usart.o
                0x0000000020000374                huart3
 COMMON         0x0000000020000400       0x80 Peripheral/Src/bldc.o
                0x0000000020000400                sBreakConfig
                0x000000002000042c                sPWMConfig3
                0x0000000020000448                sPWMConfig1
                0x0000000020000464                sPWMConfig2
 COMMON         0x0000000020000480        0x4 /home/zhonx/.opt/AC6/plugins/fr.ac6.mcu.externaltools.arm-none.linux64_1.17.0.201812190825/tools/compiler/bin/../lib/gcc/arm-none-eabi/7.3.1/../../../../arm-none-eabi/lib/thumb/v7e-m/fpv5/hard/libc_nano.a(lib_a-reent.o)
                0x0000000020000480                errno
                0x0000000020000484                . = ALIGN (0x4)
                0x0000000020000484                _ebss = .
                0x0000000020000484                __bss_end__ = _ebss

._user_heap_stack
                0x0000000020000484      0x604 load address 0x000000000800c960
                0x0000000020000488                . = ALIGN (0x8)
 *fill*         0x0000000020000484        0x4 
                0x0000000020000488                PROVIDE (end = .)
                [!provide]                        PROVIDE (_end = .)
                0x0000000020000688                . = (. + _Min_Heap_Size)
 *fill*         0x0000000020000488      0x200 
                0x0000000020000a88                . = (. + _Min_Stack_Size)
 *fill*         0x0000000020000688      0x400 
                0x0000000020000a88                . = ALIGN (0x8)

/DISCARD/
 libc.a(*)
 libm.a(*)
 libgcc.a(*)

.ARM.attributes
                0x0000000000000000       0x2e
 *(.ARM.attributes)
 .ARM.attributes
                0x0000000000000000       0x20 /home/zhonx/.opt/AC6/plugins/fr.ac6.mcu.externaltools.arm-none.linux64_1.17.0.201812190825/tools/compiler/bin/../lib/gcc/arm-none-eabi/7.3.1/thumb/v7e-m/fpv5/hard/crti.o
 .ARM.attributes
                0x0000000000000020       0x32 /home/zhonx/.opt/AC6/plugins/fr.ac6.mcu.externaltools.arm-none.linux64_1.17.0.201812190825/tools/compiler/bin/../lib/gcc/arm-none-eabi/7.3.1/thumb/v7e-m/fpv5/hard/crtbegin.o
 .ARM.attributes
                0x0000000000000052       0x37 Core/Src/adc.o
 .ARM.attributes
                0x0000000000000089       0x37 Core/Src/dma.o
 .ARM.attributes
                0x00000000000000c0       0x37 Core/Src/gpio.o
 .ARM.attributes
                0x00000000000000f7       0x37 Core/Src/main.o
 .ARM.attributes
                0x000000000000012e       0x37 Core/Src/spi.o
 .ARM.attributes
                0x0000000000000165       0x37 Core/Src/stm32h7xx_hal_msp.o
 .ARM.attributes
                0x000000000000019c       0x37 Core/Src/stm32h7xx_it.o
 .ARM.attributes
                0x00000000000001d3       0x37 Core/Src/syscalls.o
 .ARM.attributes
                0x000000000000020a       0x37 Core/Src/system_stm32h7xx.o
 .ARM.attributes
                0x0000000000000241       0x37 Core/Src/tim.o
 .ARM.attributes
                0x0000000000000278       0x37 Core/Src/usart.o
 .ARM.attributes
                0x00000000000002af       0x37 Drivers/STM32H7xx_HAL_Driver/Src/stm32h7xx_hal.o
 .ARM.attributes
                0x00000000000002e6       0x37 Drivers/STM32H7xx_HAL_Driver/Src/stm32h7xx_hal_adc.o
 .ARM.attributes
                0x000000000000031d       0x37 Drivers/STM32H7xx_HAL_Driver/Src/stm32h7xx_hal_adc_ex.o
 .ARM.attributes
                0x0000000000000354       0x37 Drivers/STM32H7xx_HAL_Driver/Src/stm32h7xx_hal_cortex.o
 .ARM.attributes
                0x000000000000038b       0x37 Drivers/STM32H7xx_HAL_Driver/Src/stm32h7xx_hal_dma.o
 .ARM.attributes
                0x00000000000003c2       0x37 Drivers/STM32H7xx_HAL_Driver/Src/stm32h7xx_hal_gpio.o
 .ARM.attributes
                0x00000000000003f9       0x37 Drivers/STM32H7xx_HAL_Driver/Src/stm32h7xx_hal_pwr_ex.o
 .ARM.attributes
                0x0000000000000430       0x37 Drivers/STM32H7xx_HAL_Driver/Src/stm32h7xx_hal_rcc.o
 .ARM.attributes
                0x0000000000000467       0x37 Drivers/STM32H7xx_HAL_Driver/Src/stm32h7xx_hal_rcc_ex.o
 .ARM.attributes
                0x000000000000049e       0x37 Drivers/STM32H7xx_HAL_Driver/Src/stm32h7xx_hal_spi.o
 .ARM.attributes
                0x00000000000004d5       0x37 Drivers/STM32H7xx_HAL_Driver/Src/stm32h7xx_hal_tim.o
 .ARM.attributes
                0x000000000000050c       0x37 Drivers/STM32H7xx_HAL_Driver/Src/stm32h7xx_hal_tim_ex.o
 .ARM.attributes
                0x0000000000000543       0x37 Drivers/STM32H7xx_HAL_Driver/Src/stm32h7xx_hal_uart.o
 .ARM.attributes
                0x000000000000057a       0x37 Drivers/STM32H7xx_HAL_Driver/Src/stm32h7xx_hal_uart_ex.o
 .ARM.attributes
                0x00000000000005b1       0x37 Peripheral/Src/aesm-4096.o
 .ARM.attributes
                0x00000000000005e8       0x37 Peripheral/Src/bldc.o
 .ARM.attributes
                0x000000000000061f       0x21 startup/startup_stm32h743xx.o
 .ARM.attributes
                0x0000000000000640       0x20 /home/zhonx/.opt/AC6/plugins/fr.ac6.mcu.externaltools.arm-none.linux64_1.17.0.201812190825/tools/compiler/bin/../lib/gcc/arm-none-eabi/7.3.1/thumb/v7e-m/fpv5/hard/libgcc.a(_aeabi_uldivmod.o)
 .ARM.attributes
                0x0000000000000660       0x32 /home/zhonx/.opt/AC6/plugins/fr.ac6.mcu.externaltools.arm-none.linux64_1.17.0.201812190825/tools/compiler/bin/../lib/gcc/arm-none-eabi/7.3.1/thumb/v7e-m/fpv5/hard/libgcc.a(_udivmoddi4.o)
 .ARM.attributes
                0x0000000000000692       0x20 /home/zhonx/.opt/AC6/plugins/fr.ac6.mcu.externaltools.arm-none.linux64_1.17.0.201812190825/tools/compiler/bin/../lib/gcc/arm-none-eabi/7.3.1/thumb/v7e-m/fpv5/hard/libgcc.a(_dvmd_tls.o)
 .ARM.attributes
                0x00000000000006b2       0x32 /home/zhonx/.opt/AC6/plugins/fr.ac6.mcu.externaltools.arm-none.linux64_1.17.0.201812190825/tools/compiler/bin/../lib/gcc/arm-none-eabi/7.3.1/../../../../arm-none-eabi/lib/thumb/v7e-m/fpv5/hard/libc_nano.a(lib_a-errno.o)
 .ARM.attributes
                0x00000000000006e4       0x32 /home/zhonx/.opt/AC6/plugins/fr.ac6.mcu.externaltools.arm-none.linux64_1.17.0.201812190825/tools/compiler/bin/../lib/gcc/arm-none-eabi/7.3.1/../../../../arm-none-eabi/lib/thumb/v7e-m/fpv5/hard/libc_nano.a(lib_a-impure.o)
 .ARM.attributes
                0x0000000000000716       0x32 /home/zhonx/.opt/AC6/plugins/fr.ac6.mcu.externaltools.arm-none.linux64_1.17.0.201812190825/tools/compiler/bin/../lib/gcc/arm-none-eabi/7.3.1/../../../../arm-none-eabi/lib/thumb/v7e-m/fpv5/hard/libc_nano.a(lib_a-init.o)
 .ARM.attributes
                0x0000000000000748       0x32 /home/zhonx/.opt/AC6/plugins/fr.ac6.mcu.externaltools.arm-none.linux64_1.17.0.201812190825/tools/compiler/bin/../lib/gcc/arm-none-eabi/7.3.1/../../../../arm-none-eabi/lib/thumb/v7e-m/fpv5/hard/libc_nano.a(lib_a-memset.o)
 .ARM.attributes
                0x000000000000077a       0x32 /home/zhonx/.opt/AC6/plugins/fr.ac6.mcu.externaltools.arm-none.linux64_1.17.0.201812190825/tools/compiler/bin/../lib/gcc/arm-none-eabi/7.3.1/../../../../arm-none-eabi/lib/thumb/v7e-m/fpv5/hard/libc_nano.a(lib_a-printf.o)
 .ARM.attributes
                0x00000000000007ac       0x32 /home/zhonx/.opt/AC6/plugins/fr.ac6.mcu.externaltools.arm-none.linux64_1.17.0.201812190825/tools/compiler/bin/../lib/gcc/arm-none-eabi/7.3.1/../../../../arm-none-eabi/lib/thumb/v7e-m/fpv5/hard/libc_nano.a(lib_a-findfp.o)
 .ARM.attributes
                0x00000000000007de       0x32 /home/zhonx/.opt/AC6/plugins/fr.ac6.mcu.externaltools.arm-none.linux64_1.17.0.201812190825/tools/compiler/bin/../lib/gcc/arm-none-eabi/7.3.1/../../../../arm-none-eabi/lib/thumb/v7e-m/fpv5/hard/libc_nano.a(lib_a-fwalk.o)
 .ARM.attributes
                0x0000000000000810       0x32 /home/zhonx/.opt/AC6/plugins/fr.ac6.mcu.externaltools.arm-none.linux64_1.17.0.201812190825/tools/compiler/bin/../lib/gcc/arm-none-eabi/7.3.1/../../../../arm-none-eabi/lib/thumb/v7e-m/fpv5/hard/libc_nano.a(lib_a-nano-mallocr.o)
 .ARM.attributes
                0x0000000000000842       0x32 /home/zhonx/.opt/AC6/plugins/fr.ac6.mcu.externaltools.arm-none.linux64_1.17.0.201812190825/tools/compiler/bin/../lib/gcc/arm-none-eabi/7.3.1/../../../../arm-none-eabi/lib/thumb/v7e-m/fpv5/hard/libc_nano.a(lib_a-nano-vfprintf.o)
 .ARM.attributes
                0x0000000000000874       0x32 /home/zhonx/.opt/AC6/plugins/fr.ac6.mcu.externaltools.arm-none.linux64_1.17.0.201812190825/tools/compiler/bin/../lib/gcc/arm-none-eabi/7.3.1/../../../../arm-none-eabi/lib/thumb/v7e-m/fpv5/hard/libc_nano.a(lib_a-nano-vfprintf_i.o)
 .ARM.attributes
                0x00000000000008a6       0x32 /home/zhonx/.opt/AC6/plugins/fr.ac6.mcu.externaltools.arm-none.linux64_1.17.0.201812190825/tools/compiler/bin/../lib/gcc/arm-none-eabi/7.3.1/../../../../arm-none-eabi/lib/thumb/v7e-m/fpv5/hard/libc_nano.a(lib_a-sbrkr.o)
 .ARM.attributes
                0x00000000000008d8       0x32 /home/zhonx/.opt/AC6/plugins/fr.ac6.mcu.externaltools.arm-none.linux64_1.17.0.201812190825/tools/compiler/bin/../lib/gcc/arm-none-eabi/7.3.1/../../../../arm-none-eabi/lib/thumb/v7e-m/fpv5/hard/libc_nano.a(lib_a-stdio.o)
 .ARM.attributes
                0x000000000000090a       0x32 /home/zhonx/.opt/AC6/plugins/fr.ac6.mcu.externaltools.arm-none.linux64_1.17.0.201812190825/tools/compiler/bin/../lib/gcc/arm-none-eabi/7.3.1/../../../../arm-none-eabi/lib/thumb/v7e-m/fpv5/hard/libc_nano.a(lib_a-wbuf.o)
 .ARM.attributes
                0x000000000000093c       0x32 /home/zhonx/.opt/AC6/plugins/fr.ac6.mcu.externaltools.arm-none.linux64_1.17.0.201812190825/tools/compiler/bin/../lib/gcc/arm-none-eabi/7.3.1/../../../../arm-none-eabi/lib/thumb/v7e-m/fpv5/hard/libc_nano.a(lib_a-writer.o)
 .ARM.attributes
                0x000000000000096e       0x32 /home/zhonx/.opt/AC6/plugins/fr.ac6.mcu.externaltools.arm-none.linux64_1.17.0.201812190825/tools/compiler/bin/../lib/gcc/arm-none-eabi/7.3.1/../../../../arm-none-eabi/lib/thumb/v7e-m/fpv5/hard/libc_nano.a(lib_a-wsetup.o)
 .ARM.attributes
                0x00000000000009a0       0x32 /home/zhonx/.opt/AC6/plugins/fr.ac6.mcu.externaltools.arm-none.linux64_1.17.0.201812190825/tools/compiler/bin/../lib/gcc/arm-none-eabi/7.3.1/../../../../arm-none-eabi/lib/thumb/v7e-m/fpv5/hard/libc_nano.a(lib_a-closer.o)
 .ARM.attributes
                0x00000000000009d2       0x32 /home/zhonx/.opt/AC6/plugins/fr.ac6.mcu.externaltools.arm-none.linux64_1.17.0.201812190825/tools/compiler/bin/../lib/gcc/arm-none-eabi/7.3.1/../../../../arm-none-eabi/lib/thumb/v7e-m/fpv5/hard/libc_nano.a(lib_a-fflush.o)
 .ARM.attributes
                0x0000000000000a04       0x32 /home/zhonx/.opt/AC6/plugins/fr.ac6.mcu.externaltools.arm-none.linux64_1.17.0.201812190825/tools/compiler/bin/../lib/gcc/arm-none-eabi/7.3.1/../../../../arm-none-eabi/lib/thumb/v7e-m/fpv5/hard/libc_nano.a(lib_a-lseekr.o)
 .ARM.attributes
                0x0000000000000a36       0x32 /home/zhonx/.opt/AC6/plugins/fr.ac6.mcu.externaltools.arm-none.linux64_1.17.0.201812190825/tools/compiler/bin/../lib/gcc/arm-none-eabi/7.3.1/../../../../arm-none-eabi/lib/thumb/v7e-m/fpv5/hard/libc_nano.a(lib_a-makebuf.o)
 .ARM.attributes
                0x0000000000000a68       0x1e /home/zhonx/.opt/AC6/plugins/fr.ac6.mcu.externaltools.arm-none.linux64_1.17.0.201812190825/tools/compiler/bin/../lib/gcc/arm-none-eabi/7.3.1/../../../../arm-none-eabi/lib/thumb/v7e-m/fpv5/hard/libc_nano.a(lib_a-memchr.o)
 .ARM.attributes
                0x0000000000000a86       0x32 /home/zhonx/.opt/AC6/plugins/fr.ac6.mcu.externaltools.arm-none.linux64_1.17.0.201812190825/tools/compiler/bin/../lib/gcc/arm-none-eabi/7.3.1/../../../../arm-none-eabi/lib/thumb/v7e-m/fpv5/hard/libc_nano.a(lib_a-mlock.o)
 .ARM.attributes
                0x0000000000000ab8       0x32 /home/zhonx/.opt/AC6/plugins/fr.ac6.mcu.externaltools.arm-none.linux64_1.17.0.201812190825/tools/compiler/bin/../lib/gcc/arm-none-eabi/7.3.1/../../../../arm-none-eabi/lib/thumb/v7e-m/fpv5/hard/libc_nano.a(lib_a-nano-freer.o)
 .ARM.attributes
                0x0000000000000aea       0x32 /home/zhonx/.opt/AC6/plugins/fr.ac6.mcu.externaltools.arm-none.linux64_1.17.0.201812190825/tools/compiler/bin/../lib/gcc/arm-none-eabi/7.3.1/../../../../arm-none-eabi/lib/thumb/v7e-m/fpv5/hard/libc_nano.a(lib_a-readr.o)
 .ARM.attributes
                0x0000000000000b1c       0x32 /home/zhonx/.opt/AC6/plugins/fr.ac6.mcu.externaltools.arm-none.linux64_1.17.0.201812190825/tools/compiler/bin/../lib/gcc/arm-none-eabi/7.3.1/../../../../arm-none-eabi/lib/thumb/v7e-m/fpv5/hard/libc_nano.a(lib_a-reent.o)
 .ARM.attributes
                0x0000000000000b4e       0x32 /home/zhonx/.opt/AC6/plugins/fr.ac6.mcu.externaltools.arm-none.linux64_1.17.0.201812190825/tools/compiler/bin/../lib/gcc/arm-none-eabi/7.3.1/../../../../arm-none-eabi/lib/thumb/v7e-m/fpv5/hard/libc_nano.a(lib_a-fstatr.o)
 .ARM.attributes
                0x0000000000000b80       0x32 /home/zhonx/.opt/AC6/plugins/fr.ac6.mcu.externaltools.arm-none.linux64_1.17.0.201812190825/tools/compiler/bin/../lib/gcc/arm-none-eabi/7.3.1/../../../../arm-none-eabi/lib/thumb/v7e-m/fpv5/hard/libc_nano.a(lib_a-isattyr.o)
 .ARM.attributes
                0x0000000000000bb2       0x20 /home/zhonx/.opt/AC6/plugins/fr.ac6.mcu.externaltools.arm-none.linux64_1.17.0.201812190825/tools/compiler/bin/../lib/gcc/arm-none-eabi/7.3.1/thumb/v7e-m/fpv5/hard/crtn.o
OUTPUT(BLDC.elf elf32-littlearm)

.debug_info     0x0000000000000000    0x35a46
 .debug_info    0x0000000000000000     0x18a8 Core/Src/adc.o
 .debug_info    0x00000000000018a8     0x11e0 Core/Src/dma.o
 .debug_info    0x0000000000002a88     0x1611 Core/Src/gpio.o
 .debug_info    0x0000000000004099     0x2d53 Core/Src/main.o
 .debug_info    0x0000000000006dec     0x1b2d Core/Src/spi.o
 .debug_info    0x0000000000008919      0xe0e Core/Src/stm32h7xx_hal_msp.o
 .debug_info    0x0000000000009727     0x1568 Core/Src/stm32h7xx_it.o
 .debug_info    0x000000000000ac8f      0xfd3 Core/Src/syscalls.o
 .debug_info    0x000000000000bc62     0x12e5 Core/Src/system_stm32h7xx.o
 .debug_info    0x000000000000cf47     0x20d9 Core/Src/tim.o
 .debug_info    0x000000000000f020     0x1708 Core/Src/usart.o
 .debug_info    0x0000000000010728     0x20a8 Drivers/STM32H7xx_HAL_Driver/Src/stm32h7xx_hal.o
 .debug_info    0x00000000000127d0     0x3a2d Drivers/STM32H7xx_HAL_Driver/Src/stm32h7xx_hal_adc.o
 .debug_info    0x00000000000161fd     0x3914 Drivers/STM32H7xx_HAL_Driver/Src/stm32h7xx_hal_adc_ex.o
 .debug_info    0x0000000000019b11     0x1e24 Drivers/STM32H7xx_HAL_Driver/Src/stm32h7xx_hal_cortex.o
 .debug_info    0x000000000001b935     0x18f0 Drivers/STM32H7xx_HAL_Driver/Src/stm32h7xx_hal_dma.o
 .debug_info    0x000000000001d225     0x17cd Drivers/STM32H7xx_HAL_Driver/Src/stm32h7xx_hal_gpio.o
 .debug_info    0x000000000001e9f2     0x1a1f Drivers/STM32H7xx_HAL_Driver/Src/stm32h7xx_hal_pwr_ex.o
 .debug_info    0x0000000000020411     0x1e13 Drivers/STM32H7xx_HAL_Driver/Src/stm32h7xx_hal_rcc.o
 .debug_info    0x0000000000022224     0x22cb Drivers/STM32H7xx_HAL_Driver/Src/stm32h7xx_hal_rcc_ex.o
 .debug_info    0x00000000000244ef     0x2481 Drivers/STM32H7xx_HAL_Driver/Src/stm32h7xx_hal_spi.o
 .debug_info    0x0000000000026970     0x53fa Drivers/STM32H7xx_HAL_Driver/Src/stm32h7xx_hal_tim.o
 .debug_info    0x000000000002bd6a     0x27de Drivers/STM32H7xx_HAL_Driver/Src/stm32h7xx_hal_tim_ex.o
 .debug_info    0x000000000002e548     0x2dff Drivers/STM32H7xx_HAL_Driver/Src/stm32h7xx_hal_uart.o
 .debug_info    0x0000000000031347     0x1716 Drivers/STM32H7xx_HAL_Driver/Src/stm32h7xx_hal_uart_ex.o
 .debug_info    0x0000000000032a5d     0x15b2 Peripheral/Src/aesm-4096.o
 .debug_info    0x000000000003400f     0x1a15 Peripheral/Src/bldc.o
 .debug_info    0x0000000000035a24       0x22 startup/startup_stm32h743xx.o

.debug_abbrev   0x0000000000000000     0x4f68
 .debug_abbrev  0x0000000000000000      0x28c Core/Src/adc.o
 .debug_abbrev  0x000000000000028c      0x254 Core/Src/dma.o
 .debug_abbrev  0x00000000000004e0      0x254 Core/Src/gpio.o
 .debug_abbrev  0x0000000000000734      0x363 Core/Src/main.o
 .debug_abbrev  0x0000000000000a97      0x29d Core/Src/spi.o
 .debug_abbrev  0x0000000000000d34      0x21b Core/Src/stm32h7xx_hal_msp.o
 .debug_abbrev  0x0000000000000f4f      0x26e Core/Src/stm32h7xx_it.o
 .debug_abbrev  0x00000000000011bd      0x2d4 Core/Src/syscalls.o
 .debug_abbrev  0x0000000000001491      0x248 Core/Src/system_stm32h7xx.o
 .debug_abbrev  0x00000000000016d9      0x2d9 Core/Src/tim.o
 .debug_abbrev  0x00000000000019b2      0x2b7 Core/Src/usart.o
 .debug_abbrev  0x0000000000001c69      0x312 Drivers/STM32H7xx_HAL_Driver/Src/stm32h7xx_hal.o
 .debug_abbrev  0x0000000000001f7b      0x353 Drivers/STM32H7xx_HAL_Driver/Src/stm32h7xx_hal_adc.o
 .debug_abbrev  0x00000000000022ce      0x3a2 Drivers/STM32H7xx_HAL_Driver/Src/stm32h7xx_hal_adc_ex.o
 .debug_abbrev  0x0000000000002670      0x413 Drivers/STM32H7xx_HAL_Driver/Src/stm32h7xx_hal_cortex.o
 .debug_abbrev  0x0000000000002a83      0x326 Drivers/STM32H7xx_HAL_Driver/Src/stm32h7xx_hal_dma.o
 .debug_abbrev  0x0000000000002da9      0x32b Drivers/STM32H7xx_HAL_Driver/Src/stm32h7xx_hal_gpio.o
 .debug_abbrev  0x00000000000030d4      0x387 Drivers/STM32H7xx_HAL_Driver/Src/stm32h7xx_hal_pwr_ex.o
 .debug_abbrev  0x000000000000345b      0x303 Drivers/STM32H7xx_HAL_Driver/Src/stm32h7xx_hal_rcc.o
 .debug_abbrev  0x000000000000375e      0x327 Drivers/STM32H7xx_HAL_Driver/Src/stm32h7xx_hal_rcc_ex.o
 .debug_abbrev  0x0000000000003a85      0x31f Drivers/STM32H7xx_HAL_Driver/Src/stm32h7xx_hal_spi.o
 .debug_abbrev  0x0000000000003da4      0x2eb Drivers/STM32H7xx_HAL_Driver/Src/stm32h7xx_hal_tim.o
 .debug_abbrev  0x000000000000408f      0x2fc Drivers/STM32H7xx_HAL_Driver/Src/stm32h7xx_hal_tim_ex.o
 .debug_abbrev  0x000000000000438b      0x31f Drivers/STM32H7xx_HAL_Driver/Src/stm32h7xx_hal_uart.o
 .debug_abbrev  0x00000000000046aa      0x2eb Drivers/STM32H7xx_HAL_Driver/Src/stm32h7xx_hal_uart_ex.o
 .debug_abbrev  0x0000000000004995      0x2dc Peripheral/Src/aesm-4096.o
 .debug_abbrev  0x0000000000004c71      0x2e5 Peripheral/Src/bldc.o
 .debug_abbrev  0x0000000000004f56       0x12 startup/startup_stm32h743xx.o

.debug_loc      0x0000000000000000     0xf065
 .debug_loc     0x0000000000000000       0x74 Core/Src/adc.o
 .debug_loc     0x0000000000000074       0x64 Core/Src/main.o
 .debug_loc     0x00000000000000d8       0x63 Core/Src/spi.o
 .debug_loc     0x000000000000013b      0x3af Core/Src/syscalls.o
 .debug_loc     0x00000000000004ea      0x10c Core/Src/system_stm32h7xx.o
 .debug_loc     0x00000000000005f6      0x13b Core/Src/tim.o
 .debug_loc     0x0000000000000731       0x93 Core/Src/usart.o
 .debug_loc     0x00000000000007c4      0x5b0 Drivers/STM32H7xx_HAL_Driver/Src/stm32h7xx_hal.o
 .debug_loc     0x0000000000000d74     0x1b91 Drivers/STM32H7xx_HAL_Driver/Src/stm32h7xx_hal_adc.o
 .debug_loc     0x0000000000002905     0x1d91 Drivers/STM32H7xx_HAL_Driver/Src/stm32h7xx_hal_adc_ex.o
 .debug_loc     0x0000000000004696      0x752 Drivers/STM32H7xx_HAL_Driver/Src/stm32h7xx_hal_cortex.o
 .debug_loc     0x0000000000004de8      0xc0d Drivers/STM32H7xx_HAL_Driver/Src/stm32h7xx_hal_dma.o
 .debug_loc     0x00000000000059f5      0x4d5 Drivers/STM32H7xx_HAL_Driver/Src/stm32h7xx_hal_gpio.o
 .debug_loc     0x0000000000005eca      0x3d6 Drivers/STM32H7xx_HAL_Driver/Src/stm32h7xx_hal_pwr_ex.o
 .debug_loc     0x00000000000062a0      0x5f6 Drivers/STM32H7xx_HAL_Driver/Src/stm32h7xx_hal_rcc.o
 .debug_loc     0x0000000000006896     0x13fa Drivers/STM32H7xx_HAL_Driver/Src/stm32h7xx_hal_rcc_ex.o
 .debug_loc     0x0000000000007c90     0x1336 Drivers/STM32H7xx_HAL_Driver/Src/stm32h7xx_hal_spi.o
 .debug_loc     0x0000000000008fc6     0x2b00 Drivers/STM32H7xx_HAL_Driver/Src/stm32h7xx_hal_tim.o
 .debug_loc     0x000000000000bac6     0x12cc Drivers/STM32H7xx_HAL_Driver/Src/stm32h7xx_hal_tim_ex.o
 .debug_loc     0x000000000000cd92     0x1cd4 Drivers/STM32H7xx_HAL_Driver/Src/stm32h7xx_hal_uart.o
 .debug_loc     0x000000000000ea66      0x45e Drivers/STM32H7xx_HAL_Driver/Src/stm32h7xx_hal_uart_ex.o
 .debug_loc     0x000000000000eec4       0xf8 Peripheral/Src/aesm-4096.o
 .debug_loc     0x000000000000efbc       0xa9 Peripheral/Src/bldc.o

.debug_aranges  0x0000000000000000     0x1520
 .debug_aranges
                0x0000000000000000       0x30 Core/Src/adc.o
 .debug_aranges
                0x0000000000000030       0x20 Core/Src/dma.o
 .debug_aranges
                0x0000000000000050       0x20 Core/Src/gpio.o
 .debug_aranges
                0x0000000000000070       0x38 Core/Src/main.o
 .debug_aranges
                0x00000000000000a8       0x30 Core/Src/spi.o
 .debug_aranges
                0x00000000000000d8       0x20 Core/Src/stm32h7xx_hal_msp.o
 .debug_aranges
                0x00000000000000f8       0x98 Core/Src/stm32h7xx_it.o
 .debug_aranges
                0x0000000000000190       0xb0 Core/Src/syscalls.o
 .debug_aranges
                0x0000000000000240       0x28 Core/Src/system_stm32h7xx.o
 .debug_aranges
                0x0000000000000268       0x58 Core/Src/tim.o
 .debug_aranges
                0x00000000000002c0       0x38 Core/Src/usart.o
 .debug_aranges
                0x00000000000002f8      0x1a0 Drivers/STM32H7xx_HAL_Driver/Src/stm32h7xx_hal.o
 .debug_aranges
                0x0000000000000498      0x100 Drivers/STM32H7xx_HAL_Driver/Src/stm32h7xx_hal_adc.o
 .debug_aranges
                0x0000000000000598      0x100 Drivers/STM32H7xx_HAL_Driver/Src/stm32h7xx_hal_adc_ex.o
 .debug_aranges
                0x0000000000000698       0xb0 Drivers/STM32H7xx_HAL_Driver/Src/stm32h7xx_hal_cortex.o
 .debug_aranges
                0x0000000000000748       0xa0 Drivers/STM32H7xx_HAL_Driver/Src/stm32h7xx_hal_dma.o
 .debug_aranges
                0x00000000000007e8       0x58 Drivers/STM32H7xx_HAL_Driver/Src/stm32h7xx_hal_gpio.o
 .debug_aranges
                0x0000000000000840      0x158 Drivers/STM32H7xx_HAL_Driver/Src/stm32h7xx_hal_pwr_ex.o
 .debug_aranges
                0x0000000000000998       0x88 Drivers/STM32H7xx_HAL_Driver/Src/stm32h7xx_hal_rcc.o
 .debug_aranges
                0x0000000000000a20       0xe0 Drivers/STM32H7xx_HAL_Driver/Src/stm32h7xx_hal_rcc_ex.o
 .debug_aranges
                0x0000000000000b00      0x1a0 Drivers/STM32H7xx_HAL_Driver/Src/stm32h7xx_hal_spi.o
 .debug_aranges
                0x0000000000000ca0      0x3c8 Drivers/STM32H7xx_HAL_Driver/Src/stm32h7xx_hal_tim.o
 .debug_aranges
                0x0000000000001068      0x170 Drivers/STM32H7xx_HAL_Driver/Src/stm32h7xx_hal_tim_ex.o
 .debug_aranges
                0x00000000000011d8      0x218 Drivers/STM32H7xx_HAL_Driver/Src/stm32h7xx_hal_uart.o
 .debug_aranges
                0x00000000000013f0       0x88 Drivers/STM32H7xx_HAL_Driver/Src/stm32h7xx_hal_uart_ex.o
 .debug_aranges
                0x0000000000001478       0x40 Peripheral/Src/aesm-4096.o
 .debug_aranges
                0x00000000000014b8       0x40 Peripheral/Src/bldc.o
 .debug_aranges
                0x00000000000014f8       0x28 startup/startup_stm32h743xx.o

.debug_ranges   0x0000000000000000     0x19d0
 .debug_ranges  0x0000000000000000       0x20 Core/Src/adc.o
 .debug_ranges  0x0000000000000020       0x10 Core/Src/dma.o
 .debug_ranges  0x0000000000000030       0x10 Core/Src/gpio.o
 .debug_ranges  0x0000000000000040       0x40 Core/Src/main.o
 .debug_ranges  0x0000000000000080       0x20 Core/Src/spi.o
 .debug_ranges  0x00000000000000a0       0x10 Core/Src/stm32h7xx_hal_msp.o
 .debug_ranges  0x00000000000000b0       0x88 Core/Src/stm32h7xx_it.o
 .debug_ranges  0x0000000000000138       0xa0 Core/Src/syscalls.o
 .debug_ranges  0x00000000000001d8       0x18 Core/Src/system_stm32h7xx.o
 .debug_ranges  0x00000000000001f0       0x48 Core/Src/tim.o
 .debug_ranges  0x0000000000000238       0x28 Core/Src/usart.o
 .debug_ranges  0x0000000000000260      0x190 Drivers/STM32H7xx_HAL_Driver/Src/stm32h7xx_hal.o
 .debug_ranges  0x00000000000003f0      0x398 Drivers/STM32H7xx_HAL_Driver/Src/stm32h7xx_hal_adc.o
 .debug_ranges  0x0000000000000788      0x378 Drivers/STM32H7xx_HAL_Driver/Src/stm32h7xx_hal_adc_ex.o
 .debug_ranges  0x0000000000000b00      0x130 Drivers/STM32H7xx_HAL_Driver/Src/stm32h7xx_hal_cortex.o
 .debug_ranges  0x0000000000000c30       0xa8 Drivers/STM32H7xx_HAL_Driver/Src/stm32h7xx_hal_dma.o
 .debug_ranges  0x0000000000000cd8       0x48 Drivers/STM32H7xx_HAL_Driver/Src/stm32h7xx_hal_gpio.o
 .debug_ranges  0x0000000000000d20      0x148 Drivers/STM32H7xx_HAL_Driver/Src/stm32h7xx_hal_pwr_ex.o
 .debug_ranges  0x0000000000000e68       0xf0 Drivers/STM32H7xx_HAL_Driver/Src/stm32h7xx_hal_rcc.o
 .debug_ranges  0x0000000000000f58       0xd0 Drivers/STM32H7xx_HAL_Driver/Src/stm32h7xx_hal_rcc_ex.o
 .debug_ranges  0x0000000000001028      0x190 Drivers/STM32H7xx_HAL_Driver/Src/stm32h7xx_hal_spi.o
 .debug_ranges  0x00000000000011b8      0x3b8 Drivers/STM32H7xx_HAL_Driver/Src/stm32h7xx_hal_tim.o
 .debug_ranges  0x0000000000001570      0x160 Drivers/STM32H7xx_HAL_Driver/Src/stm32h7xx_hal_tim_ex.o
 .debug_ranges  0x00000000000016d0      0x208 Drivers/STM32H7xx_HAL_Driver/Src/stm32h7xx_hal_uart.o
 .debug_ranges  0x00000000000018d8       0x78 Drivers/STM32H7xx_HAL_Driver/Src/stm32h7xx_hal_uart_ex.o
 .debug_ranges  0x0000000000001950       0x30 Peripheral/Src/aesm-4096.o
 .debug_ranges  0x0000000000001980       0x30 Peripheral/Src/bldc.o
 .debug_ranges  0x00000000000019b0       0x20 startup/startup_stm32h743xx.o

.debug_macro    0x0000000000000000    0x3a3cb
 .debug_macro   0x0000000000000000      0x2ce Core/Src/adc.o