Archive member included to satisfy reference by file (symbol)

/home/zhonx/.opt/AC6/plugins/fr.ac6.mcu.externaltools.arm-none.linux64_1.17.0.201812190825/tools/compiler/bin/../lib/gcc/arm-none-eabi/7.3.1/thumb/v7e-m/fpv5/hard/libgcc.a(_aeabi_uldivmod.o)
                              Drivers/STM32H7xx_HAL_Driver/Src/stm32h7xx_hal_uart.o (__aeabi_uldivmod)
/home/zhonx/.opt/AC6/plugins/fr.ac6.mcu.externaltools.arm-none.linux64_1.17.0.201812190825/tools/compiler/bin/../lib/gcc/arm-none-eabi/7.3.1/thumb/v7e-m/fpv5/hard/libgcc.a(_udivmoddi4.o)
                              /home/zhonx/.opt/AC6/plugins/fr.ac6.mcu.externaltools.arm-none.linux64_1.17.0.201812190825/tools/compiler/bin/../lib/gcc/arm-none-eabi/7.3.1/thumb/v7e-m/fpv5/hard/libgcc.a(_aeabi_uldivmod.o) (__udivmoddi4)
/home/zhonx/.opt/AC6/plugins/fr.ac6.mcu.externaltools.arm-none.linux64_1.17.0.201812190825/tools/compiler/bin/../lib/gcc/arm-none-eabi/7.3.1/thumb/v7e-m/fpv5/hard/libgcc.a(_dvmd_tls.o)
                              /home/zhonx/.opt/AC6/plugins/fr.ac6.mcu.externaltools.arm-none.linux64_1.17.0.201812190825/tools/compiler/bin/../lib/gcc/arm-none-eabi/7.3.1/thumb/v7e-m/fpv5/hard/libgcc.a(_aeabi_uldivmod.o) (__aeabi_ldiv0)
/home/zhonx/.opt/AC6/plugins/fr.ac6.mcu.externaltools.arm-none.linux64_1.17.0.201812190825/tools/compiler/bin/../lib/gcc/arm-none-eabi/7.3.1/../../../../arm-none-eabi/lib/thumb/v7e-m/fpv5/hard/libc_nano.a(lib_a-errno.o)
                              Core/Src/syscalls.o (__errno)
/home/zhonx/.opt/AC6/plugins/fr.ac6.mcu.externaltools.arm-none.linux64_1.17.0.201812190825/tools/compiler/bin/../lib/gcc/arm-none-eabi/7.3.1/../../../../arm-none-eabi/lib/thumb/v7e-m/fpv5/hard/libc_nano.a(lib_a-exit.o)
                              /home/zhonx/.opt/AC6/plugins/fr.ac6.mcu.externaltools.arm-none.linux64_1.17.0.201812190825/tools/compiler/bin/../lib/gcc/arm-none-eabi/7.3.1/../../../../arm-none-eabi/lib/thumb/v7e-m/fpv5/hard/crt0.o (exit)
/home/zhonx/.opt/AC6/plugins/fr.ac6.mcu.externaltools.arm-none.linux64_1.17.0.201812190825/tools/compiler/bin/../lib/gcc/arm-none-eabi/7.3.1/../../../../arm-none-eabi/lib/thumb/v7e-m/fpv5/hard/libc_nano.a(lib_a-impure.o)
                              /home/zhonx/.opt/AC6/plugins/fr.ac6.mcu.externaltools.arm-none.linux64_1.17.0.201812190825/tools/compiler/bin/../lib/gcc/arm-none-eabi/7.3.1/../../../../arm-none-eabi/lib/thumb/v7e-m/fpv5/hard/libc_nano.a(lib_a-exit.o) (_global_impure_ptr)
/home/zhonx/.opt/AC6/plugins/fr.ac6.mcu.externaltools.arm-none.linux64_1.17.0.201812190825/tools/compiler/bin/../lib/gcc/arm-none-eabi/7.3.1/../../../../arm-none-eabi/lib/thumb/v7e-m/fpv5/hard/libc_nano.a(lib_a-init.o)
                              /home/zhonx/.opt/AC6/plugins/fr.ac6.mcu.externaltools.arm-none.linux64_1.17.0.201812190825/tools/compiler/bin/../lib/gcc/arm-none-eabi/7.3.1/../../../../arm-none-eabi/lib/thumb/v7e-m/fpv5/hard/crt0.o (__libc_init_array)
/home/zhonx/.opt/AC6/plugins/fr.ac6.mcu.externaltools.arm-none.linux64_1.17.0.201812190825/tools/compiler/bin/../lib/gcc/arm-none-eabi/7.3.1/../../../../arm-none-eabi/lib/thumb/v7e-m/fpv5/hard/libc_nano.a(lib_a-memset.o)
                              /home/zhonx/.opt/AC6/plugins/fr.ac6.mcu.externaltools.arm-none.linux64_1.17.0.201812190825/tools/compiler/bin/../lib/gcc/arm-none-eabi/7.3.1/../../../../arm-none-eabi/lib/thumb/v7e-m/fpv5/hard/crt0.o (memset)
/home/zhonx/.opt/AC6/plugins/fr.ac6.mcu.externaltools.arm-none.linux64_1.17.0.201812190825/tools/compiler/bin/../lib/gcc/arm-none-eabi/7.3.1/../../../../arm-none-eabi/lib/thumb/v7e-m/fpv5/hard/libc_nano.a(lib_a-printf.o)
                              Core/Src/main.o (printf)
/home/zhonx/.opt/AC6/plugins/fr.ac6.mcu.externaltools.arm-none.linux64_1.17.0.201812190825/tools/compiler/bin/../lib/gcc/arm-none-eabi/7.3.1/../../../../arm-none-eabi/lib/thumb/v7e-m/fpv5/hard/libc_nano.a(lib_a-findfp.o)
                              /home/zhonx/.opt/AC6/plugins/fr.ac6.mcu.externaltools.arm-none.linux64_1.17.0.201812190825/tools/compiler/bin/../lib/gcc/arm-none-eabi/7.3.1/../../../../arm-none-eabi/lib/thumb/v7e-m/fpv5/hard/libc_nano.a(lib_a-printf.o) (__sinit)
/home/zhonx/.opt/AC6/plugins/fr.ac6.mcu.externaltools.arm-none.linux64_1.17.0.201812190825/tools/compiler/bin/../lib/gcc/arm-none-eabi/7.3.1/../../../../arm-none-eabi/lib/thumb/v7e-m/fpv5/hard/libc_nano.a(lib_a-fwalk.o)
                              /home/zhonx/.opt/AC6/plugins/fr.ac6.mcu.externaltools.arm-none.linux64_1.17.0.201812190825/tools/compiler/bin/../lib/gcc/arm-none-eabi/7.3.1/../../../../arm-none-eabi/lib/thumb/v7e-m/fpv5/hard/libc_nano.a(lib_a-findfp.o) (_fwalk)
/home/zhonx/.opt/AC6/plugins/fr.ac6.mcu.externaltools.arm-none.linux64_1.17.0.201812190825/tools/compiler/bin/../lib/gcc/arm-none-eabi/7.3.1/../../../../arm-none-eabi/lib/thumb/v7e-m/fpv5/hard/libc_nano.a(lib_a-nano-mallocr.o)
[...]
Memory Configuration

Name             Origin             Length             Attributes
DTCMRAM          0x0000000020000000 0x0000000000020000 xrw
RAM_D1           0x0000000024000000 0x0000000000080000 xrw
RAM_D2           0x0000000030000000 0x0000000000048000 xrw
RAM_D3           0x0000000038000000 0x0000000000010000 xrw
ITCMRAM          0x0000000000000000 0x0000000000010000 xrw
FLASH            0x0000000008000000 0x0000000000200000 xr
*default*        0x0000000000000000 0xffffffffffffffff

Linker script and memory map

LOAD /home/zhonx/.opt/AC6/plugins/fr.ac6.mcu.externaltools.arm-none.linux64_1.17.0.201812190825/tools/compiler/bin/../lib/gcc/arm-none-eabi/7.3.1/thumb/v7e-m/fpv5/hard/crti.o
LOAD /home/zhonx/.opt/AC6/plugins/fr.ac6.mcu.externaltools.arm-none.linux64_1.17.0.201812190825/tools/compiler/bin/../lib/gcc/arm-none-eabi/7.3.1/thumb/v7e-m/fpv5/hard/crtbegin.o
LOAD /home/zhonx/.opt/AC6/plugins/fr.ac6.mcu.externaltools.arm-none.linux64_1.17.0.201812190825/tools/compiler/bin/../lib/gcc/arm-none-eabi/7.3.1/../../../../arm-none-eabi/lib/thumb/v7e-m/fpv5/hard/crt0.o
LOAD Core/Src/adc.o
LOAD Core/Src/debug.o
LOAD Core/Src/dma.o
LOAD Core/Src/gpio.o
LOAD Core/Src/main.o
LOAD Core/Src/spi.o
LOAD Core/Src/stm32h7xx_hal_msp.o
LOAD Core/Src/stm32h7xx_it.o
LOAD Core/Src/syscalls.o
LOAD Core/Src/system_stm32h7xx.o
LOAD Core/Src/tim.o
LOAD Core/Src/usart.o
LOAD Drivers/STM32H7xx_HAL_Driver/Src/stm32h7xx_hal.o
LOAD Drivers/STM32H7xx_HAL_Driver/Src/stm32h7xx_hal_adc.o
LOAD Drivers/STM32H7xx_HAL_Driver/Src/stm32h7xx_hal_adc_ex.o
LOAD Drivers/STM32H7xx_HAL_Driver/Src/stm32h7xx_hal_cortex.o
LOAD Drivers/STM32H7xx_HAL_Driver/Src/stm32h7xx_hal_dma.o
LOAD Drivers/STM32H7xx_HAL_Driver/Src/stm32h7xx_hal_dma_ex.o
LOAD Drivers/STM32H7xx_HAL_Driver/Src/stm32h7xx_hal_flash.o
LOAD Drivers/STM32H7xx_HAL_Driver/Src/stm32h7xx_hal_flash_ex.o
LOAD Drivers/STM32H7xx_HAL_Driver/Src/stm32h7xx_hal_gpio.o
LOAD Drivers/STM32H7xx_HAL_Driver/Src/stm32h7xx_hal_hsem.o
LOAD Drivers/STM32H7xx_HAL_Driver/Src/stm32h7xx_hal_i2c.o
LOAD Drivers/STM32H7xx_HAL_Driver/Src/stm32h7xx_hal_i2c_ex.o
LOAD Drivers/STM32H7xx_HAL_Driver/Src/stm32h7xx_hal_mdma.o
LOAD Drivers/STM32H7xx_HAL_Driver/Src/stm32h7xx_hal_pwr.o
LOAD Drivers/STM32H7xx_HAL_Driver/Src/stm32h7xx_hal_pwr_ex.o
LOAD Drivers/STM32H7xx_HAL_Driver/Src/stm32h7xx_hal_rcc.o
LOAD Drivers/STM32H7xx_HAL_Driver/Src/stm32h7xx_hal_rcc_ex.o
LOAD Drivers/STM32H7xx_HAL_Driver/Src/stm32h7xx_hal_spi.o
LOAD Drivers/STM32H7xx_HAL_Driver/Src/stm32h7xx_hal_spi_ex.o
LOAD Drivers/STM32H7xx_HAL_Driver/Src/stm32h7xx_hal_tim.o
LOAD Drivers/STM32H7xx_HAL_Driver/Src/stm32h7xx_hal_tim_ex.o
LOAD Drivers/STM32H7xx_HAL_Driver/Src/stm32h7xx_hal_uart.o
LOAD Drivers/STM32H7xx_HAL_Driver/Src/stm32h7xx_hal_uart_ex.o
LOAD Drivers/STM32H7xx_LL_Driver/Src/stm32h7xx_ll_gpio.o
LOAD Peripheral/Src/aesm-4096.o
LOAD Peripheral/Src/bldc.o
LOAD Peripheral/Src/times_base.o
LOAD startup/startup_stm32h743xx.o
LOAD /home/zhonx/.opt/AC6/plugins/fr.ac6.mcu.externaltools.arm-none.linux64_1.17.0.201812190825/tools/compiler/bin/../lib/gcc/arm-none-eabi/7.3.1/../../../../arm-none-eabi/lib/thumb/v7e-m/fpv5/hard/libm.a
START GROUP
LOAD /home/zhonx/.opt/AC6/plugins/fr.ac6.mcu.externaltools.arm-none.linux64_1.17.0.201812190825/tools/compiler/bin/../lib/gcc/arm-none-eabi/7.3.1/thumb/v7e-m/fpv5/hard/libgcc.a
LOAD /home/zhonx/.opt/AC6/plugins/fr.ac6.mcu.externaltools.arm-none.linux64_1.17.0.201812190825/tools/compiler/bin/../lib/gcc/arm-none-eabi/7.3.1/../../../../arm-none-eabi/lib/thumb/v7e-m/fpv5/hard/libc_nano.a
END GROUP
START GROUP
LOAD /home/zhonx/.opt/AC6/plugins/fr.ac6.mcu.externaltools.arm-none.linux64_1.17.0.201812190825/tools/compiler/bin/../lib/gcc/arm-none-eabi/7.3.1/thumb/v7e-m/fpv5/hard/libgcc.a
LOAD /home/zhonx/.opt/AC6/plugins/fr.ac6.mcu.externaltools.arm-none.linux64_1.17.0.201812190825/tools/compiler/bin/../lib/gcc/arm-none-eabi/7.3.1/../../../../arm-none-eabi/lib/thumb/v7e-m/fpv5/hard/libc_nano.a
LOAD /home/zhonx/.opt/AC6/plugins/fr.ac6.mcu.externaltools.arm-none.linux64_1.17.0.201812190825/tools/compiler/bin/../lib/gcc/arm-none-eabi/7.3.1/../../../../arm-none-eabi/lib/thumb/v7e-m/fpv5/hard/libnosys.a
END GROUP
START GROUP
LOAD /home/zhonx/.opt/AC6/plugins/fr.ac6.mcu.externaltools.arm-none.linux64_1.17.0.201812190825/tools/compiler/bin/../lib/gcc/arm-none-eabi/7.3.1/thumb/v7e-m/fpv5/hard/libgcc.a
LOAD /home/zhonx/.opt/AC6/plugins/fr.ac6.mcu.externaltools.arm-none.linux64_1.17.0.201812190825/tools/compiler/bin/../lib/gcc/arm-none-eabi/7.3.1/../../../../arm-none-eabi/lib/thumb/v7e-m/fpv5/hard/libc_nano.a
LOAD /home/zhonx/.opt/AC6/plugins/fr.ac6.mcu.externaltools.arm-none.linux64_1.17.0.201812190825/tools/compiler/bin/../lib/gcc/arm-none-eabi/7.3.1/../../../../arm-none-eabi/lib/thumb/v7e-m/fpv5/hard/libnosys.a
END GROUP
LOAD /home/zhonx/.opt/AC6/plugins/fr.ac6.mcu.externaltools.arm-none.linux64_1.17.0.201812190825/tools/compiler/bin/../lib/gcc/arm-none-eabi/7.3.1/thumb/v7e-m/fpv5/hard/crtend.o
LOAD /home/zhonx/.opt/AC6/plugins/fr.ac6.mcu.externaltools.arm-none.linux64_1.17.0.201812190825/tools/compiler/bin/../lib/gcc/arm-none-eabi/7.3.1/thumb/v7e-m/fpv5/hard/crtn.o
                0x0000000020020000                _estack = 0x20020000
                0x0000000000000200                _Min_Heap_Size = 0x200
                0x0000000000000400                _Min_Stack_Size = 0x400

.isr_vector     0x0000000008000000      0x298
                0x0000000008000000                . = ALIGN (0x4)
 *(.isr_vector)
 .isr_vector    0x0000000008000000      0x298 startup/startup_stm32h743xx.o
                0x0000000008000000                g_pfnVectors
                0x0000000008000298                . = ALIGN (0x4)

.text           0x00000000080002a0     0x8e68
                0x00000000080002a0                . = ALIGN (0x4)
 *(.text)
 .text          0x00000000080002a0       0x40 /home/zhonx/.opt/AC6/plugins/fr.ac6.mcu.externaltools.arm-none.linux64_1.17.0.201812190825/tools/compiler/bin/../lib/gcc/arm-none-eabi/7.3.1/thumb/v7e-m/fpv5/hard/crtbegin.o
 .text          0x00000000080002e0       0x30 /home/zhonx/.opt/AC6/plugins/fr.ac6.mcu.externaltools.arm-none.linux64_1.17.0.201812190825/tools/compiler/bin/../lib/gcc/arm-none-eabi/7.3.1/thumb/v7e-m/fpv5/hard/libgcc.a(_aeabi_uldivmod.o)
                0x00000000080002e0                __aeabi_uldivmod
 .text          0x0000000008000310      0x2cc /home/zhonx/.opt/AC6/plugins/fr.ac6.mcu.externaltools.arm-none.linux64_1.17.0.201812190825/tools/compiler/bin/../lib/gcc/arm-none-eabi/7.3.1/thumb/v7e-m/fpv5/hard/libgcc.a(_udivmoddi4.o)
                0x0000000008000310                __udivmoddi4
 .text          0x00000000080005dc        0x4 /home/zhonx/.opt/AC6/plugins/fr.ac6.mcu.externaltools.arm-none.linux64_1.17.0.201812190825/tools/compiler/bin/../lib/gcc/arm-none-eabi/7.3.1/thumb/v7e-m/fpv5/hard/libgcc.a(_dvmd_tls.o)
                0x00000000080005dc                __aeabi_ldiv0
                0x00000000080005dc                __aeabi_idiv0
 .text          0x00000000080005e0       0xa0 /home/zhonx/.opt/AC6/plugins/fr.ac6.mcu.externaltools.arm-none.linux64_1.17.0.201812190825/tools/compiler/bin/../lib/gcc/arm-none-eabi/7.3.1/../../../../arm-none-eabi/lib/thumb/v7e-m/fpv5/hard/libc_nano.a(lib_a-memchr.o)
                0x00000000080005e0                memchr
 *(.text*)
 .text.MX_ADC1_Init
                0x0000000008000680       0xa0 Core/Src/adc.o
                0x0000000008000680                MX_ADC1_Init
 .text.HAL_ADC_MspInit
                0x0000000008000720       0x9c Core/Src/adc.o
                0x0000000008000720                HAL_ADC_MspInit
 .text.MX_DMA_Init
                0x00000000080007bc       0x38 Core/Src/dma.o
                0x00000000080007bc                MX_DMA_Init
 .text.MX_GPIO_Init
                0x00000000080007f4      0x188 Core/Src/gpio.o
                0x00000000080007f4                MX_GPIO_Init
 .text.SystemClock_Config
                0x000000000800097c       0xfc Core/Src/main.o
                0x000000000800097c                SystemClock_Config
 .text.main     0x0000000008000a78       0xe4 Core/Src/main.o
                0x0000000008000a78                main
 .text.Error_Handler
                0x0000000008000b5c        0x2 Core/Src/main.o
                0x0000000008000b5c                Error_Handler
 *fill*         0x0000000008000b5e        0x2 
 .text.MX_SPI1_Init
                0x0000000008000b60       0x60 Core/Src/spi.o
                0x0000000008000b60                MX_SPI1_Init
 .text.HAL_SPI_MspInit
                0x0000000008000bc0       0xd0 Core/Src/spi.o
                0x0000000008000bc0                HAL_SPI_MspInit
 .text.HAL_MspInit
                0x0000000008000c90       0x24 Core/Src/stm32h7xx_hal_msp.o
                0x0000000008000c90                HAL_MspInit
 .text.NMI_Handler
                0x0000000008000cb4        0x2 Core/Src/stm32h7xx_it.o
                0x0000000008000cb4                NMI_Handler
 .text.HardFault_Handler
                0x0000000008000cb6        0x2 Core/Src/stm32h7xx_it.o
                0x0000000008000cb6                HardFault_Handler
 .text.MemManage_Handler
                0x0000000008000cb8        0x2 Core/Src/stm32h7xx_it.o
                0x0000000008000cb8                MemManage_Handler
 .text.BusFault_Handler
                0x0000000008000cba        0x2 Core/Src/stm32h7xx_it.o
                0x0000000008000cba                BusFault_Handler
 .text.UsageFault_Handler
                0x0000000008000cbc        0x2 Core/Src/stm32h7xx_it.o
                0x0000000008000cbc                UsageFault_Handler
 .text.SVC_Handler
                0x0000000008000cbe        0x2 Core/Src/stm32h7xx_it.o
                0x0000000008000cbe                SVC_Handler
 .text.DebugMon_Handler
                0x0000000008000cc0        0x2 Core/Src/stm32h7xx_it.o
                0x0000000008000cc0                DebugMon_Handler
 .text.PendSV_Handler
                0x0000000008000cc2        0x2 Core/Src/stm32h7xx_it.o
                0x0000000008000cc2                PendSV_Handler
 .text.SysTick_Handler
                0x0000000008000cc4        0x8 Core/Src/stm32h7xx_it.o
                0x0000000008000cc4                SysTick_Handler
 .text.DMA1_Stream0_IRQHandler
                0x0000000008000ccc       0x10 Core/Src/stm32h7xx_it.o
                0x0000000008000ccc                DMA1_Stream0_IRQHandler
 .text.TIM1_BRK_IRQHandler
                0x0000000008000cdc       0x10 Core/Src/stm32h7xx_it.o
                0x0000000008000cdc                TIM1_BRK_IRQHandler
 .text.TIM1_TRG_COM_IRQHandler
                0x0000000008000cec       0x10 Core/Src/stm32h7xx_it.o
                0x0000000008000cec                TIM1_TRG_COM_IRQHandler
 .text.TIM2_IRQHandler
                0x0000000008000cfc       0x10 Core/Src/stm32h7xx_it.o
                0x0000000008000cfc                TIM2_IRQHandler
 .text.SPI1_IRQHandler
                0x0000000008000d0c       0x10 Core/Src/stm32h7xx_it.o
                0x0000000008000d0c                SPI1_IRQHandler
 .text.EXTI15_10_IRQHandler
                0x0000000008000d1c        0xc Core/Src/stm32h7xx_it.o
                0x0000000008000d1c                EXTI15_10_IRQHandler
 .text.TIM6_DAC_IRQHandler
                0x0000000008000d28       0x10 Core/Src/stm32h7xx_it.o
                0x0000000008000d28                TIM6_DAC_IRQHandler
 .text._read    0x0000000008000d38       0x1c Core/Src/syscalls.o
                0x0000000008000d38                _read
 .text._write   0x0000000008000d54       0x1c Core/Src/syscalls.o
                0x0000000008000d54                _write
 .text._sbrk    0x0000000008000d70       0x3c Core/Src/syscalls.o
                0x0000000008000d70                _sbrk
 .text._close   0x0000000008000dac        0x6 Core/Src/syscalls.o
                0x0000000008000dac                _close
 .text._fstat   0x0000000008000db2        0xa Core/Src/syscalls.o
                0x0000000008000db2                _fstat
 .text._isatty  0x0000000008000dbc        0x4 Core/Src/syscalls.o
                0x0000000008000dbc                _isatty
 .text._lseek   0x0000000008000dc0        0x4 Core/Src/syscalls.o
                0x0000000008000dc0                _lseek
 .text.SystemInit
                0x0000000008000dc4       0x7c Core/Src/system_stm32h7xx.o
                0x0000000008000dc4                SystemInit
 .text.MX_TIM2_Init
                0x0000000008000e40       0x98 Core/Src/tim.o
                0x0000000008000e40                MX_TIM2_Init
 .text.MX_TIM6_Init
                0x0000000008000ed8       0x50 Core/Src/tim.o
                0x0000000008000ed8                MX_TIM6_Init
 .text.HAL_TIM_OC_MspInit
                0x0000000008000f28       0x58 Core/Src/tim.o
                0x0000000008000f28                HAL_TIM_OC_MspInit
 .text.HAL_TIM_Base_MspInit
                0x0000000008000f80       0xec Core/Src/tim.o
                0x0000000008000f80                HAL_TIM_Base_MspInit
 .text.HAL_TIM_MspPostInit
                0x000000000800106c       0x94 Core/Src/tim.o
                0x000000000800106c                HAL_TIM_MspPostInit
 .text.MX_TIM1_Init
                0x0000000008001100      0x108 Core/Src/tim.o
                0x0000000008001100                MX_TIM1_Init
 .text.MX_USART3_UART_Init
                0x0000000008001208       0x6c Core/Src/usart.o
                0x0000000008001208                MX_USART3_UART_Init
 .text.HAL_UART_MspInit
                0x0000000008001274       0x74 Core/Src/usart.o
                0x0000000008001274                HAL_UART_MspInit
 .text.HAL_InitTick
                0x00000000080012e8       0x4c Drivers/STM32H7xx_HAL_Driver/Src/stm32h7xx_hal.o
                0x00000000080012e8                HAL_InitTick
 .text.HAL_Init
                0x0000000008001334       0x5c Drivers/STM32H7xx_HAL_Driver/Src/stm32h7xx_hal.o
                0x0000000008001334                HAL_Init
 .text.HAL_IncTick
                0x0000000008001390       0x18 Drivers/STM32H7xx_HAL_Driver/Src/stm32h7xx_hal.o
                0x0000000008001390                HAL_IncTick
 .text.HAL_GetTick
                0x00000000080013a8        0xc Drivers/STM32H7xx_HAL_Driver/Src/stm32h7xx_hal.o
                0x00000000080013a8                HAL_GetTick
 .text.HAL_Delay
                0x00000000080013b4       0x28 Drivers/STM32H7xx_HAL_Driver/Src/stm32h7xx_hal.o
                0x00000000080013b4                HAL_Delay
 .text.HAL_GetREVID
                0x00000000080013dc        0xc Drivers/STM32H7xx_HAL_Driver/Src/stm32h7xx_hal.o
                0x00000000080013dc                HAL_GetREVID
 .text.HAL_SYSCFG_AnalogSwitchConfig
                0x00000000080013e8       0x14 Drivers/STM32H7xx_HAL_Driver/Src/stm32h7xx_hal.o
                0x00000000080013e8                HAL_SYSCFG_AnalogSwitchConfig
 .text.HAL_ADC_ConfigChannel
                0x00000000080013fc      0x494 Drivers/STM32H7xx_HAL_Driver/Src/stm32h7xx_hal_adc.o
                0x00000000080013fc                HAL_ADC_ConfigChannel
 .text.ADC_ConfigureBoostMode
                0x0000000008001890      0x170 Drivers/STM32H7xx_HAL_Driver/Src/stm32h7xx_hal_adc.o
                0x0000000008001890                ADC_ConfigureBoostMode
 .text.HAL_ADC_Init
                0x0000000008001a00      0x278 Drivers/STM32H7xx_HAL_Driver/Src/stm32h7xx_hal_adc.o
                0x0000000008001a00                HAL_ADC_Init
 .text.HAL_ADCEx_MultiModeConfigChannel
                0x0000000008001c78      0x178 Drivers/STM32H7xx_HAL_Driver/Src/stm32h7xx_hal_adc_ex.o
                0x0000000008001c78                HAL_ADCEx_MultiModeConfigChannel
 .text.HAL_NVIC_SetPriorityGrouping
                0x0000000008001df0       0x24 Drivers/STM32H7xx_HAL_Driver/Src/stm32h7xx_hal_cortex.o
                0x0000000008001df0                HAL_NVIC_SetPriorityGrouping
 .text.HAL_NVIC_SetPriority
                0x0000000008001e14       0x64 Drivers/STM32H7xx_HAL_Driver/Src/stm32h7xx_hal_cortex.o
                0x0000000008001e14                HAL_NVIC_SetPriority
 .text.HAL_NVIC_EnableIRQ
                0x0000000008001e78       0x1c Drivers/STM32H7xx_HAL_Driver/Src/stm32h7xx_hal_cortex.o
                0x0000000008001e78                HAL_NVIC_EnableIRQ
 .text.HAL_SYSTICK_Config
                0x0000000008001e94       0x2c Drivers/STM32H7xx_HAL_Driver/Src/stm32h7xx_hal_cortex.o
                0x0000000008001e94                HAL_SYSTICK_Config
 .text.DMA_CalcBaseAndBitshift
                0x0000000008001ec0       0xb8 Drivers/STM32H7xx_HAL_Driver/Src/stm32h7xx_hal_dma.o
 .text.DMA_CheckFifoParam
                0x0000000008001f78       0x92 Drivers/STM32H7xx_HAL_Driver/Src/stm32h7xx_hal_dma.o
 *fill*         0x000000000800200a        0x2 
 .text.DMA_CalcDMAMUXChannelBaseAndMask
                0x000000000800200c       0xb0 Drivers/STM32H7xx_HAL_Driver/Src/stm32h7xx_hal_dma.o
 .text.DMA_CalcDMAMUXRequestGenBaseAndMask
                0x00000000080020bc       0x7c Drivers/STM32H7xx_HAL_Driver/Src/stm32h7xx_hal_dma.o
 .text.HAL_DMA_Init
                0x0000000008002138      0x2c4 Drivers/STM32H7xx_HAL_Driver/Src/stm32h7xx_hal_dma.o
                0x0000000008002138                HAL_DMA_Init
 .text.HAL_DMA_Abort_IT
                0x00000000080023fc      0x1e4 Drivers/STM32H7xx_HAL_Driver/Src/stm32h7xx_hal_dma.o
                0x00000000080023fc                HAL_DMA_Abort_IT
 .text.HAL_DMA_IRQHandler
                0x00000000080025e0      0x738 Drivers/STM32H7xx_HAL_Driver/Src/stm32h7xx_hal_dma.o
                0x00000000080025e0                HAL_DMA_IRQHandler
 .text.HAL_GPIO_Init
                0x0000000008002d18      0x1e4 Drivers/STM32H7xx_HAL_Driver/Src/stm32h7xx_hal_gpio.o
                0x0000000008002d18                HAL_GPIO_Init
 .text.HAL_GPIO_WritePin
                0x0000000008002efc        0xc Drivers/STM32H7xx_HAL_Driver/Src/stm32h7xx_hal_gpio.o
                0x0000000008002efc                HAL_GPIO_WritePin
 .text.HAL_GPIO_EXTI_Callback
                0x0000000008002f08        0x2 Drivers/STM32H7xx_HAL_Driver/Src/stm32h7xx_hal_gpio.o
                0x0000000008002f08                HAL_GPIO_EXTI_Callback
 *fill*         0x0000000008002f0a        0x2 
 .text.HAL_GPIO_EXTI_IRQHandler
                0x0000000008002f0c       0x1c Drivers/STM32H7xx_HAL_Driver/Src/stm32h7xx_hal_gpio.o
                0x0000000008002f0c                HAL_GPIO_EXTI_IRQHandler
 .text.HAL_PWREx_ConfigSupply
                0x0000000008002f28       0x50 Drivers/STM32H7xx_HAL_Driver/Src/stm32h7xx_hal_pwr_ex.o
                0x0000000008002f28                HAL_PWREx_ConfigSupply
 .text.HAL_RCC_OscConfig
                0x0000000008002f78      0x5b0 Drivers/STM32H7xx_HAL_Driver/Src/stm32h7xx_hal_rcc.o
                0x0000000008002f78                HAL_RCC_OscConfig
 .text.HAL_RCC_GetSysClockFreq
                0x0000000008003528      0x1ec Drivers/STM32H7xx_HAL_Driver/Src/stm32h7xx_hal_rcc.o
                0x0000000008003528                HAL_RCC_GetSysClockFreq
 .text.HAL_RCC_ClockConfig
                0x0000000008003714      0x274 Drivers/STM32H7xx_HAL_Driver/Src/stm32h7xx_hal_rcc.o
                0x0000000008003714                HAL_RCC_ClockConfig
 .text.HAL_RCC_GetHCLKFreq
                0x0000000008003988       0x2c Drivers/STM32H7xx_HAL_Driver/Src/stm32h7xx_hal_rcc.o
                0x0000000008003988                HAL_RCC_GetHCLKFreq
 .text.HAL_RCC_GetPCLK1Freq
                0x00000000080039b4       0x24 Drivers/STM32H7xx_HAL_Driver/Src/stm32h7xx_hal_rcc.o
                0x00000000080039b4                HAL_RCC_GetPCLK1Freq
 .text.HAL_RCC_GetPCLK2Freq
                0x00000000080039d8       0x24 Drivers/STM32H7xx_HAL_Driver/Src/stm32h7xx_hal_rcc.o
                0x00000000080039d8                HAL_RCC_GetPCLK2Freq
 .text.RCCEx_PLL2_Config
                0x00000000080039fc      0x10c Drivers/STM32H7xx_HAL_Driver/Src/stm32h7xx_hal_rcc_ex.o
 .text.RCCEx_PLL3_Config
                0x0000000008003b08      0x10c Drivers/STM32H7xx_HAL_Driver/Src/stm32h7xx_hal_rcc_ex.o
 .text.HAL_RCCEx_PeriphCLKConfig
                0x0000000008003c14      0x930 Drivers/STM32H7xx_HAL_Driver/Src/stm32h7xx_hal_rcc_ex.o
                0x0000000008003c14                HAL_RCCEx_PeriphCLKConfig
 .text.HAL_RCCEx_GetD3PCLK1Freq
                0x0000000008004544       0x24 Drivers/STM32H7xx_HAL_Driver/Src/stm32h7xx_hal_rcc_ex.o
                0x0000000008004544                HAL_RCCEx_GetD3PCLK1Freq
 .text.HAL_RCCEx_GetPLL2ClockFreq
                0x0000000008004568      0x1fc Drivers/STM32H7xx_HAL_Driver/Src/stm32h7xx_hal_rcc_ex.o
                0x0000000008004568                HAL_RCCEx_GetPLL2ClockFreq
 .text.HAL_RCCEx_GetPLL3ClockFreq
                0x0000000008004764      0x1fc Drivers/STM32H7xx_HAL_Driver/Src/stm32h7xx_hal_rcc_ex.o
                0x0000000008004764                HAL_RCCEx_GetPLL3ClockFreq
 .text.HAL_RCCEx_GetPLL1ClockFreq
                0x0000000008004960      0x1fc Drivers/STM32H7xx_HAL_Driver/Src/stm32h7xx_hal_rcc_ex.o
                0x0000000008004960                HAL_RCCEx_GetPLL1ClockFreq
 .text.HAL_RCCEx_GetPeriphCLKFreq
                0x0000000008004b5c      0x2dc Drivers/STM32H7xx_HAL_Driver/Src/stm32h7xx_hal_rcc_ex.o
                0x0000000008004b5c                HAL_RCCEx_GetPeriphCLKFreq
 .text.HAL_RCCEx_GetD1SysClockFreq
                0x0000000008004e38       0x2c Drivers/STM32H7xx_HAL_Driver/Src/stm32h7xx_hal_rcc_ex.o
                0x0000000008004e38                HAL_RCCEx_GetD1SysClockFreq
 .text.SPI_RxISR_8BIT
                0x0000000008004e64       0x30 Drivers/STM32H7xx_HAL_Driver/Src/stm32h7xx_hal_spi.o
 .text.SPI_RxISR_16BIT
                0x0000000008004e94       0x2e Drivers/STM32H7xx_HAL_Driver/Src/stm32h7xx_hal_spi.o
 .text.SPI_RxISR_32BIT
                0x0000000008004ec2       0x2e Drivers/STM32H7xx_HAL_Driver/Src/stm32h7xx_hal_spi.o
 .text.SPI_TxISR_8BIT
                0x0000000008004ef0       0x30 Drivers/STM32H7xx_HAL_Driver/Src/stm32h7xx_hal_spi.o
 .text.SPI_TxISR_16BIT
                0x0000000008004f20       0x2e Drivers/STM32H7xx_HAL_Driver/Src/stm32h7xx_hal_spi.o
 .text.SPI_TxISR_32BIT
                0x0000000008004f4e       0x2e Drivers/STM32H7xx_HAL_Driver/Src/stm32h7xx_hal_spi.o
 .text.SPI_CloseTransfer
                0x0000000008004f7c       0xd0 Drivers/STM32H7xx_HAL_Driver/Src/stm32h7xx_hal_spi.o
 .text.SPI_GetPacketSize
                0x000000000800504c       0x10 Drivers/STM32H7xx_HAL_Driver/Src/stm32h7xx_hal_spi.o
 .text.HAL_SPI_Init
                0x000000000800505c      0x150 Drivers/STM32H7xx_HAL_Driver/Src/stm32h7xx_hal_spi.o
                0x000000000800505c                HAL_SPI_Init
 .text.HAL_SPI_TransmitReceive_IT
                0x00000000080051ac      0x108 Drivers/STM32H7xx_HAL_Driver/Src/stm32h7xx_hal_spi.o
                0x00000000080051ac                HAL_SPI_TransmitReceive_IT
 .text.HAL_SPI_Receive_IT
                0x00000000080052b4       0xfc Drivers/STM32H7xx_HAL_Driver/Src/stm32h7xx_hal_spi.o
                0x00000000080052b4                HAL_SPI_Receive_IT
 .text.HAL_SPI_TxCpltCallback
                0x00000000080053b0        0x2 Drivers/STM32H7xx_HAL_Driver/Src/stm32h7xx_hal_spi.o
                0x00000000080053b0                HAL_SPI_TxCpltCallback
 .text.HAL_SPI_TxRxCpltCallback
                0x00000000080053b2        0x2 Drivers/STM32H7xx_HAL_Driver/Src/stm32h7xx_hal_spi.o
                0x00000000080053b2                HAL_SPI_TxRxCpltCallback
 .text.HAL_SPI_ErrorCallback
                0x00000000080053b4        0x2 Drivers/STM32H7xx_HAL_Driver/Src/stm32h7xx_hal_spi.o
                0x00000000080053b4                HAL_SPI_ErrorCallback
 *fill*         0x00000000080053b6        0x2 
 .text.HAL_SPI_IRQHandler
                0x00000000080053b8      0x258 Drivers/STM32H7xx_HAL_Driver/Src/stm32h7xx_hal_spi.o
                0x00000000080053b8                HAL_SPI_IRQHandler
 .text.SPI_DMAAbortOnError
                0x0000000008005610       0x1a Drivers/STM32H7xx_HAL_Driver/Src/stm32h7xx_hal_spi.o
 *fill*         0x000000000800562a        0x2 
 .text.TIM_OC1_SetConfig
                0x000000000800562c       0xa4 Drivers/STM32H7xx_HAL_Driver/Src/stm32h7xx_hal_tim.o
 .text.TIM_OC3_SetConfig
                0x00000000080056d0       0x90 Drivers/STM32H7xx_HAL_Driver/Src/stm32h7xx_hal_tim.o
 .text.TIM_OC4_SetConfig
                0x0000000008005760       0x70 Drivers/STM32H7xx_HAL_Driver/Src/stm32h7xx_hal_tim.o
 .text.TIM_OC5_SetConfig
                0x00000000080057d0       0x70 Drivers/STM32H7xx_HAL_Driver/Src/stm32h7xx_hal_tim.o
 .text.TIM_OC6_SetConfig
                0x0000000008005840       0x70 Drivers/STM32H7xx_HAL_Driver/Src/stm32h7xx_hal_tim.o
 .text.TIM_TI1_ConfigInputStage
                0x00000000080058b0       0x26 Drivers/STM32H7xx_HAL_Driver/Src/stm32h7xx_hal_tim.o
 .text.TIM_TI2_ConfigInputStage
                0x00000000080058d6       0x28 Drivers/STM32H7xx_HAL_Driver/Src/stm32h7xx_hal_tim.o
 *fill*         0x00000000080058fe        0x2 
 .text.TIM_ITRx_SetConfig
                0x0000000008005900       0x14 Drivers/STM32H7xx_HAL_Driver/Src/stm32h7xx_hal_tim.o
 .text.HAL_TIM_Base_Start_IT
                0x0000000008005914       0x2c Drivers/STM32H7xx_HAL_Driver/Src/stm32h7xx_hal_tim.o
                0x0000000008005914                HAL_TIM_Base_Start_IT
 .text.HAL_TIM_OC_DelayElapsedCallback
                0x0000000008005940        0x2 Drivers/STM32H7xx_HAL_Driver/Src/stm32h7xx_hal_tim.o
                0x0000000008005940                HAL_TIM_OC_DelayElapsedCallback
 .text.HAL_TIM_IC_CaptureCallback
                0x0000000008005942        0x2 Drivers/STM32H7xx_HAL_Driver/Src/stm32h7xx_hal_tim.o
                0x0000000008005942                HAL_TIM_IC_CaptureCallback
 .text.HAL_TIM_PWM_PulseFinishedCallback
                0x0000000008005944        0x2 Drivers/STM32H7xx_HAL_Driver/Src/stm32h7xx_hal_tim.o
                0x0000000008005944                HAL_TIM_PWM_PulseFinishedCallback
 .text.HAL_TIM_TriggerCallback
                0x0000000008005946        0x2 Drivers/STM32H7xx_HAL_Driver/Src/stm32h7xx_hal_tim.o
                0x0000000008005946                HAL_TIM_TriggerCallback
 .text.HAL_TIM_IRQHandler
                0x0000000008005948      0x19a Drivers/STM32H7xx_HAL_Driver/Src/stm32h7xx_hal_tim.o
                0x0000000008005948                HAL_TIM_IRQHandler
 *fill*         0x0000000008005ae2        0x2 
 .text.TIM_Base_SetConfig
                0x0000000008005ae4      0x100 Drivers/STM32H7xx_HAL_Driver/Src/stm32h7xx_hal_tim.o
                0x0000000008005ae4                TIM_Base_SetConfig
 .text.HAL_TIM_Base_Init
                0x0000000008005be4       0x32 Drivers/STM32H7xx_HAL_Driver/Src/stm32h7xx_hal_tim.o
                0x0000000008005be4                HAL_TIM_Base_Init
 .text.HAL_TIM_OC_Init
                0x0000000008005c16       0x32 Drivers/STM32H7xx_HAL_Driver/Src/stm32h7xx_hal_tim.o
                0x0000000008005c16                HAL_TIM_OC_Init
 .text.TIM_OC2_SetConfig
                0x0000000008005c48       0x94 Drivers/STM32H7xx_HAL_Driver/Src/stm32h7xx_hal_tim.o
                0x0000000008005c48                TIM_OC2_SetConfig
 .text.HAL_TIM_OC_ConfigChannel
                0x0000000008005cdc       0x76 Drivers/STM32H7xx_HAL_Driver/Src/stm32h7xx_hal_tim.o
                0x0000000008005cdc                HAL_TIM_OC_ConfigChannel
 .text.HAL_TIM_PWM_ConfigChannel
                0x0000000008005d52      0x134 Drivers/STM32H7xx_HAL_Driver/Src/stm32h7xx_hal_tim.o
                0x0000000008005d52                HAL_TIM_PWM_ConfigChannel
 *fill*         0x0000000008005e86        0x2 
 .text.TIM_TI1_SetConfig
                0x0000000008005e88       0x90 Drivers/STM32H7xx_HAL_Driver/Src/stm32h7xx_hal_tim.o
                0x0000000008005e88                TIM_TI1_SetConfig
 .text.TIM_ETR_SetConfig
                0x0000000008005f18       0x18 Drivers/STM32H7xx_HAL_Driver/Src/stm32h7xx_hal_tim.o
                0x0000000008005f18                TIM_ETR_SetConfig
 .text.HAL_TIM_ConfigClockSource
                0x0000000008005f30      0x100 Drivers/STM32H7xx_HAL_Driver/Src/stm32h7xx_hal_tim.o
                0x0000000008005f30                HAL_TIM_ConfigClockSource
 .text.TIM_CCxChannelCmd
                0x0000000008006030       0x22 Drivers/STM32H7xx_HAL_Driver/Src/stm32h7xx_hal_tim.o
                0x0000000008006030                TIM_CCxChannelCmd
 *fill*         0x0000000008006052        0x2 
 .text.HAL_TIM_OC_Start
                0x0000000008006054       0x64 Drivers/STM32H7xx_HAL_Driver/Src/stm32h7xx_hal_tim.o
                0x0000000008006054                HAL_TIM_OC_Start
 .text.HAL_TIM_PWM_Start
                0x00000000080060b8       0x64 Drivers/STM32H7xx_HAL_Driver/Src/stm32h7xx_hal_tim.o
                0x00000000080060b8                HAL_TIM_PWM_Start
 .text.TIM_CCxNChannelCmd
                0x000000000800611c       0x22 Drivers/STM32H7xx_HAL_Driver/Src/stm32h7xx_hal_tim_ex.o
 .text.HAL_TIMEx_HallSensor_MspInit
                0x000000000800613e        0x2 Drivers/STM32H7xx_HAL_Driver/Src/stm32h7xx_hal_tim_ex.o
                0x000000000800613e                HAL_TIMEx_HallSensor_MspInit
 .text.HAL_TIMEx_HallSensor_Init
                0x0000000008006140       0xc8 Drivers/STM32H7xx_HAL_Driver/Src/stm32h7xx_hal_tim_ex.o
                0x0000000008006140                HAL_TIMEx_HallSensor_Init
 .text.HAL_TIMEx_OCN_Start
                0x0000000008006208       0x38 Drivers/STM32H7xx_HAL_Driver/Src/stm32h7xx_hal_tim_ex.o
                0x0000000008006208                HAL_TIMEx_OCN_Start
 .text.HAL_TIMEx_OCN_Stop
                0x0000000008006240       0x4c Drivers/STM32H7xx_HAL_Driver/Src/stm32h7xx_hal_tim_ex.o
                0x0000000008006240                HAL_TIMEx_OCN_Stop
 .text.HAL_TIMEx_MasterConfigSynchronization
                0x000000000800628c       0x64 Drivers/STM32H7xx_HAL_Driver/Src/stm32h7xx_hal_tim_ex.o
                0x000000000800628c                HAL_TIMEx_MasterConfigSynchronization
 .text.HAL_TIMEx_ConfigBreakDeadTime
                0x00000000080062f0       0x90 Drivers/STM32H7xx_HAL_Driver/Src/stm32h7xx_hal_tim_ex.o
                0x00000000080062f0                HAL_TIMEx_ConfigBreakDeadTime
 .text.HAL_TIMEx_CommutCallback
                0x0000000008006380        0x2 Drivers/STM32H7xx_HAL_Driver/Src/stm32h7xx_hal_tim_ex.o
                0x0000000008006380                HAL_TIMEx_CommutCallback
 .text.HAL_TIMEx_BreakCallback
                0x0000000008006382        0x2 Drivers/STM32H7xx_HAL_Driver/Src/stm32h7xx_hal_tim_ex.o
                0x0000000008006382                HAL_TIMEx_BreakCallback
 .text.HAL_TIMEx_Break2Callback
                0x0000000008006384        0x2 Drivers/STM32H7xx_HAL_Driver/Src/stm32h7xx_hal_tim_ex.o
                0x0000000008006384                HAL_TIMEx_Break2Callback
 *fill*         0x0000000008006386        0x2 
 .text.UART_SetConfig
                0x0000000008006388     0x16ec Drivers/STM32H7xx_HAL_Driver/Src/stm32h7xx_hal_uart.o
                0x0000000008006388                UART_SetConfig
 .text.UART_AdvFeatureConfig
                0x0000000008007a74       0xca Drivers/STM32H7xx_HAL_Driver/Src/stm32h7xx_hal_uart.o
                0x0000000008007a74                UART_AdvFeatureConfig
 .text.UART_WaitOnFlagUntilTimeout
                0x0000000008007b3e       0x64 Drivers/STM32H7xx_HAL_Driver/Src/stm32h7xx_hal_uart.o
                0x0000000008007b3e                UART_WaitOnFlagUntilTimeout
 .text.UART_CheckIdleState
                0x0000000008007ba2       0x72 Drivers/STM32H7xx_HAL_Driver/Src/stm32h7xx_hal_uart.o
                0x0000000008007ba2                UART_CheckIdleState
 .text.HAL_UART_Init
                0x0000000008007c14       0x66 Drivers/STM32H7xx_HAL_Driver/Src/stm32h7xx_hal_uart.o
                0x0000000008007c14                HAL_UART_Init
 *fill*         0x0000000008007c7a        0x2 
 .text.UARTEx_SetNbDataToProcess
                0x0000000008007c7c       0x74 Drivers/STM32H7xx_HAL_Driver/Src/stm32h7xx_hal_uart_ex.o
 .text.HAL_UARTEx_DisableFifoMode
                0x0000000008007cf0       0x3e Drivers/STM32H7xx_HAL_Driver/Src/stm32h7xx_hal_uart_ex.o
                0x0000000008007cf0                HAL_UARTEx_DisableFifoMode
 .text.HAL_UARTEx_SetTxFifoThreshold
                0x0000000008007d2e       0x4a Drivers/STM32H7xx_HAL_Driver/Src/stm32h7xx_hal_uart_ex.o
                0x0000000008007d2e                HAL_UARTEx_SetTxFifoThreshold
 .text.HAL_UARTEx_SetRxFifoThreshold
                0x0000000008007d78       0x4a Drivers/STM32H7xx_HAL_Driver/Src/stm32h7xx_hal_uart_ex.o
                0x0000000008007d78                HAL_UARTEx_SetRxFifoThreshold
 *fill*         0x0000000008007dc2        0x2 
 .text.aesm4096_InitEncoderTIM
                0x0000000008007dc4       0x70 Peripheral/Src/aesm-4096.o
 .text.aesm4096_Init
                0x0000000008007e34        0xc Peripheral/Src/aesm-4096.o
                0x0000000008007e34                aesm4096_Init
 .text.HAL_TIM_PeriodElapsedCallback
                0x0000000008007e40       0x24 Peripheral/Src/aesm-4096.o
                0x0000000008007e40                HAL_TIM_PeriodElapsedCallback
 .text.HAL_SPI_RxCpltCallback
                0x0000000008007e64       0x34 Peripheral/Src/aesm-4096.o
                0x0000000008007e64                HAL_SPI_RxCpltCallback
 .text.BLDC_init
                0x0000000008007e98      0x174 Peripheral/Src/bldc.o
                0x0000000008007e98                BLDC_init
 .text.BLDC_setDir
                0x000000000800800c       0x1c Peripheral/Src/bldc.o
                0x000000000800800c                BLDC_setDir
 .text.BLDC_setSync
                0x0000000008008028       0x1c Peripheral/Src/bldc.o
                0x0000000008008028                BLDC_setSync
 .text.BLDC_setDutyCycle
                0x0000000008008044       0x1c Peripheral/Src/bldc.o
                0x0000000008008044                BLDC_setDutyCycle
 .text.BLDCMotorPrepareCommutation
                0x0000000008008060      0x210 Peripheral/Src/bldc.o
                0x0000000008008060                BLDCMotorPrepareCommutation
 .text.Reset_Handler
                0x0000000008008270       0x50 startup/startup_stm32h743xx.o
                0x0000000008008270                Reset_Handler
 .text.Default_Handler
                0x00000000080082c0        0x2 startup/startup_stm32h743xx.o
                0x00000000080082c0                RTC_Alarm_IRQHandler
                0x00000000080082c0                EXTI2_IRQHandler
                0x00000000080082c0                TIM8_CC_IRQHandler
                0x00000000080082c0                HRTIM1_Master_IRQHandler
                0x00000000080082c0                UART8_IRQHandler
                0x00000000080082c0                SPI4_IRQHandler
                0x00000000080082c0                TIM1_CC_IRQHandler
                0x00000000080082c0                BDMA_Channel6_IRQHandler
                0x00000000080082c0                DMA2_Stream5_IRQHandler
                0x00000000080082c0                HRTIM1_FLT_IRQHandler
                0x00000000080082c0                JPEG_IRQHandler
                0x00000000080082c0                DMA1_Stream5_IRQHandler
                0x00000000080082c0                BDMA_Channel1_IRQHandler
                0x00000000080082c0                HRTIM1_TIMD_IRQHandler
                0x00000000080082c0                TAMP_STAMP_IRQHandler
                0x00000000080082c0                EXTI3_IRQHandler
                0x00000000080082c0                LPTIM4_IRQHandler
                0x00000000080082c0                TIM8_TRG_COM_TIM14_IRQHandler
                0x00000000080082c0                LPTIM2_IRQHandler
                0x00000000080082c0                DFSDM1_FLT1_IRQHandler
                0x00000000080082c0                DMAMUX2_OVR_IRQHandler
                0x00000000080082c0                TIM8_UP_TIM13_IRQHandler
                0x00000000080082c0                I2C3_ER_IRQHandler
                0x00000000080082c0                DFSDM1_FLT2_IRQHandler
                0x00000000080082c0                MDMA_IRQHandler
                0x00000000080082c0                LPTIM3_IRQHandler
                0x00000000080082c0                HSEM1_IRQHandler
                0x00000000080082c0                EXTI0_IRQHandler
                0x00000000080082c0                I2C2_EV_IRQHandler
                0x00000000080082c0                DMA1_Stream2_IRQHandler
                0x00000000080082c0                FPU_IRQHandler
                0x00000000080082c0                OTG_HS_WKUP_IRQHandler
                0x00000000080082c0                FDCAN1_IT1_IRQHandler
                0x00000000080082c0                LTDC_ER_IRQHandler
                0x00000000080082c0                DMA2_Stream2_IRQHandler
                0x00000000080082c0                HRTIM1_TIME_IRQHandler
                0x00000000080082c0                DCMI_IRQHandler
                0x00000000080082c0                HRTIM1_TIMC_IRQHandler
                0x00000000080082c0                DMA2_Stream3_IRQHandler
                0x00000000080082c0                SAI2_IRQHandler
                0x00000000080082c0                DFSDM1_FLT3_IRQHandler
                0x00000000080082c0                USART6_IRQHandler
                0x00000000080082c0                TIM17_IRQHandler
                0x00000000080082c0                USART3_IRQHandler
                0x00000000080082c0                BDMA_Channel7_IRQHandler
                0x00000000080082c0                LPTIM5_IRQHandler
                0x00000000080082c0                UART5_IRQHandler
                0x00000000080082c0                ADC3_IRQHandler
                0x00000000080082c0                DMA2_Stream0_IRQHandler
                0x00000000080082c0                TIM4_IRQHandler
                0x00000000080082c0                BDMA_Channel2_IRQHandler
                0x00000000080082c0                QUADSPI_IRQHandler
                0x00000000080082c0                I2C1_EV_IRQHandler
                0x00000000080082c0                DMA1_Stream6_IRQHandler
                0x00000000080082c0                DMAMUX1_OVR_IRQHandler
                0x00000000080082c0                DMA1_Stream1_IRQHandler
                0x00000000080082c0                TIM16_IRQHandler
                0x00000000080082c0                UART4_IRQHandler
                0x00000000080082c0                BDMA_Channel5_IRQHandler
                0x00000000080082c0                TIM3_IRQHandler
                0x00000000080082c0                RCC_IRQHandler
                0x00000000080082c0                TIM8_BRK_TIM12_IRQHandler
                0x00000000080082c0                Default_Handler
                0x00000000080082c0                ECC_IRQHandler
                0x00000000080082c0                CEC_IRQHandler
                0x00000000080082c0                BDMA_Channel0_IRQHandler
                0x00000000080082c0                ADC_IRQHandler
                0x00000000080082c0                DMA1_Stream7_IRQHandler
                0x00000000080082c0                HRTIM1_TIMA_IRQHandler
                0x00000000080082c0                SPI5_IRQHandler
                0x00000000080082c0                TIM7_IRQHandler
                0x00000000080082c0                SDMMC1_IRQHandler
                0x00000000080082c0                TIM5_IRQHandler
                0x00000000080082c0                DMA2_Stream7_IRQHandler
                0x00000000080082c0                TIM15_IRQHandler
                0x00000000080082c0                PVD_AVD_IRQHandler
                0x00000000080082c0                I2C3_EV_IRQHandler
                0x00000000080082c0                EXTI9_5_IRQHandler
                0x00000000080082c0                RTC_WKUP_IRQHandler
                0x00000000080082c0                LTDC_IRQHandler
                0x00000000080082c0                SAI3_IRQHandler
                0x00000000080082c0                ETH_WKUP_IRQHandler
                0x00000000080082c0                SPDIF_RX_IRQHandler
                0x00000000080082c0                SPI2_IRQHandler
                0x00000000080082c0                OTG_HS_EP1_IN_IRQHandler
                0x00000000080082c0                CRS_IRQHandler
                0x00000000080082c0                EXTI4_IRQHandler
                0x00000000080082c0                RNG_IRQHandler
                0x00000000080082c0                HRTIM1_TIMB_IRQHandler
                0x00000000080082c0                FDCAN2_IT1_IRQHandler
                0x00000000080082c0                ETH_IRQHandler
                0x00000000080082c0                TIM1_UP_IRQHandler
                0x00000000080082c0                BDMA_Channel4_IRQHandler
                0x00000000080082c0                OTG_HS_EP1_OUT_IRQHandler
                0x00000000080082c0                WWDG_IRQHandler
                0x00000000080082c0                SPI6_IRQHandler
                0x00000000080082c0                MDIOS_IRQHandler
                0x00000000080082c0                I2C4_EV_IRQHandler
                0x00000000080082c0                FDCAN2_IT0_IRQHandler
                0x00000000080082c0                LPUART1_IRQHandler
                0x00000000080082c0                FDCAN1_IT0_IRQHandler
                0x00000000080082c0                OTG_FS_WKUP_IRQHandler
                0x00000000080082c0                OTG_HS_IRQHandler
                0x00000000080082c0                DMA2D_IRQHandler
                0x00000000080082c0                EXTI1_IRQHandler
                0x00000000080082c0                SDMMC2_IRQHandler
                0x00000000080082c0                OTG_FS_EP1_OUT_IRQHandler
                0x00000000080082c0                BDMA_Channel3_IRQHandler
                0x00000000080082c0                UART7_IRQHandler
                0x00000000080082c0                MDIOS_WKUP_IRQHandler
                0x00000000080082c0                USART2_IRQHandler
                0x00000000080082c0                DFSDM1_FLT0_IRQHandler
                0x00000000080082c0                SAI4_IRQHandler
                0x00000000080082c0                I2C2_ER_IRQHandler
                0x00000000080082c0                DMA2_Stream1_IRQHandler
                0x00000000080082c0                FLASH_IRQHandler
                0x00000000080082c0                DMA2_Stream4_IRQHandler
                0x00000000080082c0                USART1_IRQHandler
                0x00000000080082c0                OTG_FS_IRQHandler
                0x00000000080082c0                SPI3_IRQHandler
                0x00000000080082c0                WAKEUP_PIN_IRQHandler
                0x00000000080082c0                DMA1_Stream4_IRQHandler
                0x00000000080082c0                OTG_FS_EP1_IN_IRQHandler
                0x00000000080082c0                I2C1_ER_IRQHandler
                0x00000000080082c0                FMC_IRQHandler
                0x00000000080082c0                FDCAN_CAL_IRQHandler
                0x00000000080082c0                SWPMI1_IRQHandler
                0x00000000080082c0                COMP1_IRQHandler
                0x00000000080082c0                LPTIM1_IRQHandler
                0x00000000080082c0                I2C4_ER_IRQHandler
                0x00000000080082c0                DMA2_Stream6_IRQHandler
                0x00000000080082c0                SAI1_IRQHandler
                0x00000000080082c0                DMA1_Stream3_IRQHandler
 *fill*         0x00000000080082c2        0x2 
 .text.__errno  0x00000000080082c4        0xc /home/zhonx/.opt/AC6/plugins/fr.ac6.mcu.externaltools.arm-none.linux64_1.17.0.201812190825/tools/compiler/bin/../lib/gcc/arm-none-eabi/7.3.1/../../../../arm-none-eabi/lib/thumb/v7e-m/fpv5/hard/libc_nano.a(lib_a-errno.o)
                0x00000000080082c4                __errno
 .text.__libc_init_array
                0x00000000080082d0       0x48 /home/zhonx/.opt/AC6/plugins/fr.ac6.mcu.externaltools.arm-none.linux64_1.17.0.201812190825/tools/compiler/bin/../lib/gcc/arm-none-eabi/7.3.1/../../../../arm-none-eabi/lib/thumb/v7e-m/fpv5/hard/libc_nano.a(lib_a-init.o)
                0x00000000080082d0                __libc_init_array
 .text.memset   0x0000000008008318       0x10 /home/zhonx/.opt/AC6/plugins/fr.ac6.mcu.externaltools.arm-none.linux64_1.17.0.201812190825/tools/compiler/bin/../lib/gcc/arm-none-eabi/7.3.1/../../../../arm-none-eabi/lib/thumb/v7e-m/fpv5/hard/libc_nano.a(lib_a-memset.o)
                0x0000000008008318                memset
 .text.printf   0x0000000008008328       0x30 /home/zhonx/.opt/AC6/plugins/fr.ac6.mcu.externaltools.arm-none.linux64_1.17.0.201812190825/tools/compiler/bin/../lib/gcc/arm-none-eabi/7.3.1/../../../../arm-none-eabi/lib/thumb/v7e-m/fpv5/hard/libc_nano.a(lib_a-printf.o)
                0x0000000008008328                printf
                0x0000000008008328                iprintf
 .text.std      0x0000000008008358       0x48 /home/zhonx/.opt/AC6/plugins/fr.ac6.mcu.externaltools.arm-none.linux64_1.17.0.201812190825/tools/compiler/bin/../lib/gcc/arm-none-eabi/7.3.1/../../../../arm-none-eabi/lib/thumb/v7e-m/fpv5/hard/libc_nano.a(lib_a-findfp.o)
 .text._cleanup_r
                0x00000000080083a0        0xc /home/zhonx/.opt/AC6/plugins/fr.ac6.mcu.externaltools.arm-none.linux64_1.17.0.201812190825/tools/compiler/bin/../lib/gcc/arm-none-eabi/7.3.1/../../../../arm-none-eabi/lib/thumb/v7e-m/fpv5/hard/libc_nano.a(lib_a-findfp.o)
                0x00000000080083a0                _cleanup_r
 .text.__sfmoreglue
                0x00000000080083ac       0x2c /home/zhonx/.opt/AC6/plugins/fr.ac6.mcu.externaltools.arm-none.linux64_1.17.0.201812190825/tools/compiler/bin/../lib/gcc/arm-none-eabi/7.3.1/../../../../arm-none-eabi/lib/thumb/v7e-m/fpv5/hard/libc_nano.a(lib_a-findfp.o)
                0x00000000080083ac                __sfmoreglue
 .text.__sinit  0x00000000080083d8       0x60 /home/zhonx/.opt/AC6/plugins/fr.ac6.mcu.externaltools.arm-none.linux64_1.17.0.201812190825/tools/compiler/bin/../lib/gcc/arm-none-eabi/7.3.1/../../../../arm-none-eabi/lib/thumb/v7e-m/fpv5/hard/libc_nano.a(lib_a-findfp.o)
                0x00000000080083d8                __sinit
 .text.__sfp    0x0000000008008438       0x78 /home/zhonx/.opt/AC6/plugins/fr.ac6.mcu.externaltools.arm-none.linux64_1.17.0.201812190825/tools/compiler/bin/../lib/gcc/arm-none-eabi/7.3.1/../../../../arm-none-eabi/lib/thumb/v7e-m/fpv5/hard/libc_nano.a(lib_a-findfp.o)
                0x0000000008008438                __sfp
 .text._fwalk_reent
                0x00000000080084b0       0x3c /home/zhonx/.opt/AC6/plugins/fr.ac6.mcu.externaltools.arm-none.linux64_1.17.0.201812190825/tools/compiler/bin/../lib/gcc/arm-none-eabi/7.3.1/../../../../arm-none-eabi/lib/thumb/v7e-m/fpv5/hard/libc_nano.a(lib_a-fwalk.o)
                0x00000000080084b0                _fwalk_reent
 .text._malloc_r
                0x00000000080084ec       0xb4 /home/zhonx/.opt/AC6/plugins/fr.ac6.mcu.externaltools.arm-none.linux64_1.17.0.201812190825/tools/compiler/bin/../lib/gcc/arm-none-eabi/7.3.1/../../../../arm-none-eabi/lib/thumb/v7e-m/fpv5/hard/libc_nano.a(lib_a-nano-mallocr.o)
                0x00000000080084ec                _malloc_r
 .text.__sfputc_r
                0x00000000080085a0       0x2e /home/zhonx/.opt/AC6/plugins/fr.ac6.mcu.externaltools.arm-none.linux64_1.17.0.201812190825/tools/compiler/bin/../lib/gcc/arm-none-eabi/7.3.1/../../../../arm-none-eabi/lib/thumb/v7e-m/fpv5/hard/libc_nano.a(lib_a-nano-vfprintf.o)
 .text.__sfputs_r
                0x00000000080085ce       0x24 /home/zhonx/.opt/AC6/plugins/fr.ac6.mcu.externaltools.arm-none.linux64_1.17.0.201812190825/tools/compiler/bin/../lib/gcc/arm-none-eabi/7.3.1/../../../../arm-none-eabi/lib/thumb/v7e-m/fpv5/hard/libc_nano.a(lib_a-nano-vfprintf.o)
                0x00000000080085ce                __sfputs_r
 *fill*         0x00000000080085f2        0x2 
 .text._vfprintf_r
                0x00000000080085f4      0x22c /home/zhonx/.opt/AC6/plugins/fr.ac6.mcu.externaltools.arm-none.linux64_1.17.0.201812190825/tools/compiler/bin/../lib/gcc/arm-none-eabi/7.3.1/../../../../arm-none-eabi/lib/thumb/v7e-m/fpv5/hard/libc_nano.a(lib_a-nano-vfprintf.o)
                0x00000000080085f4                _vfiprintf_r
                0x00000000080085f4                _vfprintf_r
 .text._printf_common
                0x0000000008008820       0xea /home/zhonx/.opt/AC6/plugins/fr.ac6.mcu.externaltools.arm-none.linux64_1.17.0.201812190825/tools/compiler/bin/../lib/gcc/arm-none-eabi/7.3.1/../../../../arm-none-eabi/lib/thumb/v7e-m/fpv5/hard/libc_nano.a(lib_a-nano-vfprintf_i.o)
                0x0000000008008820                _printf_common
 *fill*         0x000000000800890a        0x2 
 .text._printf_i
                0x000000000800890c      0x224 /home/zhonx/.opt/AC6/plugins/fr.ac6.mcu.externaltools.arm-none.linux64_1.17.0.201812190825/tools/compiler/bin/../lib/gcc/arm-none-eabi/7.3.1/../../../../arm-none-eabi/lib/thumb/v7e-m/fpv5/hard/libc_nano.a(lib_a-nano-vfprintf_i.o)
                0x000000000800890c                _printf_i
 .text._sbrk_r  0x0000000008008b30       0x20 /home/zhonx/.opt/AC6/plugins/fr.ac6.mcu.externaltools.arm-none.linux64_1.17.0.201812190825/tools/compiler/bin/../lib/gcc/arm-none-eabi/7.3.1/../../../../arm-none-eabi/lib/thumb/v7e-m/fpv5/hard/libc_nano.a(lib_a-sbrkr.o)
                0x0000000008008b30                _sbrk_r
 .text.__sread  0x0000000008008b50       0x22 /home/zhonx/.opt/AC6/plugins/fr.ac6.mcu.externaltools.arm-none.linux64_1.17.0.201812190825/tools/compiler/bin/../lib/gcc/arm-none-eabi/7.3.1/../../../../arm-none-eabi/lib/thumb/v7e-m/fpv5/hard/libc_nano.a(lib_a-stdio.o)
                0x0000000008008b50                __sread
 .text.__swrite
                0x0000000008008b72       0x38 /home/zhonx/.opt/AC6/plugins/fr.ac6.mcu.externaltools.arm-none.linux64_1.17.0.201812190825/tools/compiler/bin/../lib/gcc/arm-none-eabi/7.3.1/../../../../arm-none-eabi/lib/thumb/v7e-m/fpv5/hard/libc_nano.a(lib_a-stdio.o)
                0x0000000008008b72                __swrite
 .text.__sseek  0x0000000008008baa       0x24 /home/zhonx/.opt/AC6/plugins/fr.ac6.mcu.externaltools.arm-none.linux64_1.17.0.201812190825/tools/compiler/bin/../lib/gcc/arm-none-eabi/7.3.1/../../../../arm-none-eabi/lib/thumb/v7e-m/fpv5/hard/libc_nano.a(lib_a-stdio.o)
                0x0000000008008baa                __sseek
 .text.__sclose
                0x0000000008008bce        0x8 /home/zhonx/.opt/AC6/plugins/fr.ac6.mcu.externaltools.arm-none.linux64_1.17.0.201812190825/tools/compiler/bin/../lib/gcc/arm-none-eabi/7.3.1/../../../../arm-none-eabi/lib/thumb/v7e-m/fpv5/hard/libc_nano.a(lib_a-stdio.o)
                0x0000000008008bce                __sclose
 *fill*         0x0000000008008bd6        0x2 
 .text.__swbuf_r
                0x0000000008008bd8       0xa4 /home/zhonx/.opt/AC6/plugins/fr.ac6.mcu.externaltools.arm-none.linux64_1.17.0.201812190825/tools/compiler/bin/../lib/gcc/arm-none-eabi/7.3.1/../../../../arm-none-eabi/lib/thumb/v7e-m/fpv5/hard/libc_nano.a(lib_a-wbuf.o)
                0x0000000008008bd8                __swbuf_r
 .text._write_r
                0x0000000008008c7c       0x24 /home/zhonx/.opt/AC6/plugins/fr.ac6.mcu.externaltools.arm-none.linux64_1.17.0.201812190825/tools/compiler/bin/../lib/gcc/arm-none-eabi/7.3.1/../../../../arm-none-eabi/lib/thumb/v7e-m/fpv5/hard/libc_nano.a(lib_a-writer.o)
                0x0000000008008c7c                _write_r
 .text.__swsetup_r
                0x0000000008008ca0       0xdc /home/zhonx/.opt/AC6/plugins/fr.ac6.mcu.externaltools.arm-none.linux64_1.17.0.201812190825/tools/compiler/bin/../lib/gcc/arm-none-eabi/7.3.1/../../../../arm-none-eabi/lib/thumb/v7e-m/fpv5/hard/libc_nano.a(lib_a-wsetup.o)
                0x0000000008008ca0                __swsetup_r
 .text._close_r
                0x0000000008008d7c       0x20 /home/zhonx/.opt/AC6/plugins/fr.ac6.mcu.externaltools.arm-none.linux64_1.17.0.201812190825/tools/compiler/bin/../lib/gcc/arm-none-eabi/7.3.1/../../../../arm-none-eabi/lib/thumb/v7e-m/fpv5/hard/libc_nano.a(lib_a-closer.o)
                0x0000000008008d7c                _close_r
 .text.__sflush_r
                0x0000000008008d9c      0x10c /home/zhonx/.opt/AC6/plugins/fr.ac6.mcu.externaltools.arm-none.linux64_1.17.0.201812190825/tools/compiler/bin/../lib/gcc/arm-none-eabi/7.3.1/../../../../arm-none-eabi/lib/thumb/v7e-m/fpv5/hard/libc_nano.a(lib_a-fflush.o)
                0x0000000008008d9c                __sflush_r
 .text._fflush_r
                0x0000000008008ea8       0x54 /home/zhonx/.opt/AC6/plugins/fr.ac6.mcu.externaltools.arm-none.linux64_1.17.0.201812190825/tools/compiler/bin/../lib/gcc/arm-none-eabi/7.3.1/../../../../arm-none-eabi/lib/thumb/v7e-m/fpv5/hard/libc_nano.a(lib_a-fflush.o)
                0x0000000008008ea8                _fflush_r
 .text._lseek_r
                0x0000000008008efc       0x24 /home/zhonx/.opt/AC6/plugins/fr.ac6.mcu.externaltools.arm-none.linux64_1.17.0.201812190825/tools/compiler/bin/../lib/gcc/arm-none-eabi/7.3.1/../../../../arm-none-eabi/lib/thumb/v7e-m/fpv5/hard/libc_nano.a(lib_a-lseekr.o)
                0x0000000008008efc                _lseek_r
 .text.__swhatbuf_r
                0x0000000008008f20       0x48 /home/zhonx/.opt/AC6/plugins/fr.ac6.mcu.externaltools.arm-none.linux64_1.17.0.201812190825/tools/compiler/bin/../lib/gcc/arm-none-eabi/7.3.1/../../../../arm-none-eabi/lib/thumb/v7e-m/fpv5/hard/libc_nano.a(lib_a-makebuf.o)
                0x0000000008008f20                __swhatbuf_r
 .text.__smakebuf_r
                0x0000000008008f68       0x80 /home/zhonx/.opt/AC6/plugins/fr.ac6.mcu.externaltools.arm-none.linux64_1.17.0.201812190825/tools/compiler/bin/../lib/gcc/arm-none-eabi/7.3.1/../../../../arm-none-eabi/lib/thumb/v7e-m/fpv5/hard/libc_nano.a(lib_a-makebuf.o)
                0x0000000008008f68                __smakebuf_r
 .text.__malloc_lock
                0x0000000008008fe8        0x2 /home/zhonx/.opt/AC6/plugins/fr.ac6.mcu.externaltools.arm-none.linux64_1.17.0.201812190825/tools/compiler/bin/../lib/gcc/arm-none-eabi/7.3.1/../../../../arm-none-eabi/lib/thumb/v7e-m/fpv5/hard/libc_nano.a(lib_a-mlock.o)
                0x0000000008008fe8                __malloc_lock
 .text.__malloc_unlock
                0x0000000008008fea        0x2 /home/zhonx/.opt/AC6/plugins/fr.ac6.mcu.externaltools.arm-none.linux64_1.17.0.201812190825/tools/compiler/bin/../lib/gcc/arm-none-eabi/7.3.1/../../../../arm-none-eabi/lib/thumb/v7e-m/fpv5/hard/libc_nano.a(lib_a-mlock.o)
                0x0000000008008fea                __malloc_unlock
 .text._free_r  0x0000000008008fec       0x9c /home/zhonx/.opt/AC6/plugins/fr.ac6.mcu.externaltools.arm-none.linux64_1.17.0.201812190825/tools/compiler/bin/../lib/gcc/arm-none-eabi/7.3.1/../../../../arm-none-eabi/lib/thumb/v7e-m/fpv5/hard/libc_nano.a(lib_a-nano-freer.o)
                0x0000000008008fec                _free_r
 .text._read_r  0x0000000008009088       0x24 /home/zhonx/.opt/AC6/plugins/fr.ac6.mcu.externaltools.arm-none.linux64_1.17.0.201812190825/tools/compiler/bin/../lib/gcc/arm-none-eabi/7.3.1/../../../../arm-none-eabi/lib/thumb/v7e-m/fpv5/hard/libc_nano.a(lib_a-readr.o)
                0x0000000008009088                _read_r
 .text._fstat_r
                0x00000000080090ac       0x24 /home/zhonx/.opt/AC6/plugins/fr.ac6.mcu.externaltools.arm-none.linux64_1.17.0.201812190825/tools/compiler/bin/../lib/gcc/arm-none-eabi/7.3.1/../../../../arm-none-eabi/lib/thumb/v7e-m/fpv5/hard/libc_nano.a(lib_a-fstatr.o)
                0x00000000080090ac                _fstat_r
 .text._isatty_r
                0x00000000080090d0       0x20 /home/zhonx/.opt/AC6/plugins/fr.ac6.mcu.externaltools.arm-none.linux64_1.17.0.201812190825/tools/compiler/bin/../lib/gcc/arm-none-eabi/7.3.1/../../../../arm-none-eabi/lib/thumb/v7e-m/fpv5/hard/libc_nano.a(lib_a-isattyr.o)
                0x00000000080090d0                _isatty_r
 *(.glue_7)
 .glue_7        0x00000000080090f0        0x0 linker stubs
 *(.glue_7t)
 .glue_7t       0x00000000080090f0        0x0 linker stubs
 *(.eh_frame)
 .eh_frame      0x00000000080090f0        0x0 /home/zhonx/.opt/AC6/plugins/fr.ac6.mcu.externaltools.arm-none.linux64_1.17.0.201812190825/tools/compiler/bin/../lib/gcc/arm-none-eabi/7.3.1/thumb/v7e-m/fpv5/hard/crtbegin.o
 *(.init)
 .init          0x00000000080090f0        0x4 /home/zhonx/.opt/AC6/plugins/fr.ac6.mcu.externaltools.arm-none.linux64_1.17.0.201812190825/tools/compiler/bin/../lib/gcc/arm-none-eabi/7.3.1/thumb/v7e-m/fpv5/hard/crti.o
                0x00000000080090f0                _init
 .init          0x00000000080090f4        0x8 /home/zhonx/.opt/AC6/plugins/fr.ac6.mcu.externaltools.arm-none.linux64_1.17.0.201812190825/tools/compiler/bin/../lib/gcc/arm-none-eabi/7.3.1/thumb/v7e-m/fpv5/hard/crtn.o
 *(.fini)
 .fini          0x00000000080090fc        0x4 /home/zhonx/.opt/AC6/plugins/fr.ac6.mcu.externaltools.arm-none.linux64_1.17.0.201812190825/tools/compiler/bin/../lib/gcc/arm-none-eabi/7.3.1/thumb/v7e-m/fpv5/hard/crti.o
                0x00000000080090fc                _fini
 .fini          0x0000000008009100        0x8 /home/zhonx/.opt/AC6/plugins/fr.ac6.mcu.externaltools.arm-none.linux64_1.17.0.201812190825/tools/compiler/bin/../lib/gcc/arm-none-eabi/7.3.1/thumb/v7e-m/fpv5/hard/crtn.o
                0x0000000008009108                . = ALIGN (0x4)
                0x0000000008009108                _etext = .

.vfp11_veneer   0x0000000008009108        0x0
 .vfp11_veneer  0x0000000008009108        0x0 linker stubs

.v4_bx          0x0000000008009108        0x0
 .v4_bx         0x0000000008009108        0x0 linker stubs

.iplt           0x0000000008009108        0x0
 .iplt          0x0000000008009108        0x0 /home/zhonx/.opt/AC6/plugins/fr.ac6.mcu.externaltools.arm-none.linux64_1.17.0.201812190825/tools/compiler/bin/../lib/gcc/arm-none-eabi/7.3.1/thumb/v7e-m/fpv5/hard/crtbegin.o

.rodata         0x0000000008009108       0xd4
                0x0000000008009108                . = ALIGN (0x4)
 *(.rodata)
 .rodata        0x0000000008009108       0x10 Core/Src/system_stm32h7xx.o
                0x0000000008009108                D1CorePrescTable
 .rodata        0x0000000008009118        0x8 Drivers/STM32H7xx_HAL_Driver/Src/stm32h7xx_hal_dma.o
 .rodata        0x0000000008009120       0x10 Drivers/STM32H7xx_HAL_Driver/Src/stm32h7xx_hal_uart_ex.o
 *(.rodata*)
 .rodata.str1.4
                0x0000000008009130       0x14 Core/Src/main.o
 .rodata._global_impure_ptr
                0x0000000008009144        0x4 /home/zhonx/.opt/AC6/plugins/fr.ac6.mcu.externaltools.arm-none.linux64_1.17.0.201812190825/tools/compiler/bin/../lib/gcc/arm-none-eabi/7.3.1/../../../../arm-none-eabi/lib/thumb/v7e-m/fpv5/hard/libc_nano.a(lib_a-impure.o)
                0x0000000008009144                _global_impure_ptr
 .rodata.__sf_fake_stderr
                0x0000000008009148       0x20 /home/zhonx/.opt/AC6/plugins/fr.ac6.mcu.externaltools.arm-none.linux64_1.17.0.201812190825/tools/compiler/bin/../lib/gcc/arm-none-eabi/7.3.1/../../../../arm-none-eabi/lib/thumb/v7e-m/fpv5/hard/libc_nano.a(lib_a-findfp.o)
                0x0000000008009148                __sf_fake_stderr
 .rodata.__sf_fake_stdin
                0x0000000008009168       0x20 /home/zhonx/.opt/AC6/plugins/fr.ac6.mcu.externaltools.arm-none.linux64_1.17.0.201812190825/tools/compiler/bin/../lib/gcc/arm-none-eabi/7.3.1/../../../../arm-none-eabi/lib/thumb/v7e-m/fpv5/hard/libc_nano.a(lib_a-findfp.o)
                0x0000000008009168                __sf_fake_stdin
 .rodata.__sf_fake_stdout
                0x0000000008009188       0x20 /home/zhonx/.opt/AC6/plugins/fr.ac6.mcu.externaltools.arm-none.linux64_1.17.0.201812190825/tools/compiler/bin/../lib/gcc/arm-none-eabi/7.3.1/../../../../arm-none-eabi/lib/thumb/v7e-m/fpv5/hard/libc_nano.a(lib_a-findfp.o)
                0x0000000008009188                __sf_fake_stdout
 .rodata._vfprintf_r.str1.1
                0x00000000080091a8       0x11 /home/zhonx/.opt/AC6/plugins/fr.ac6.mcu.externaltools.arm-none.linux64_1.17.0.201812190825/tools/compiler/bin/../lib/gcc/arm-none-eabi/7.3.1/../../../../arm-none-eabi/lib/thumb/v7e-m/fpv5/hard/libc_nano.a(lib_a-nano-vfprintf.o)
 .rodata._printf_i.str1.1
                0x00000000080091b9       0x22 /home/zhonx/.opt/AC6/plugins/fr.ac6.mcu.externaltools.arm-none.linux64_1.17.0.201812190825/tools/compiler/bin/../lib/gcc/arm-none-eabi/7.3.1/../../../../arm-none-eabi/lib/thumb/v7e-m/fpv5/hard/libc_nano.a(lib_a-nano-vfprintf_i.o)
                0x00000000080091dc                . = ALIGN (0x4)
 *fill*         0x00000000080091db        0x1 

.ARM.extab
 *(.ARM.extab* .gnu.linkonce.armextab.*)

.ARM            0x00000000080091dc        0x8
                0x00000000080091dc                __exidx_start = .
 *(.ARM.exidx*)
 .ARM.exidx     0x00000000080091dc        0x8 /home/zhonx/.opt/AC6/plugins/fr.ac6.mcu.externaltools.arm-none.linux64_1.17.0.201812190825/tools/compiler/bin/../lib/gcc/arm-none-eabi/7.3.1/thumb/v7e-m/fpv5/hard/libgcc.a(_udivmoddi4.o)
                0x00000000080091e4                __exidx_end = .

.rel.dyn        0x00000000080091e4        0x0
 .rel.iplt      0x00000000080091e4        0x0 /home/zhonx/.opt/AC6/plugins/fr.ac6.mcu.externaltools.arm-none.linux64_1.17.0.201812190825/tools/compiler/bin/../lib/gcc/arm-none-eabi/7.3.1/thumb/v7e-m/fpv5/hard/crtbegin.o

.preinit_array  0x00000000080091e4        0x0
                0x00000000080091e4                PROVIDE (__preinit_array_start = .)
 *(.preinit_array*)
                0x00000000080091e4                PROVIDE (__preinit_array_end = .)

.init_array     0x00000000080091e4        0x4
                0x00000000080091e4                PROVIDE (__init_array_start = .)
 *(SORT_BY_NAME(.init_array.*))
 *(.init_array*)
 .init_array    0x00000000080091e4        0x4 /home/zhonx/.opt/AC6/plugins/fr.ac6.mcu.externaltools.arm-none.linux64_1.17.0.201812190825/tools/compiler/bin/../lib/gcc/arm-none-eabi/7.3.1/thumb/v7e-m/fpv5/hard/crtbegin.o
                0x00000000080091e8                PROVIDE (__init_array_end = .)

.fini_array     0x00000000080091e8        0x4
                [!provide]                        PROVIDE (__fini_array_start = .)
 *(SORT_BY_NAME(.fini_array.*))
 *(.fini_array*)
 .fini_array    0x00000000080091e8        0x4 /home/zhonx/.opt/AC6/plugins/fr.ac6.mcu.externaltools.arm-none.linux64_1.17.0.201812190825/tools/compiler/bin/../lib/gcc/arm-none-eabi/7.3.1/thumb/v7e-m/fpv5/hard/crtbegin.o
                [!provide]                        PROVIDE (__fini_array_end = .)
                0x00000000080091ec                _sidata = LOADADDR (.data)

.data           0x0000000020000000       0xd4 load address 0x00000000080091ec
                0x0000000020000000                . = ALIGN (0x4)
                0x0000000020000000                _sdata = .
 *(.data)
 .data          0x0000000020000000        0x8 Core/Src/system_stm32h7xx.o
                0x0000000020000000                SystemCoreClock
                0x0000000020000004                SystemD2Clock
 .data          0x0000000020000008        0x8 Drivers/STM32H7xx_HAL_Driver/Src/stm32h7xx_hal.o
 .data          0x0000000020000010       0x60 Peripheral/Src/bldc.o
 *(.data*)
 .data._impure_ptr
                0x0000000020000070        0x4 /home/zhonx/.opt/AC6/plugins/fr.ac6.mcu.externaltools.arm-none.linux64_1.17.0.201812190825/tools/compiler/bin/../lib/gcc/arm-none-eabi/7.3.1/../../../../arm-none-eabi/lib/thumb/v7e-m/fpv5/hard/libc_nano.a(lib_a-impure.o)
                0x0000000020000070                _impure_ptr
 .data.impure_data
                0x0000000020000074       0x60 /home/zhonx/.opt/AC6/plugins/fr.ac6.mcu.externaltools.arm-none.linux64_1.17.0.201812190825/tools/compiler/bin/../lib/gcc/arm-none-eabi/7.3.1/../../../../arm-none-eabi/lib/thumb/v7e-m/fpv5/hard/libc_nano.a(lib_a-impure.o)
                0x00000000200000d4                . = ALIGN (0x4)
                0x00000000200000d4                _edata = .

.igot.plt       0x00000000200000d4        0x0 load address 0x00000000080092c0
 .igot.plt      0x00000000200000d4        0x0 /home/zhonx/.opt/AC6/plugins/fr.ac6.mcu.externaltools.arm-none.linux64_1.17.0.201812190825/tools/compiler/bin/../lib/gcc/arm-none-eabi/7.3.1/thumb/v7e-m/fpv5/hard/crtbegin.o
                0x00000000200000d4                . = ALIGN (0x4)

.bss            0x00000000200000e0      0x3a4 load address 0x00000000080092c0
                0x00000000200000e0                _sbss = .
                0x00000000200000e0                __bss_start__ = _sbss
 *(.bss)
 .bss           0x00000000200000e0       0x1c /home/zhonx/.opt/AC6/plugins/fr.ac6.mcu.externaltools.arm-none.linux64_1.17.0.201812190825/tools/compiler/bin/../lib/gcc/arm-none-eabi/7.3.1/thumb/v7e-m/fpv5/hard/crtbegin.o
 .bss           0x00000000200000fc        0x8 Core/Src/syscalls.o
                0x0000000020000100                __env
 .bss           0x0000000020000104        0x4 Drivers/STM32H7xx_HAL_Driver/Src/stm32h7xx_hal.o
 *fill*         0x0000000020000108       0x18 
 .bss           0x0000000020000120       0x24 Peripheral/Src/aesm-4096.o
 .bss           0x0000000020000144        0x2 Peripheral/Src/bldc.o
                0x0000000020000144                bldc_dir
                0x0000000020000145                bldc_sync
 *(.bss*)
 *fill*         0x0000000020000146        0x2 
 .bss.__malloc_free_list
                0x0000000020000148        0x4 /home/zhonx/.opt/AC6/plugins/fr.ac6.mcu.externaltools.arm-none.linux64_1.17.0.201812190825/tools/compiler/bin/../lib/gcc/arm-none-eabi/7.3.1/../../../../arm-none-eabi/lib/thumb/v7e-m/fpv5/hard/libc_nano.a(lib_a-nano-mallocr.o)
                0x0000000020000148                __malloc_free_list
 .bss.__malloc_sbrk_start
                0x000000002000014c        0x4 /home/zhonx/.opt/AC6/plugins/fr.ac6.mcu.externaltools.arm-none.linux64_1.17.0.201812190825/tools/compiler/bin/../lib/gcc/arm-none-eabi/7.3.1/../../../../arm-none-eabi/lib/thumb/v7e-m/fpv5/hard/libc_nano.a(lib_a-nano-mallocr.o)
                0x000000002000014c                __malloc_sbrk_start
 *(COMMON)
 COMMON         0x0000000020000150       0x64 Core/Src/adc.o
                0x0000000020000150                hadc1
 COMMON         0x00000000200001b4      0x100 Core/Src/spi.o
                0x00000000200001b4                hspi1
                0x000000002000023c                hdma_spi1_rx
 COMMON         0x00000000200002b4       0xc0 Core/Src/tim.o
                0x00000000200002b4                htim6
                0x00000000200002f4                htim1
                0x0000000020000334                htim2
 COMMON         0x0000000020000374       0x8c Core/Src/usart.o
                0x0000000020000374                huart3
 COMMON         0x0000000020000400       0x80 Peripheral/Src/bldc.o
                0x0000000020000400                sBreakConfig
                0x000000002000042c                sPWMConfig3
                0x0000000020000448                sPWMConfig1
                0x0000000020000464                sPWMConfig2
 COMMON         0x0000000020000480        0x4 /home/zhonx/.opt/AC6/plugins/fr.ac6.mcu.externaltools.arm-none.linux64_1.17.0.201812190825/tools/compiler/bin/../lib/gcc/arm-none-eabi/7.3.1/../../../../arm-none-eabi/lib/thumb/v7e-m/fpv5/hard/libc_nano.a(lib_a-reent.o)
                0x0000000020000480                errno
                0x0000000020000484                . = ALIGN (0x4)
                0x0000000020000484                _ebss = .
                0x0000000020000484                __bss_end__ = _ebss

._user_heap_stack
                0x0000000020000484      0x604 load address 0x00000000080092c0
                0x0000000020000488                . = ALIGN (0x8)
 *fill*         0x0000000020000484        0x4 
                0x0000000020000488                PROVIDE (end = .)
                [!provide]                        PROVIDE (_end = .)
                0x0000000020000688                . = (. + _Min_Heap_Size)
 *fill*         0x0000000020000488      0x200 
                0x0000000020000a88                . = (. + _Min_Stack_Size)
 *fill*         0x0000000020000688      0x400 
                0x0000000020000a88                . = ALIGN (0x8)

/DISCARD/
 libc.a(*)
 libm.a(*)
 libgcc.a(*)

.ARM.attributes
                0x0000000000000000       0x2e
 *(.ARM.attributes)
 .ARM.attributes
                0x0000000000000000       0x20 /home/zhonx/.opt/AC6/plugins/fr.ac6.mcu.externaltools.arm-none.linux64_1.17.0.201812190825/tools/compiler/bin/../lib/gcc/arm-none-eabi/7.3.1/thumb/v7e-m/fpv5/hard/crti.o
 .ARM.attributes
                0x0000000000000020       0x32 /home/zhonx/.opt/AC6/plugins/fr.ac6.mcu.externaltools.arm-none.linux64_1.17.0.201812190825/tools/compiler/bin/../lib/gcc/arm-none-eabi/7.3.1/thumb/v7e-m/fpv5/hard/crtbegin.o
 .ARM.attributes
                0x0000000000000052       0x37 Core/Src/adc.o
 .ARM.attributes
                0x0000000000000089       0x37 Core/Src/dma.o
 .ARM.attributes
                0x00000000000000c0       0x37 Core/Src/gpio.o
 .ARM.attributes
                0x00000000000000f7       0x37 Core/Src/main.o
 .ARM.attributes
                0x000000000000012e       0x37 Core/Src/spi.o
 .ARM.attributes
                0x0000000000000165       0x37 Core/Src/stm32h7xx_hal_msp.o
 .ARM.attributes
                0x000000000000019c       0x37 Core/Src/stm32h7xx_it.o
 .ARM.attributes
                0x00000000000001d3       0x37 Core/Src/syscalls.o
 .ARM.attributes
                0x000000000000020a       0x37 Core/Src/system_stm32h7xx.o
 .ARM.attributes
                0x0000000000000241       0x37 Core/Src/tim.o
 .ARM.attributes
                0x0000000000000278       0x37 Core/Src/usart.o
 .ARM.attributes
                0x00000000000002af       0x37 Drivers/STM32H7xx_HAL_Driver/Src/stm32h7xx_hal.o
 .ARM.attributes
                0x00000000000002e6       0x37 Drivers/STM32H7xx_HAL_Driver/Src/stm32h7xx_hal_adc.o
 .ARM.attributes
                0x000000000000031d       0x37 Drivers/STM32H7xx_HAL_Driver/Src/stm32h7xx_hal_adc_ex.o
 .ARM.attributes
                0x0000000000000354       0x37 Drivers/STM32H7xx_HAL_Driver/Src/stm32h7xx_hal_cortex.o
 .ARM.attributes
                0x000000000000038b       0x37 Drivers/STM32H7xx_HAL_Driver/Src/stm32h7xx_hal_dma.o
 .ARM.attributes
                0x00000000000003c2       0x37 Drivers/STM32H7xx_HAL_Driver/Src/stm32h7xx_hal_gpio.o
 .ARM.attributes
                0x00000000000003f9       0x37 Drivers/STM32H7xx_HAL_Driver/Src/stm32h7xx_hal_pwr_ex.o
 .ARM.attributes
                0x0000000000000430       0x37 Drivers/STM32H7xx_HAL_Driver/Src/stm32h7xx_hal_rcc.o
 .ARM.attributes
                0x0000000000000467       0x37 Drivers/STM32H7xx_HAL_Driver/Src/stm32h7xx_hal_rcc_ex.o
 .ARM.attributes
                0x000000000000049e       0x37 Drivers/STM32H7xx_HAL_Driver/Src/stm32h7xx_hal_spi.o
 .ARM.attributes
                0x00000000000004d5       0x37 Drivers/STM32H7xx_HAL_Driver/Src/stm32h7xx_hal_tim.o
 .ARM.attributes
                0x000000000000050c       0x37 Drivers/STM32H7xx_HAL_Driver/Src/stm32h7xx_hal_tim_ex.o
 .ARM.attributes
                0x0000000000000543       0x37 Drivers/STM32H7xx_HAL_Driver/Src/stm32h7xx_hal_uart.o
 .ARM.attributes
                0x000000000000057a       0x37 Drivers/STM32H7xx_HAL_Driver/Src/stm32h7xx_hal_uart_ex.o
 .ARM.attributes
                0x00000000000005b1       0x37 Peripheral/Src/aesm-4096.o
 .ARM.attributes
                0x00000000000005e8       0x37 Peripheral/Src/bldc.o
 .ARM.attributes
                0x000000000000061f       0x21 startup/startup_stm32h743xx.o
 .ARM.attributes
                0x0000000000000640       0x20 /home/zhonx/.opt/AC6/plugins/fr.ac6.mcu.externaltools.arm-none.linux64_1.17.0.201812190825/tools/compiler/bin/../lib/gcc/arm-none-eabi/7.3.1/thumb/v7e-m/fpv5/hard/libgcc.a(_aeabi_uldivmod.o)
 .ARM.attributes
                0x0000000000000660       0x32 /home/zhonx/.opt/AC6/plugins/fr.ac6.mcu.externaltools.arm-none.linux64_1.17.0.201812190825/tools/compiler/bin/../lib/gcc/arm-none-eabi/7.3.1/thumb/v7e-m/fpv5/hard/libgcc.a(_udivmoddi4.o)
 .ARM.attributes
                0x0000000000000692       0x20 /home/zhonx/.opt/AC6/plugins/fr.ac6.mcu.externaltools.arm-none.linux64_1.17.0.201812190825/tools/compiler/bin/../lib/gcc/arm-none-eabi/7.3.1/thumb/v7e-m/fpv5/hard/libgcc.a(_dvmd_tls.o)
 .ARM.attributes
                0x00000000000006b2       0x32 /home/zhonx/.opt/AC6/plugins/fr.ac6.mcu.externaltools.arm-none.linux64_1.17.0.201812190825/tools/compiler/bin/../lib/gcc/arm-none-eabi/7.3.1/../../../../arm-none-eabi/lib/thumb/v7e-m/fpv5/hard/libc_nano.a(lib_a-errno.o)
 .ARM.attributes
                0x00000000000006e4       0x32 /home/zhonx/.opt/AC6/plugins/fr.ac6.mcu.externaltools.arm-none.linux64_1.17.0.201812190825/tools/compiler/bin/../lib/gcc/arm-none-eabi/7.3.1/../../../../arm-none-eabi/lib/thumb/v7e-m/fpv5/hard/libc_nano.a(lib_a-impure.o)
 .ARM.attributes
                0x0000000000000716       0x32 /home/zhonx/.opt/AC6/plugins/fr.ac6.mcu.externaltools.arm-none.linux64_1.17.0.201812190825/tools/compiler/bin/../lib/gcc/arm-none-eabi/7.3.1/../../../../arm-none-eabi/lib/thumb/v7e-m/fpv5/hard/libc_nano.a(lib_a-init.o)
 .ARM.attributes
                0x0000000000000748       0x32 /home/zhonx/.opt/AC6/plugins/fr.ac6.mcu.externaltools.arm-none.linux64_1.17.0.201812190825/tools/compiler/bin/../lib/gcc/arm-none-eabi/7.3.1/../../../../arm-none-eabi/lib/thumb/v7e-m/fpv5/hard/libc_nano.a(lib_a-memset.o)
 .ARM.attributes
                0x000000000000077a       0x32 /home/zhonx/.opt/AC6/plugins/fr.ac6.mcu.externaltools.arm-none.linux64_1.17.0.201812190825/tools/compiler/bin/../lib/gcc/arm-none-eabi/7.3.1/../../../../arm-none-eabi/lib/thumb/v7e-m/fpv5/hard/libc_nano.a(lib_a-printf.o)
 .ARM.attributes
                0x00000000000007ac       0x32 /home/zhonx/.opt/AC6/plugins/fr.ac6.mcu.externaltools.arm-none.linux64_1.17.0.201812190825/tools/compiler/bin/../lib/gcc/arm-none-eabi/7.3.1/../../../../arm-none-eabi/lib/thumb/v7e-m/fpv5/hard/libc_nano.a(lib_a-findfp.o)
 .ARM.attributes
                0x00000000000007de       0x32 /home/zhonx/.opt/AC6/plugins/fr.ac6.mcu.externaltools.arm-none.linux64_1.17.0.201812190825/tools/compiler/bin/../lib/gcc/arm-none-eabi/7.3.1/../../../../arm-none-eabi/lib/thumb/v7e-m/fpv5/hard/libc_nano.a(lib_a-fwalk.o)
 .ARM.attributes
                0x0000000000000810       0x32 /home/zhonx/.opt/AC6/plugins/fr.ac6.mcu.externaltools.arm-none.linux64_1.17.0.201812190825/tools/compiler/bin/../lib/gcc/arm-none-eabi/7.3.1/../../../../arm-none-eabi/lib/thumb/v7e-m/fpv5/hard/libc_nano.a(lib_a-nano-mallocr.o)
 .ARM.attributes
                0x0000000000000842       0x32 /home/zhonx/.opt/AC6/plugins/fr.ac6.mcu.externaltools.arm-none.linux64_1.17.0.201812190825/tools/compiler/bin/../lib/gcc/arm-none-eabi/7.3.1/../../../../arm-none-eabi/lib/thumb/v7e-m/fpv5/hard/libc_nano.a(lib_a-nano-vfprintf.o)
 .ARM.attributes
                0x0000000000000874       0x32 /home/zhonx/.opt/AC6/plugins/fr.ac6.mcu.externaltools.arm-none.linux64_1.17.0.201812190825/tools/compiler/bin/../lib/gcc/arm-none-eabi/7.3.1/../../../../arm-none-eabi/lib/thumb/v7e-m/fpv5/hard/libc_nano.a(lib_a-nano-vfprintf_i.o)
 .ARM.attributes
                0x00000000000008a6       0x32 /home/zhonx/.opt/AC6/plugins/fr.ac6.mcu.externaltools.arm-none.linux64_1.17.0.201812190825/tools/compiler/bin/../lib/gcc/arm-none-eabi/7.3.1/../../../../arm-none-eabi/lib/thumb/v7e-m/fpv5/hard/libc_nano.a(lib_a-sbrkr.o)
 .ARM.attributes
                0x00000000000008d8       0x32 /home/zhonx/.opt/AC6/plugins/fr.ac6.mcu.externaltools.arm-none.linux64_1.17.0.201812190825/tools/compiler/bin/../lib/gcc/arm-none-eabi/7.3.1/../../../../arm-none-eabi/lib/thumb/v7e-m/fpv5/hard/libc_nano.a(lib_a-stdio.o)
 .ARM.attributes
                0x000000000000090a       0x32 /home/zhonx/.opt/AC6/plugins/fr.ac6.mcu.externaltools.arm-none.linux64_1.17.0.201812190825/tools/compiler/bin/../lib/gcc/arm-none-eabi/7.3.1/../../../../arm-none-eabi/lib/thumb/v7e-m/fpv5/hard/libc_nano.a(lib_a-wbuf.o)
 .ARM.attributes
                0x000000000000093c       0x32 /home/zhonx/.opt/AC6/plugins/fr.ac6.mcu.externaltools.arm-none.linux64_1.17.0.201812190825/tools/compiler/bin/../lib/gcc/arm-none-eabi/7.3.1/../../../../arm-none-eabi/lib/thumb/v7e-m/fpv5/hard/libc_nano.a(lib_a-writer.o)
 .ARM.attributes
                0x000000000000096e       0x32 /home/zhonx/.opt/AC6/plugins/fr.ac6.mcu.externaltools.arm-none.linux64_1.17.0.201812190825/tools/compiler/bin/../lib/gcc/arm-none-eabi/7.3.1/../../../../arm-none-eabi/lib/thumb/v7e-m/fpv5/hard/libc_nano.a(lib_a-wsetup.o)
 .ARM.attributes
                0x00000000000009a0       0x32 /home/zhonx/.opt/AC6/plugins/fr.ac6.mcu.externaltools.arm-none.linux64_1.17.0.201812190825/tools/compiler/bin/../lib/gcc/arm-none-eabi/7.3.1/../../../../arm-none-eabi/lib/thumb/v7e-m/fpv5/hard/libc_nano.a(lib_a-closer.o)
 .ARM.attributes
                0x00000000000009d2       0x32 /home/zhonx/.opt/AC6/plugins/fr.ac6.mcu.externaltools.arm-none.linux64_1.17.0.201812190825/tools/compiler/bin/../lib/gcc/arm-none-eabi/7.3.1/../../../../arm-none-eabi/lib/thumb/v7e-m/fpv5/hard/libc_nano.a(lib_a-fflush.o)
 .ARM.attributes
                0x0000000000000a04       0x32 /home/zhonx/.opt/AC6/plugins/fr.ac6.mcu.externaltools.arm-none.linux64_1.17.0.201812190825/tools/compiler/bin/../lib/gcc/arm-none-eabi/7.3.1/../../../../arm-none-eabi/lib/thumb/v7e-m/fpv5/hard/libc_nano.a(lib_a-lseekr.o)
 .ARM.attributes
                0x0000000000000a36       0x32 /home/zhonx/.opt/AC6/plugins/fr.ac6.mcu.externaltools.arm-none.linux64_1.17.0.201812190825/tools/compiler/bin/../lib/gcc/arm-none-eabi/7.3.1/../../../../arm-none-eabi/lib/thumb/v7e-m/fpv5/hard/libc_nano.a(lib_a-makebuf.o)
 .ARM.attributes
                0x0000000000000a68       0x1e /home/zhonx/.opt/AC6/plugins/fr.ac6.mcu.externaltools.arm-none.linux64_1.17.0.201812190825/tools/compiler/bin/../lib/gcc/arm-none-eabi/7.3.1/../../../../arm-none-eabi/lib/thumb/v7e-m/fpv5/hard/libc_nano.a(lib_a-memchr.o)
 .ARM.attributes
                0x0000000000000a86       0x32 /home/zhonx/.opt/AC6/plugins/fr.ac6.mcu.externaltools.arm-none.linux64_1.17.0.201812190825/tools/compiler/bin/../lib/gcc/arm-none-eabi/7.3.1/../../../../arm-none-eabi/lib/thumb/v7e-m/fpv5/hard/libc_nano.a(lib_a-mlock.o)
 .ARM.attributes
                0x0000000000000ab8       0x32 /home/zhonx/.opt/AC6/plugins/fr.ac6.mcu.externaltools.arm-none.linux64_1.17.0.201812190825/tools/compiler/bin/../lib/gcc/arm-none-eabi/7.3.1/../../../../arm-none-eabi/lib/thumb/v7e-m/fpv5/hard/libc_nano.a(lib_a-nano-freer.o)
 .ARM.attributes
                0x0000000000000aea       0x32 /home/zhonx/.opt/AC6/plugins/fr.ac6.mcu.externaltools.arm-none.linux64_1.17.0.201812190825/tools/compiler/bin/../lib/gcc/arm-none-eabi/7.3.1/../../../../arm-none-eabi/lib/thumb/v7e-m/fpv5/hard/libc_nano.a(lib_a-readr.o)
 .ARM.attributes
                0x0000000000000b1c       0x32 /home/zhonx/.opt/AC6/plugins/fr.ac6.mcu.externaltools.arm-none.linux64_1.17.0.201812190825/tools/compiler/bin/../lib/gcc/arm-none-eabi/7.3.1/../../../../arm-none-eabi/lib/thumb/v7e-m/fpv5/hard/libc_nano.a(lib_a-reent.o)
 .ARM.attributes
                0x0000000000000b4e       0x32 /home/zhonx/.opt/AC6/plugins/fr.ac6.mcu.externaltools.arm-none.linux64_1.17.0.201812190825/tools/compiler/bin/../lib/gcc/arm-none-eabi/7.3.1/../../../../arm-none-eabi/lib/thumb/v7e-m/fpv5/hard/libc_nano.a(lib_a-fstatr.o)
 .ARM.attributes
                0x0000000000000b80       0x32 /home/zhonx/.opt/AC6/plugins/fr.ac6.mcu.externaltools.arm-none.linux64_1.17.0.201812190825/tools/compiler/bin/../lib/gcc/arm-none-eabi/7.3.1/../../../../arm-none-eabi/lib/thumb/v7e-m/fpv5/hard/libc_nano.a(lib_a-isattyr.o)
 .ARM.attributes
                0x0000000000000bb2       0x20 /home/zhonx/.opt/AC6/plugins/fr.ac6.mcu.externaltools.arm-none.linux64_1.17.0.201812190825/tools/compiler/bin/../lib/gcc/arm-none-eabi/7.3.1/thumb/v7e-m/fpv5/hard/crtn.o
OUTPUT(BLDC.elf elf32-littlearm)

.debug_info     0x0000000000000000    0x3114b
 .debug_info    0x0000000000000000     0x18a8 Core/Src/adc.o
 .debug_info    0x00000000000018a8     0x11e0 Core/Src/dma.o
 .debug_info    0x0000000000002a88     0x14f6 Core/Src/gpio.o
 .debug_info    0x0000000000003f7e     0x2d36 Core/Src/main.o
 .debug_info    0x0000000000006cb4     0x1b2d Core/Src/spi.o
 .debug_info    0x00000000000087e1      0xe0e Core/Src/stm32h7xx_hal_msp.o
 .debug_info    0x00000000000095ef     0x1568 Core/Src/stm32h7xx_it.o
 .debug_info    0x000000000000ab57      0xfd3 Core/Src/syscalls.o
 .debug_info    0x000000000000bb2a     0x12e5 Core/Src/system_stm32h7xx.o
 .debug_info    0x000000000000ce0f     0x20d9 Core/Src/tim.o
 .debug_info    0x000000000000eee8     0x16af Core/Src/usart.o
 .debug_info    0x0000000000010597     0x1e76 Drivers/STM32H7xx_HAL_Driver/Src/stm32h7xx_hal.o
 .debug_info    0x000000000001240d     0x324e Drivers/STM32H7xx_HAL_Driver/Src/stm32h7xx_hal_adc.o
 .debug_info    0x000000000001565b     0x31eb Drivers/STM32H7xx_HAL_Driver/Src/stm32h7xx_hal_adc_ex.o
 .debug_info    0x0000000000018846     0x1b8f Drivers/STM32H7xx_HAL_Driver/Src/stm32h7xx_hal_cortex.o
 .debug_info    0x000000000001a3d5     0x16ed Drivers/STM32H7xx_HAL_Driver/Src/stm32h7xx_hal_dma.o
 .debug_info    0x000000000001bac2     0x1608 Drivers/STM32H7xx_HAL_Driver/Src/stm32h7xx_hal_gpio.o
 .debug_info    0x000000000001d0ca     0x17de Drivers/STM32H7xx_HAL_Driver/Src/stm32h7xx_hal_pwr_ex.o
 .debug_info    0x000000000001e8a8     0x19e9 Drivers/STM32H7xx_HAL_Driver/Src/stm32h7xx_hal_rcc.o
 .debug_info    0x0000000000020291     0x1eb7 Drivers/STM32H7xx_HAL_Driver/Src/stm32h7xx_hal_rcc_ex.o
 .debug_info    0x0000000000022148     0x21f2 Drivers/STM32H7xx_HAL_Driver/Src/stm32h7xx_hal_spi.o
 .debug_info    0x000000000002433a     0x3dc3 Drivers/STM32H7xx_HAL_Driver/Src/stm32h7xx_hal_tim.o
 .debug_info    0x00000000000280fd     0x2068 Drivers/STM32H7xx_HAL_Driver/Src/stm32h7xx_hal_tim_ex.o
 .debug_info    0x000000000002a165     0x2a93 Drivers/STM32H7xx_HAL_Driver/Src/stm32h7xx_hal_uart.o
 .debug_info    0x000000000002cbf8     0x156a Drivers/STM32H7xx_HAL_Driver/Src/stm32h7xx_hal_uart_ex.o
 .debug_info    0x000000000002e162     0x15b2 Peripheral/Src/aesm-4096.o
 .debug_info    0x000000000002f714     0x1a15 Peripheral/Src/bldc.o
 .debug_info    0x0000000000031129       0x22 startup/startup_stm32h743xx.o

.debug_abbrev   0x0000000000000000     0x4f1f
 .debug_abbrev  0x0000000000000000      0x28c Core/Src/adc.o
 .debug_abbrev  0x000000000000028c      0x254 Core/Src/dma.o
 .debug_abbrev  0x00000000000004e0      0x254 Core/Src/gpio.o
 .debug_abbrev  0x0000000000000734      0x354 Core/Src/main.o
 .debug_abbrev  0x0000000000000a88      0x29d Core/Src/spi.o
 .debug_abbrev  0x0000000000000d25      0x21b Core/Src/stm32h7xx_hal_msp.o
 .debug_abbrev  0x0000000000000f40      0x26e Core/Src/stm32h7xx_it.o
 .debug_abbrev  0x00000000000011ae      0x2d4 Core/Src/syscalls.o
 .debug_abbrev  0x0000000000001482      0x248 Core/Src/system_stm32h7xx.o
 .debug_abbrev  0x00000000000016ca      0x2d9 Core/Src/tim.o
 .debug_abbrev  0x00000000000019a3      0x28c Core/Src/usart.o
 .debug_abbrev  0x0000000000001c2f      0x321 Drivers/STM32H7xx_HAL_Driver/Src/stm32h7xx_hal.o
 .debug_abbrev  0x0000000000001f50      0x353 Drivers/STM32H7xx_HAL_Driver/Src/stm32h7xx_hal_adc.o
 .debug_abbrev  0x00000000000022a3      0x3cf Drivers/STM32H7xx_HAL_Driver/Src/stm32h7xx_hal_adc_ex.o
 .debug_abbrev  0x0000000000002672      0x3f8 Drivers/STM32H7xx_HAL_Driver/Src/stm32h7xx_hal_cortex.o
 .debug_abbrev  0x0000000000002a6a      0x326 Drivers/STM32H7xx_HAL_Driver/Src/stm32h7xx_hal_dma.o
 .debug_abbrev  0x0000000000002d90      0x2f4 Drivers/STM32H7xx_HAL_Driver/Src/stm32h7xx_hal_gpio.o
 .debug_abbrev  0x0000000000003084      0x381 Drivers/STM32H7xx_HAL_Driver/Src/stm32h7xx_hal_pwr_ex.o
 .debug_abbrev  0x0000000000003405      0x310 Drivers/STM32H7xx_HAL_Driver/Src/stm32h7xx_hal_rcc.o
 .debug_abbrev  0x0000000000003715      0x327 Drivers/STM32H7xx_HAL_Driver/Src/stm32h7xx_hal_rcc_ex.o
 .debug_abbrev  0x0000000000003a3c      0x31f Drivers/STM32H7xx_HAL_Driver/Src/stm32h7xx_hal_spi.o
 .debug_abbrev  0x0000000000003d5b      0x2eb Drivers/STM32H7xx_HAL_Driver/Src/stm32h7xx_hal_tim.o
 .debug_abbrev  0x0000000000004046      0x2fc Drivers/STM32H7xx_HAL_Driver/Src/stm32h7xx_hal_tim_ex.o
 .debug_abbrev  0x0000000000004342      0x31f Drivers/STM32H7xx_HAL_Driver/Src/stm32h7xx_hal_uart.o
 .debug_abbrev  0x0000000000004661      0x2eb Drivers/STM32H7xx_HAL_Driver/Src/stm32h7xx_hal_uart_ex.o
 .debug_abbrev  0x000000000000494c      0x2dc Peripheral/Src/aesm-4096.o
 .debug_abbrev  0x0000000000004c28      0x2e5 Peripheral/Src/bldc.o
 .debug_abbrev  0x0000000000004f0d       0x12 startup/startup_stm32h743xx.o

.debug_loc      0x0000000000000000    0x10ae7
 .debug_loc     0x0000000000000000       0x74 Core/Src/adc.o
 .debug_loc     0x0000000000000074       0x64 Core/Src/main.o
 .debug_loc     0x00000000000000d8       0x63 Core/Src/spi.o
 .debug_loc     0x000000000000013b      0x3af Core/Src/syscalls.o
 .debug_loc     0x00000000000004ea      0x10c Core/Src/system_stm32h7xx.o
 .debug_loc     0x00000000000005f6      0x13b Core/Src/tim.o
 .debug_loc     0x0000000000000731       0x74 Core/Src/usart.o
 .debug_loc     0x00000000000007a5      0x400 Drivers/STM32H7xx_HAL_Driver/Src/stm32h7xx_hal.o
 .debug_loc     0x0000000000000ba5     0x1d07 Drivers/STM32H7xx_HAL_Driver/Src/stm32h7xx_hal_adc.o
 .debug_loc     0x00000000000028ac     0x1e9f Drivers/STM32H7xx_HAL_Driver/Src/stm32h7xx_hal_adc_ex.o
 .debug_loc     0x000000000000474b      0x5ac Drivers/STM32H7xx_HAL_Driver/Src/stm32h7xx_hal_cortex.o
 .debug_loc     0x0000000000004cf7      0xcfd Drivers/STM32H7xx_HAL_Driver/Src/stm32h7xx_hal_dma.o
 .debug_loc     0x00000000000059f4      0x351 Drivers/STM32H7xx_HAL_Driver/Src/stm32h7xx_hal_gpio.o
 .debug_loc     0x0000000000005d45      0x2ba Drivers/STM32H7xx_HAL_Driver/Src/stm32h7xx_hal_pwr_ex.o
 .debug_loc     0x0000000000005fff      0x596 Drivers/STM32H7xx_HAL_Driver/Src/stm32h7xx_hal_rcc.o
 .debug_loc     0x0000000000006595     0x1353 Drivers/STM32H7xx_HAL_Driver/Src/stm32h7xx_hal_rcc_ex.o
 .debug_loc     0x00000000000078e8     0x1857 Drivers/STM32H7xx_HAL_Driver/Src/stm32h7xx_hal_spi.o
 .debug_loc     0x000000000000913f     0x3c64 Drivers/STM32H7xx_HAL_Driver/Src/stm32h7xx_hal_tim.o
 .debug_loc     0x000000000000cda3     0x1a11 Drivers/STM32H7xx_HAL_Driver/Src/stm32h7xx_hal_tim_ex.o
 .debug_loc     0x000000000000e7b4     0x1cd7 Drivers/STM32H7xx_HAL_Driver/Src/stm32h7xx_hal_uart.o
 .debug_loc     0x000000000001048b      0x4bb Drivers/STM32H7xx_HAL_Driver/Src/stm32h7xx_hal_uart_ex.o
 .debug_loc     0x0000000000010946       0xf8 Peripheral/Src/aesm-4096.o
 .debug_loc     0x0000000000010a3e       0xa9 Peripheral/Src/bldc.o

.debug_aranges  0x0000000000000000     0x1510
 .debug_aranges
                0x0000000000000000       0x30 Core/Src/adc.o
 .debug_aranges
                0x0000000000000030       0x20 Core/Src/dma.o
 .debug_aranges
                0x0000000000000050       0x20 Core/Src/gpio.o
 .debug_aranges
                0x0000000000000070       0x30 Core/Src/main.o
 .debug_aranges
                0x00000000000000a0       0x30 Core/Src/spi.o
 .debug_aranges
                0x00000000000000d0       0x20 Core/Src/stm32h7xx_hal_msp.o
 .debug_aranges
                0x00000000000000f0       0x98 Core/Src/stm32h7xx_it.o
 .debug_aranges
                0x0000000000000188       0xb0 Core/Src/syscalls.o
 .debug_aranges
                0x0000000000000238       0x28 Core/Src/system_stm32h7xx.o
 .debug_aranges
                0x0000000000000260       0x58 Core/Src/tim.o
 .debug_aranges
                0x00000000000002b8       0x30 Core/Src/usart.o
 .debug_aranges
                0x00000000000002e8      0x1a0 Drivers/STM32H7xx_HAL_Driver/Src/stm32h7xx_hal.o
 .debug_aranges
                0x0000000000000488      0x100 Drivers/STM32H7xx_HAL_Driver/Src/stm32h7xx_hal_adc.o
 .debug_aranges
                0x0000000000000588      0x100 Drivers/STM32H7xx_HAL_Driver/Src/stm32h7xx_hal_adc_ex.o
 .debug_aranges
                0x0000000000000688       0xb0 Drivers/STM32H7xx_HAL_Driver/Src/stm32h7xx_hal_cortex.o
 .debug_aranges
                0x0000000000000738       0xa0 Drivers/STM32H7xx_HAL_Driver/Src/stm32h7xx_hal_dma.o
 .debug_aranges
                0x00000000000007d8       0x58 Drivers/STM32H7xx_HAL_Driver/Src/stm32h7xx_hal_gpio.o
 .debug_aranges
                0x0000000000000830      0x158 Drivers/STM32H7xx_HAL_Driver/Src/stm32h7xx_hal_pwr_ex.o
 .debug_aranges
                0x0000000000000988       0x88 Drivers/STM32H7xx_HAL_Driver/Src/stm32h7xx_hal_rcc.o
 .debug_aranges
                0x0000000000000a10       0xe0 Drivers/STM32H7xx_HAL_Driver/Src/stm32h7xx_hal_rcc_ex.o
 .debug_aranges
                0x0000000000000af0      0x1a0 Drivers/STM32H7xx_HAL_Driver/Src/stm32h7xx_hal_spi.o
 .debug_aranges
                0x0000000000000c90      0x3c8 Drivers/STM32H7xx_HAL_Driver/Src/stm32h7xx_hal_tim.o
 .debug_aranges
                0x0000000000001058      0x170 Drivers/STM32H7xx_HAL_Driver/Src/stm32h7xx_hal_tim_ex.o
 .debug_aranges
                0x00000000000011c8      0x218 Drivers/STM32H7xx_HAL_Driver/Src/stm32h7xx_hal_uart.o
 .debug_aranges
                0x00000000000013e0       0x88 Drivers/STM32H7xx_HAL_Driver/Src/stm32h7xx_hal_uart_ex.o
 .debug_aranges
                0x0000000000001468       0x40 Peripheral/Src/aesm-4096.o
 .debug_aranges
                0x00000000000014a8       0x40 Peripheral/Src/bldc.o
 .debug_aranges
                0x00000000000014e8       0x28 startup/startup_stm32h743xx.o

.debug_ranges   0x0000000000000000     0x18a8
 .debug_ranges  0x0000000000000000       0x20 Core/Src/adc.o
 .debug_ranges  0x0000000000000020       0x10 Core/Src/dma.o
 .debug_ranges  0x0000000000000030       0x10 Core/Src/gpio.o
 .debug_ranges  0x0000000000000040       0x38 Core/Src/main.o
 .debug_ranges  0x0000000000000078       0x20 Core/Src/spi.o
 .debug_ranges  0x0000000000000098       0x10 Core/Src/stm32h7xx_hal_msp.o
 .debug_ranges  0x00000000000000a8       0x88 Core/Src/stm32h7xx_it.o
 .debug_ranges  0x0000000000000130       0xa0 Core/Src/syscalls.o
 .debug_ranges  0x00000000000001d0       0x18 Core/Src/system_stm32h7xx.o
 .debug_ranges  0x00000000000001e8       0x48 Core/Src/tim.o
 .debug_ranges  0x0000000000000230       0x20 Core/Src/usart.o
 .debug_ranges  0x0000000000000250      0x190 Drivers/STM32H7xx_HAL_Driver/Src/stm32h7xx_hal.o
 .debug_ranges  0x00000000000003e0      0x308 Drivers/STM32H7xx_HAL_Driver/Src/stm32h7xx_hal_adc.o
 .debug_ranges  0x00000000000006e8      0x330 Drivers/STM32H7xx_HAL_Driver/Src/stm32h7xx_hal_adc_ex.o
 .debug_ranges  0x0000000000000a18      0x100 Drivers/STM32H7xx_HAL_Driver/Src/stm32h7xx_hal_cortex.o
 .debug_ranges  0x0000000000000b18       0xa8 Drivers/STM32H7xx_HAL_Driver/Src/stm32h7xx_hal_dma.o
 .debug_ranges  0x0000000000000bc0       0x48 Drivers/STM32H7xx_HAL_Driver/Src/stm32h7xx_hal_gpio.o
 .debug_ranges  0x0000000000000c08      0x148 Drivers/STM32H7xx_HAL_Driver/Src/stm32h7xx_hal_pwr_ex.o
 .debug_ranges  0x0000000000000d50       0xe0 Drivers/STM32H7xx_HAL_Driver/Src/stm32h7xx_hal_rcc.o
 .debug_ranges  0x0000000000000e30       0xd0 Drivers/STM32H7xx_HAL_Driver/Src/stm32h7xx_hal_rcc_ex.o
 .debug_ranges  0x0000000000000f00      0x190 Drivers/STM32H7xx_HAL_Driver/Src/stm32h7xx_hal_spi.o
 .debug_ranges  0x0000000000001090      0x3b8 Drivers/STM32H7xx_HAL_Driver/Src/stm32h7xx_hal_tim.o
 .debug_ranges  0x0000000000001448      0x160 Drivers/STM32H7xx_HAL_Driver/Src/stm32h7xx_hal_tim_ex.o
 .debug_ranges  0x00000000000015a8      0x208 Drivers/STM32H7xx_HAL_Driver/Src/stm32h7xx_hal_uart.o
 .debug_ranges  0x00000000000017b0       0x78 Drivers/STM32H7xx_HAL_Driver/Src/stm32h7xx_hal_uart_ex.o
 .debug_ranges  0x0000000000001828       0x30 Peripheral/Src/aesm-4096.o
 .debug_ranges  0x0000000000001858       0x30 Peripheral/Src/bldc.o
 .debug_ranges  0x0000000000001888       0x20 startup/startup_stm32h743xx.o

.debug_macro    0x0000000000000000    0x3a311
 .debug_macro   0x0000000000000000      0x2ce Core/Src/adc.o
 .debug_macro   0x00000000000002ce      0xa6c Core/Src/adc.o
 .debug_macro   0x0000000000000d3a      0x1db Core/Src/adc.o
 .debug_macro   0x0000000000000f15       0x2e Core/Src/adc.o
 .debug_macro   0x0000000000000f43       0x3b Core/Src/adc.o
 .debug_macro   0x0000000000000f7e       0x22 Core/Src/adc.o
 .debug_macro   0x0000000000000fa0       0x8e Core/Src/adc.o
 .debug_macro   0x000000000000102e       0x51 Core/Src/adc.o
 .debug_macro   0x000000000000107f       0xef Core/Src/adc.o
 .debug_macro   0x000000000000116e       0x6a Core/Src/adc.o
 .debug_macro   0x00000000000011d8      0x1df Core/Src/adc.o
 .debug_macro   0x00000000000013b7       0x22 Core/Src/adc.o
 .debug_macro   0x00000000000013d9       0xaf Core/Src/adc.o
 .debug_macro   0x0000000000001488     0x128e Core/Src/adc.o
 .debug_macro   0x0000000000002716    0x250d0 Core/Src/adc.o
 .debug_macro   0x00000000000277e6       0x43 Core/Src/adc.o
 .debug_macro   0x0000000000027829     0x38c7 Core/Src/adc.o
 .debug_macro   0x000000000002b0f0      0x174 Core/Src/adc.o
 .debug_macro   0x000000000002b264       0x5e Core/Src/adc.o
 .debug_macro   0x000000000002b2c2       0x17 Core/Src/adc.o
 .debug_macro   0x000000000002b2d9       0x35 Core/Src/adc.o
 .debug_macro   0x000000000002b30e       0x34 Core/Src/adc.o
 .debug_macro   0x000000000002b342       0x58 Core/Src/adc.o
 .debug_macro   0x000000000002b39a       0x1f Core/Src/adc.o
 .debug_macro   0x000000000002b3b9       0x43 Core/Src/adc.o
 .debug_macro   0x000000000002b3fc       0x20 Core/Src/adc.o
 .debug_macro   0x000000000002b41c      0x18e Core/Src/adc.o
 .debug_macro   0x000000000002b5aa      0x330 Core/Src/adc.o
 .debug_macro   0x000000000002b8da      0x1e1 Core/Src/adc.o
 .debug_macro   0x000000000002babb       0x4e Core/Src/adc.o
 .debug_macro   0x000000000002bb09     0x23dd Core/Src/adc.o
 .debug_macro   0x000000000002dee6      0xf3e Core/Src/adc.o
 .debug_macro   0x000000000002ee24      0x146 Core/Src/adc.o
 .debug_macro   0x000000000002ef6a      0x117 Core/Src/adc.o
 .debug_macro   0x000000000002f081      0x362 Core/Src/adc.o
 .debug_macro   0x000000000002f3e3       0x27 Core/Src/adc.o
 .debug_macro   0x000000000002f40a      0x72d Core/Src/adc.o
 .debug_macro   0x000000000002fb37      0x229 Core/Src/adc.o